Component: ARM Compiler 5.06 update 6 (build 750) Tool: armlink [4d35ed]

==============================================================================

Section Cross References

    startup_stm32f103xe.o(RESET) refers to startup_stm32f103xe.o(STACK) for __initial_sp
    startup_stm32f103xe.o(RESET) refers to startup_stm32f103xe.o(.text) for Reset_Handler
    startup_stm32f103xe.o(RESET) refers to stm32f1xx_it.o(i.NMI_Handler) for NMI_Handler
    startup_stm32f103xe.o(RESET) refers to stm32f1xx_it.o(i.HardFault_Handler) for HardFault_Handler
    startup_stm32f103xe.o(RESET) refers to stm32f1xx_it.o(i.MemManage_Handler) for MemManage_Handler
    startup_stm32f103xe.o(RESET) refers to stm32f1xx_it.o(i.BusFault_Handler) for BusFault_Handler
    startup_stm32f103xe.o(RESET) refers to stm32f1xx_it.o(i.UsageFault_Handler) for UsageFault_Handler
    startup_stm32f103xe.o(RESET) refers to stm32f1xx_it.o(i.SVC_Handler) for SVC_Handler
    startup_stm32f103xe.o(RESET) refers to stm32f1xx_it.o(i.DebugMon_Handler) for DebugMon_Handler
    startup_stm32f103xe.o(RESET) refers to stm32f1xx_it.o(i.PendSV_Handler) for PendSV_Handler
    startup_stm32f103xe.o(RESET) refers to stm32f1xx_it.o(i.SysTick_Handler) for SysTick_Handler
    startup_stm32f103xe.o(RESET) refers to tim.o(i.TIM2_IRQHandler) for TIM2_IRQHandler
    startup_stm32f103xe.o(RESET) refers to usart_1.o(i.USART1_IRQHandler) for USART1_IRQHandler
    startup_stm32f103xe.o(RESET) refers to usart_1.o(i.USART2_IRQHandler) for USART2_IRQHandler
    startup_stm32f103xe.o(.text) refers to system_stm32f1xx.o(i.SystemInit) for SystemInit
    startup_stm32f103xe.o(.text) refers to entry.o(.ARM.Collect$$$$00000000) for __main
    main.o(i.main) refers to stm32f1xx_hal.o(i.HAL_Init) for HAL_Init
    main.o(i.main) refers to sys.o(i.SystemClock_Config) for SystemClock_Config
    main.o(i.main) refers to delay.o(i.Hal_Delay_init) for Hal_Delay_init
    main.o(i.main) refers to led.o(i.Hal_Led_Init) for Hal_Led_Init
    main.o(i.main) refers to tim.o(i.Hal_TIM3_Pwm_Init) for Hal_TIM3_Pwm_Init
    main.o(i.main) refers to tim.o(i.Hal_TIM2_Init) for Hal_TIM2_Init
    main.o(i.main) refers to mpu6050.o(i.MPU_Init) for MPU_Init
    main.o(i.main) refers to pid.o(i.PIDParament_Init) for PIDParament_Init
    main.o(i.main) refers to hmilcd.o(i.Hmi_Send_Float) for Hmi_Send_Float
    main.o(i.main) refers to delay.o(i.Hal_Delay_ms) for Hal_Delay_ms
    main.o(i.main) refers to usart_1.o(.data) for Usart
    main.o(i.main) refers to pid.o(.bss) for pid
    stm32f1xx_it.o(i.SysTick_Handler) refers to stm32f1xx_hal.o(i.HAL_IncTick) for HAL_IncTick
    stm32f1xx_hal_msp.o(i.HAL_MspInit) refers to stm32f1xx_hal_cortex.o(i.HAL_NVIC_SetPriorityGrouping) for HAL_NVIC_SetPriorityGrouping
    sys.o(i.SystemClock_Config) refers to memseta.o(.text) for __aeabi_memclr4
    sys.o(i.SystemClock_Config) refers to stm32f1xx_hal_rcc.o(i.HAL_RCC_OscConfig) for HAL_RCC_OscConfig
    sys.o(i.SystemClock_Config) refers to stm32f1xx_hal_rcc.o(i.HAL_RCC_ClockConfig) for HAL_RCC_ClockConfig
    stm32f1xx_hal_i2c.o(i.HAL_I2C_DeInit) refers to stm32f1xx_hal_i2c.o(i.HAL_I2C_MspDeInit) for HAL_I2C_MspDeInit
    stm32f1xx_hal_i2c.o(i.HAL_I2C_ER_IRQHandler) refers to stm32f1xx_hal_i2c.o(i.I2C_Slave_AF) for I2C_Slave_AF
    stm32f1xx_hal_i2c.o(i.HAL_I2C_ER_IRQHandler) refers to stm32f1xx_hal_i2c.o(i.I2C_ITError) for I2C_ITError
    stm32f1xx_hal_i2c.o(i.HAL_I2C_EV_IRQHandler) refers to stm32f1xx_hal_i2c.o(i.I2C_Master_SB) for I2C_Master_SB
    stm32f1xx_hal_i2c.o(i.HAL_I2C_EV_IRQHandler) refers to stm32f1xx_hal_i2c.o(i.I2C_Master_ADDR) for I2C_Master_ADDR
    stm32f1xx_hal_i2c.o(i.HAL_I2C_EV_IRQHandler) refers to stm32f1xx_hal_i2c.o(i.I2C_MasterTransmit_TXE) for I2C_MasterTransmit_TXE
    stm32f1xx_hal_i2c.o(i.HAL_I2C_EV_IRQHandler) refers to stm32f1xx_hal_i2c.o(i.I2C_MemoryTransmit_TXE_BTF) for I2C_MemoryTransmit_TXE_BTF
    stm32f1xx_hal_i2c.o(i.HAL_I2C_EV_IRQHandler) refers to stm32f1xx_hal_i2c.o(i.I2C_MasterTransmit_BTF) for I2C_MasterTransmit_BTF
    stm32f1xx_hal_i2c.o(i.HAL_I2C_EV_IRQHandler) refers to stm32f1xx_hal_i2c.o(i.I2C_MasterReceive_RXNE) for I2C_MasterReceive_RXNE
    stm32f1xx_hal_i2c.o(i.HAL_I2C_EV_IRQHandler) refers to stm32f1xx_hal_i2c.o(i.I2C_MasterReceive_BTF) for I2C_MasterReceive_BTF
    stm32f1xx_hal_i2c.o(i.HAL_I2C_EV_IRQHandler) refers to stm32f1xx_hal_i2c.o(i.HAL_I2C_AddrCallback) for HAL_I2C_AddrCallback
    stm32f1xx_hal_i2c.o(i.HAL_I2C_EV_IRQHandler) refers to stm32f1xx_hal_i2c.o(i.I2C_Slave_STOPF) for I2C_Slave_STOPF
    stm32f1xx_hal_i2c.o(i.HAL_I2C_EV_IRQHandler) refers to stm32f1xx_hal_i2c.o(i.HAL_I2C_SlaveRxCpltCallback) for HAL_I2C_SlaveRxCpltCallback
    stm32f1xx_hal_i2c.o(i.HAL_I2C_EV_IRQHandler) refers to stm32f1xx_hal_i2c.o(i.HAL_I2C_SlaveTxCpltCallback) for HAL_I2C_SlaveTxCpltCallback
    stm32f1xx_hal_i2c.o(i.HAL_I2C_Init) refers to stm32f1xx_hal_i2c.o(i.HAL_I2C_MspInit) for HAL_I2C_MspInit
[...]
    Removing inv_mpu_dmp_motion_driver.o(i.dmp_set_shake_reject_time), (32 bytes).
    Removing inv_mpu_dmp_motion_driver.o(i.dmp_set_shake_reject_timeout), (32 bytes).
    Removing inv_mpu_dmp_motion_driver.o(i.dmp_set_tap_axes), (64 bytes).
    Removing inv_mpu_dmp_motion_driver.o(i.dmp_set_tap_count), (34 bytes).
    Removing inv_mpu_dmp_motion_driver.o(i.dmp_set_tap_thresh), (296 bytes).
    Removing inv_mpu_dmp_motion_driver.o(i.dmp_set_tap_time), (32 bytes).
    Removing inv_mpu_dmp_motion_driver.o(i.dmp_set_tap_time_multi), (32 bytes).
    Removing inv_mpu_dmp_motion_driver.o(.bss), (16 bytes).
    Removing inv_mpu_dmp_motion_driver.o(.constdata), (3062 bytes).
    Removing mpu6050.o(.rev16_text), (4 bytes).
    Removing mpu6050.o(.revsh_text), (4 bytes).
    Removing mpu6050.o(.rrx_text), (6 bytes).
    Removing mpu6050.o(i.MPU_Get_Accelerometer), (50 bytes).
    Removing mpu6050.o(i.MPU_Get_Gyroscope), (50 bytes).
    Removing mpu6050.o(i.MPU_Get_Temperature), (76 bytes).
    Removing mpu6050.o(i.MPU_Read_Len), (108 bytes).
    Removing mpu6050.o(i.MPU_Write_Len), (82 bytes).
    Removing mpuiic.o(.rev16_text), (4 bytes).
    Removing mpuiic.o(.revsh_text), (4 bytes).
    Removing mpuiic.o(.rrx_text), (6 bytes).
    Removing mpuiic.o(i.MPU_IIC_Delay), (6 bytes).
    Removing pid.o(.rev16_text), (4 bytes).
    Removing pid.o(.revsh_text), (4 bytes).
    Removing pid.o(.rrx_text), (6 bytes).
    Removing pid.o(.data), (2 bytes).
    Removing pid.o(.data), (4 bytes).
    Removing pid.o(.data), (4 bytes).
    Removing pid.o(.data), (4 bytes).
    Removing fdiv.o(.text), (124 bytes).
    Removing fflti.o(.text), (18 bytes).
    Removing ffltui.o(.text), (10 bytes).
    Removing dflti.o(.text), (34 bytes).
    Removing ffixui.o(.text), (40 bytes).
    Removing dscalb.o(.text), (46 bytes).
    Removing dsqrt.o(.text), (162 bytes).
    Removing cdcmple.o(.text), (48 bytes).

587 unused section(s) (total 55189 bytes) removed from the image.

==============================================================================

Image Symbol Table

    Local Symbols

    Symbol Name                              Value     Ov Type        Size  Object(Section)

    ../Drivers/STM32F1xx_HAL_Driver/Src/stm32f1xx_hal.c 0x00000000   Number         0  stm32f1xx_hal.o ABSOLUTE
    ../Drivers/STM32F1xx_HAL_Driver/Src/stm32f1xx_hal_cortex.c 0x00000000   Number         0  stm32f1xx_hal_cortex.o ABSOLUTE
    ../Drivers/STM32F1xx_HAL_Driver/Src/stm32f1xx_hal_dma.c 0x00000000   Number         0  stm32f1xx_hal_dma.o ABSOLUTE
    ../Drivers/STM32F1xx_HAL_Driver/Src/stm32f1xx_hal_exti.c 0x00000000   Number         0  stm32f1xx_hal_exti.o ABSOLUTE
    ../Drivers/STM32F1xx_HAL_Driver/Src/stm32f1xx_hal_flash.c 0x00000000   Number         0  stm32f1xx_hal_flash.o ABSOLUTE
    ../Drivers/STM32F1xx_HAL_Driver/Src/stm32f1xx_hal_flash_ex.c 0x00000000   Number         0  stm32f1xx_hal_flash_ex.o ABSOLUTE
    ../Drivers/STM32F1xx_HAL_Driver/Src/stm32f1xx_hal_gpio.c 0x00000000   Number         0  stm32f1xx_hal_gpio.o ABSOLUTE
    ../Drivers/STM32F1xx_HAL_Driver/Src/stm32f1xx_hal_gpio_ex.c 0x00000000   Number         0  stm32f1xx_hal_gpio_ex.o ABSOLUTE
    ../Drivers/STM32F1xx_HAL_Driver/Src/stm32f1xx_hal_i2c.c 0x00000000   Number         0  stm32f1xx_hal_i2c.o ABSOLUTE
    ../Drivers/STM32F1xx_HAL_Driver/Src/stm32f1xx_hal_pwr.c 0x00000000   Number         0  stm32f1xx_hal_pwr.o ABSOLUTE
    ../Drivers/STM32F1xx_HAL_Driver/Src/stm32f1xx_hal_rcc.c 0x00000000   Number         0  stm32f1xx_hal_rcc.o ABSOLUTE
    ../Drivers/STM32F1xx_HAL_Driver/Src/stm32f1xx_hal_rcc_ex.c 0x00000000   Number         0  stm32f1xx_hal_rcc_ex.o ABSOLUTE
    ../Drivers/STM32F1xx_HAL_Driver/Src/stm32f1xx_hal_tim.c 0x00000000   Number         0  stm32f1xx_hal_tim.o ABSOLUTE
    ../Drivers/STM32F1xx_HAL_Driver/Src/stm32f1xx_hal_tim_ex.c 0x00000000   Number         0  stm32f1xx_hal_tim_ex.o ABSOLUTE
    ../Drivers/STM32F1xx_HAL_Driver/Src/stm32f1xx_hal_uart.c 0x00000000   Number         0  stm32f1xx_hal_uart.o ABSOLUTE
    ../Src/main.c                            0x00000000   Number         0  main.o ABSOLUTE
    ../Src/stm32f1xx_hal_msp.c               0x00000000   Number         0  stm32f1xx_hal_msp.o ABSOLUTE
    ../Src/stm32f1xx_it.c                    0x00000000   Number         0  stm32f1xx_it.o ABSOLUTE
    ../Src/system_stm32f1xx.c                0x00000000   Number         0  system_stm32f1xx.o ABSOLUTE
    ../Src/tim.c                             0x00000000   Number         0  tim.o ABSOLUTE
    ../Src/usart.c                           0x00000000   Number         0  usart_1.o ABSOLUTE
    ../clib/microlib/ctype/ctype.c           0x00000000   Number         0  ctype_c.o ABSOLUTE
    ../clib/microlib/ctype/ctype.c           0x00000000   Number         0  isspace_c.o ABSOLUTE
    ../clib/microlib/division.c              0x00000000   Number         0  uldiv.o ABSOLUTE
    ../clib/microlib/division.c              0x00000000   Number         0  uidiv.o ABSOLUTE
    ../clib/microlib/division.c              0x00000000   Number         0  ldiv.o ABSOLUTE
    ../clib/microlib/errno.c                 0x00000000   Number         0  errno.o ABSOLUTE
    ../clib/microlib/init/entry.s            0x00000000   Number         0  entry2.o ABSOLUTE
    ../clib/microlib/init/entry.s            0x00000000   Number         0  entry7a.o ABSOLUTE
    ../clib/microlib/init/entry.s            0x00000000   Number         0  entry10a.o ABSOLUTE
    ../clib/microlib/init/entry.s            0x00000000   Number         0  entry5.o ABSOLUTE
    ../clib/microlib/init/entry.s            0x00000000   Number         0  entry9b.o ABSOLUTE
    ../clib/microlib/init/entry.s            0x00000000   Number         0  entry7b.o ABSOLUTE
    ../clib/microlib/init/entry.s            0x00000000   Number         0  entry9a.o ABSOLUTE
    ../clib/microlib/init/entry.s            0x00000000   Number         0  entry8b.o ABSOLUTE
    ../clib/microlib/init/entry.s            0x00000000   Number         0  entry8a.o ABSOLUTE
    ../clib/microlib/init/entry.s            0x00000000   Number         0  entry11a.o ABSOLUTE
    ../clib/microlib/init/entry.s            0x00000000   Number         0  entry.o ABSOLUTE
    ../clib/microlib/init/entry.s            0x00000000   Number         0  entry10b.o ABSOLUTE
    ../clib/microlib/init/entry.s            0x00000000   Number         0  entry11b.o ABSOLUTE
    ../clib/microlib/longlong.c              0x00000000   Number         0  llsshr.o ABSOLUTE
    ../clib/microlib/longlong.c              0x00000000   Number         0  llushr.o ABSOLUTE
    ../clib/microlib/longlong.c              0x00000000   Number         0  llshl.o ABSOLUTE
    ../clib/microlib/printf/printf.c         0x00000000   Number         0  printf8.o ABSOLUTE
    ../clib/microlib/printf/printf.c         0x00000000   Number         0  printfb.o ABSOLUTE
    ../clib/microlib/printf/printf.c         0x00000000   Number         0  printf0.o ABSOLUTE
    ../clib/microlib/printf/printf.c         0x00000000   Number         0  printfa.o ABSOLUTE
    ../clib/microlib/printf/printf.c         0x00000000   Number         0  printf3.o ABSOLUTE
    ../clib/microlib/printf/printf.c         0x00000000   Number         0  printf4.o ABSOLUTE
    ../clib/microlib/printf/printf.c         0x00000000   Number         0  printf5.o ABSOLUTE
    ../clib/microlib/printf/printf.c         0x00000000   Number         0  printf2.o ABSOLUTE
    ../clib/microlib/printf/printf.c         0x00000000   Number         0  printf6.o ABSOLUTE
    ../clib/microlib/printf/printf.c         0x00000000   Number         0  printf7.o ABSOLUTE
    ../clib/microlib/printf/printf.c         0x00000000   Number         0  printf1.o ABSOLUTE
    ../clib/microlib/printf/stubs.s          0x00000000   Number         0  stubs.o ABSOLUTE
    ../clib/microlib/stdio/fputc.c           0x00000000   Number         0  fputc.o ABSOLUTE
    ../clib/microlib/stdio/semi.s            0x00000000   Number         0  semi.o ABSOLUTE
    ../clib/microlib/stdio/streams.c         0x00000000   Number         0  stdout.o ABSOLUTE
    ../clib/microlib/string/memcmp.c         0x00000000   Number         0  memcmp.o ABSOLUTE
    ../clib/microlib/string/memcpy.c         0x00000000   Number         0  memcpyb.o ABSOLUTE
    ../clib/microlib/string/memcpy.c         0x00000000   Number         0  memcpya.o ABSOLUTE
    ../clib/microlib/string/memset.c         0x00000000   Number         0  memseta.o ABSOLUTE
    ../clib/microlib/string/strcat.c         0x00000000   Number         0  strcat.o ABSOLUTE
    ../clib/microlib/string/strcpy.c         0x00000000   Number         0  strcpy.o ABSOLUTE
    ../clib/microlib/string/strlen.c         0x00000000   Number         0  strlen.o ABSOLUTE
    ../clib/microlib/string/strncpy.c        0x00000000   Number         0  strncpy.o ABSOLUTE
    ../clib/microlib/string/strstr.c         0x00000000   Number         0  strstr.o ABSOLUTE
    ../clib/microlib/stubs.s                 0x00000000   Number         0  iusefp.o ABSOLUTE
    ../clib/microlib/stubs.s                 0x00000000   Number         0  iusesemip.o ABSOLUTE
    ../clib/scanf.c                          0x00000000   Number         0  scanf_fp.o ABSOLUTE
    ../clib/scanf.c                          0x00000000   Number         0  strtod.o ABSOLUTE
    ../clib/scanf.c                          0x00000000   Number         0  _sgetc.o ABSOLUTE
    ../fplib/microlib/d2f.c                  0x00000000   Number         0  d2f.o ABSOLUTE
    ../fplib/microlib/f2d.c                  0x00000000   Number         0  f2d.o ABSOLUTE
    ../fplib/microlib/fpadd.c                0x00000000   Number         0  fadd.o ABSOLUTE
    ../fplib/microlib/fpadd.c                0x00000000   Number         0  dadd.o ABSOLUTE
    ../fplib/microlib/fpdiv.c                0x00000000   Number         0  ddiv.o ABSOLUTE
    ../fplib/microlib/fpdiv.c                0x00000000   Number         0  fdiv.o ABSOLUTE
    ../fplib/microlib/fpepilogue.c           0x00000000   Number         0  fepilogue.o ABSOLUTE
    ../fplib/microlib/fpepilogue.c           0x00000000   Number         0  depilogue.o ABSOLUTE
    ../fplib/microlib/fpfix.c                0x00000000   Number         0  dfixul.o ABSOLUTE
    ../fplib/microlib/fpfix.c                0x00000000   Number         0  ffixui.o ABSOLUTE
    ../fplib/microlib/fpfix.c                0x00000000   Number         0  ffixi.o ABSOLUTE
    ../fplib/microlib/fpflt.c                0x00000000   Number         0  dfltul.o ABSOLUTE
    ../fplib/microlib/fpflt.c                0x00000000   Number         0  dflti.o ABSOLUTE
    ../fplib/microlib/fpflt.c                0x00000000   Number         0  ffltui.o ABSOLUTE
    ../fplib/microlib/fpflt.c                0x00000000   Number         0  fflti.o ABSOLUTE
    ../fplib/microlib/fpmul.c                0x00000000   Number         0  fmul.o ABSOLUTE
    ../fplib/microlib/fpmul.c                0x00000000   Number         0  dmul.o ABSOLUTE
    ../fplib/microlib/fpscalb.c              0x00000000   Number         0  dscalb.o ABSOLUTE
    ../fplib/microlib/fpscalb.c              0x00000000   Number         0  fscalb.o ABSOLUTE
    ../fplib/microlib/fpsqrt.c               0x00000000   Number         0  dsqrt.o ABSOLUTE
    ../mathlib/asin.c                        0x00000000   Number         0  asin_x.o ABSOLUTE
    ../mathlib/asin.c                        0x00000000   Number         0  asin.o ABSOLUTE
    ../mathlib/atan.c                        0x00000000   Number         0  atan_x.o ABSOLUTE
    ../mathlib/atan.c                        0x00000000   Number         0  atan.o ABSOLUTE
    ../mathlib/atan2.c                       0x00000000   Number         0  atan2_x.o ABSOLUTE
    ../mathlib/atan2.c                       0x00000000   Number         0  atan2.o ABSOLUTE
    ../mathlib/atof.c                        0x00000000   Number         0  atof.o ABSOLUTE
    ../mathlib/dunder.c                      0x00000000   Number         0  dunder.o ABSOLUTE
    ../mathlib/fpclassify.c                  0x00000000   Number         0  fpclassify.o ABSOLUTE
    ../mathlib/poly.c                        0x00000000   Number         0  poly.o ABSOLUTE
    ../mathlib/qnan.c                        0x00000000   Number         0  qnan.o ABSOLUTE
    ../mathlib/sqrt.c                        0x00000000   Number         0  sqrt.o ABSOLUTE
    ../mathlib/sqrt.c                        0x00000000   Number         0  sqrt_x.o ABSOLUTE
    ..\Drivers\STM32F1xx_HAL_Driver\Src\stm32f1xx_hal.c 0x00000000   Number         0  stm32f1xx_hal.o ABSOLUTE
    ..\Drivers\STM32F1xx_HAL_Driver\Src\stm32f1xx_hal_cortex.c 0x00000000   Number         0  stm32f1xx_hal_cortex.o ABSOLUTE
    ..\Drivers\STM32F1xx_HAL_Driver\Src\stm32f1xx_hal_dma.c 0x00000000   Number         0  stm32f1xx_hal_dma.o ABSOLUTE
    ..\Drivers\STM32F1xx_HAL_Driver\Src\stm32f1xx_hal_exti.c 0x00000000   Number         0  stm32f1xx_hal_exti.o ABSOLUTE
    ..\Drivers\STM32F1xx_HAL_Driver\Src\stm32f1xx_hal_flash.c 0x00000000   Number         0  stm32f1xx_hal_flash.o ABSOLUTE
    ..\Drivers\STM32F1xx_HAL_Driver\Src\stm32f1xx_hal_flash_ex.c 0x00000000   Number         0  stm32f1xx_hal_flash_ex.o ABSOLUTE
    ..\Drivers\STM32F1xx_HAL_Driver\Src\stm32f1xx_hal_gpio.c 0x00000000   Number         0  stm32f1xx_hal_gpio.o ABSOLUTE
    ..\Drivers\STM32F1xx_HAL_Driver\Src\stm32f1xx_hal_gpio_ex.c 0x00000000   Number         0  stm32f1xx_hal_gpio_ex.o ABSOLUTE
    ..\Drivers\STM32F1xx_HAL_Driver\Src\stm32f1xx_hal_i2c.c 0x00000000   Number         0  stm32f1xx_hal_i2c.o ABSOLUTE
    ..\Drivers\STM32F1xx_HAL_Driver\Src\stm32f1xx_hal_pwr.c 0x00000000   Number         0  stm32f1xx_hal_pwr.o ABSOLUTE
    ..\Drivers\STM32F1xx_HAL_Driver\Src\stm32f1xx_hal_rcc.c 0x00000000   Number         0  stm32f1xx_hal_rcc.o ABSOLUTE
    ..\Drivers\STM32F1xx_HAL_Driver\Src\stm32f1xx_hal_rcc_ex.c 0x00000000   Number         0  stm32f1xx_hal_rcc_ex.o ABSOLUTE
    ..\Drivers\STM32F1xx_HAL_Driver\Src\stm32f1xx_hal_tim.c 0x00000000   Number         0  stm32f1xx_hal_tim.o ABSOLUTE
    ..\Drivers\STM32F1xx_HAL_Driver\Src\stm32f1xx_hal_tim_ex.c 0x00000000   Number         0  stm32f1xx_hal_tim_ex.o ABSOLUTE
    ..\Drivers\STM32F1xx_HAL_Driver\Src\stm32f1xx_hal_uart.c 0x00000000   Number         0  stm32f1xx_hal_uart.o ABSOLUTE
    ..\Src\PID.C                             0x00000000   Number         0  pid.o ABSOLUTE
    ..\Src\delay.c                           0x00000000   Number         0  delay.o ABSOLUTE
    ..\Src\hmilcd.c                          0x00000000   Number         0  hmilcd.o ABSOLUTE
    ..\Src\inv_mpu.c                         0x00000000   Number         0  inv_mpu.o ABSOLUTE
    ..\Src\inv_mpu_dmp_motion_driver.c       0x00000000   Number         0  inv_mpu_dmp_motion_driver.o ABSOLUTE
    ..\Src\led.c                             0x00000000   Number         0  led.o ABSOLUTE
    ..\Src\main.c                            0x00000000   Number         0  main.o ABSOLUTE
    ..\Src\mpu6050.c                         0x00000000   Number         0  mpu6050.o ABSOLUTE
    ..\Src\mpuiic.c                          0x00000000   Number         0  mpuiic.o ABSOLUTE
    ..\Src\stm32f1xx_hal_msp.c               0x00000000   Number         0  stm32f1xx_hal_msp.o ABSOLUTE
    ..\Src\stm32f1xx_it.c                    0x00000000   Number         0  stm32f1xx_it.o ABSOLUTE
    ..\Src\sys.c                             0x00000000   Number         0  sys.o ABSOLUTE
    ..\Src\system_stm32f1xx.c                0x00000000   Number         0  system_stm32f1xx.o ABSOLUTE
    ..\Src\tim.c                             0x00000000   Number         0  tim.o ABSOLUTE
    ..\Src\usart.c                           0x00000000   Number         0  usart_1.o ABSOLUTE
    ..\\Src\\PID.C                           0x00000000   Number         0  pid.o ABSOLUTE
    ..\\Src\\delay.c                         0x00000000   Number         0  delay.o ABSOLUTE
    ..\\Src\\hmilcd.c                        0x00000000   Number         0  hmilcd.o ABSOLUTE
    ..\\Src\\inv_mpu.c                       0x00000000   Number         0  inv_mpu.o ABSOLUTE
    ..\\Src\\inv_mpu_dmp_motion_driver.c     0x00000000   Number         0  inv_mpu_dmp_motion_driver.o ABSOLUTE
    ..\\Src\\led.c                           0x00000000   Number         0  led.o ABSOLUTE
    ..\\Src\\mpu6050.c                       0x00000000   Number         0  mpu6050.o ABSOLUTE
    ..\\Src\\mpuiic.c                        0x00000000   Number         0  mpuiic.o ABSOLUTE
    ..\\Src\\sys.c                           0x00000000   Number         0  sys.o ABSOLUTE
    cdcmple.s                                0x00000000   Number         0  cdcmple.o ABSOLUTE
    cdrcmple.s                               0x00000000   Number         0  cdrcmple.o ABSOLUTE
    dc.s                                     0x00000000   Number         0  dc.o ABSOLUTE
    handlers.s                               0x00000000   Number         0  handlers.o ABSOLUTE
    init.s                                   0x00000000   Number         0  init.o ABSOLUTE
    startup_stm32f103xe.s                    0x00000000   Number         0  startup_stm32f103xe.o ABSOLUTE
    RESET                                    0x08000000   Section      304  startup_stm32f103xe.o(RESET)
    .ARM.Collect$$$$00000000                 0x08000130   Section        0  entry.o(.ARM.Collect$$$$00000000)
    .ARM.Collect$$$$00000001                 0x08000130   Section        4  entry2.o(.ARM.Collect$$$$00000001)
    .ARM.Collect$$$$00000004                 0x08000134   Section        4  entry5.o(.ARM.Collect$$$$00000004)
    .ARM.Collect$$$$00000008                 0x08000138   Section        0  entry7b.o(.ARM.Collect$$$$00000008)
    .ARM.Collect$$$$0000000A                 0x08000138   Section        0  entry8b.o(.ARM.Collect$$$$0000000A)
    .ARM.Collect$$$$0000000B                 0x08000138   Section        8  entry9a.o(.ARM.Collect$$$$0000000B)
    .ARM.Collect$$$$0000000D                 0x08000140   Section        0  entry10a.o(.ARM.Collect$$$$0000000D)
    .ARM.Collect$$$$0000000F                 0x08000140   Section        0  entry11a.o(.ARM.Collect$$$$0000000F)
    .ARM.Collect$$$$00002712                 0x08000140   Section        4  entry2.o(.ARM.Collect$$$$00002712)
    __lit__00000000                          0x08000140   Data           4  entry2.o(.ARM.Collect$$$$00002712)
    .text                                    0x08000144   Section       36  startup_stm32f103xe.o(.text)
    .text                                    0x08000168   Section        0  llushr.o(.text)
    .text                                    0x08000188   Section        0  memcpya.o(.text)
    .text                                    0x080001ac   Section        0  memseta.o(.text)
    .text                                    0x080001d0   Section        0  strcat.o(.text)
    .text                                    0x080001e8   Section        0  strstr.o(.text)
    .text                                    0x0800020c   Section        0  strncpy.o(.text)
    .text                                    0x08000224   Section        0  strlen.o(.text)
    .text                                    0x08000232   Section        0  strcpy.o(.text)
    .text                                    0x08000244   Section        0  fadd.o(.text)
    .text                                    0x080002f4   Section        0  fmul.o(.text)
    .text                                    0x08000358   Section        0  fscalb.o(.text)
    .text                                    0x08000370   Section        0  dadd.o(.text)
    .text                                    0x080004be   Section        0  dmul.o(.text)
    .text                                    0x080005a2   Section        0  ddiv.o(.text)
    .text                                    0x08000680   Section        0  ffixi.o(.text)
    .text                                    0x080006b2   Section        0  f2d.o(.text)
    .text                                    0x080006d8   Section        0  d2f.o(.text)
    .text                                    0x08000710   Section        0  uidiv.o(.text)
    .text                                    0x0800073c   Section        0  uldiv.o(.text)
    .text                                    0x0800079e   Section        0  llshl.o(.text)
    .text                                    0x080007bc   Section        0  llsshr.o(.text)
    .text                                    0x080007e0   Section        0  strtod.o(.text)
    _local_sscanf                            0x080007e1   Thumb Code    54  strtod.o(.text)
    .text                                    0x0800087c   Section        0  fepilogue.o(.text)
    .text                                    0x0800087c   Section        0  iusefp.o(.text)
    .text                                    0x080008ea   Section        0  depilogue.o(.text)
    .text                                    0x080009a4   Section        0  dfixul.o(.text)
    .text                                    0x080009d4   Section       48  cdrcmple.o(.text)
    .text                                    0x08000a04   Section       36  init.o(.text)
    .text                                    0x08000a28   Section        0  isspace_c.o(.text)
    .text                                    0x08000a34   Section        0  scanf_fp.o(.text)
    _fp_value                                0x08000a35   Thumb Code   296  scanf_fp.o(.text)
    .text                                    0x08000d94   Section        0  _sgetc.o(.text)
    .text                                    0x08000dd4   Section        0  ctype_c.o(.text)
    .text                                    0x08000dfc   Section        0  dfltul.o(.text)
    i.BusFault_Handler                       0x08000e14   Section        0  stm32f1xx_it.o(i.BusFault_Handler)
    i.ConvertFloat_Str                       0x08000e18   Section        0  hmilcd.o(i.ConvertFloat_Str)
    i.DebugMon_Handler                       0x08000e3c   Section        0  stm32f1xx_it.o(i.DebugMon_Handler)
    i.Error_Handler                          0x08000e3e   Section        0  sys.o(i.Error_Handler)
    i.HAL_GPIO_Init                          0x08000e40   Section        0  stm32f1xx_hal_gpio.o(i.HAL_GPIO_Init)
    i.HAL_GPIO_WritePin                      0x08001038   Section        0  stm32f1xx_hal_gpio.o(i.HAL_GPIO_WritePin)
    i.HAL_GetTick                            0x08001044   Section        0  stm32f1xx_hal.o(i.HAL_GetTick)
    i.HAL_IncTick                            0x08001050   Section        0  stm32f1xx_hal.o(i.HAL_IncTick)
    i.HAL_Init                               0x08001060   Section        0  stm32f1xx_hal.o(i.HAL_Init)
    i.HAL_InitTick                           0x08001084   Section        0  stm32f1xx_hal.o(i.HAL_InitTick)
    i.HAL_MspInit                            0x080010c4   Section        0  stm32f1xx_hal_msp.o(i.HAL_MspInit)
    i.HAL_NVIC_EnableIRQ                     0x08001104   Section        0  stm32f1xx_hal_cortex.o(i.HAL_NVIC_EnableIRQ)
    i.HAL_NVIC_SetPriority                   0x08001120   Section        0  stm32f1xx_hal_cortex.o(i.HAL_NVIC_SetPriority)
    i.HAL_NVIC_SetPriorityGrouping           0x08001160   Section        0  stm32f1xx_hal_cortex.o(i.HAL_NVIC_SetPriorityGrouping)
    i.HAL_RCC_ClockConfig                    0x08001184   Section        0  stm32f1xx_hal_rcc.o(i.HAL_RCC_ClockConfig)
    i.HAL_RCC_GetPCLK1Freq                   0x080012b0   Section        0  stm32f1xx_hal_rcc.o(i.HAL_RCC_GetPCLK1Freq)
    i.HAL_RCC_GetPCLK2Freq                   0x080012d0   Section        0  stm32f1xx_hal_rcc.o(i.HAL_RCC_GetPCLK2Freq)
    i.HAL_RCC_GetSysClockFreq                0x080012f0   Section        0  stm32f1xx_hal_rcc.o(i.HAL_RCC_GetSysClockFreq)
    i.HAL_RCC_OscConfig                      0x0800135c   Section        0  stm32f1xx_hal_rcc.o(i.HAL_RCC_OscConfig)
    i.HAL_SYSTICK_CLKSourceConfig            0x0800167c   Section        0  stm32f1xx_hal_cortex.o(i.HAL_SYSTICK_CLKSourceConfig)
    i.HAL_SYSTICK_Config                     0x08001694   Section        0  stm32f1xx_hal_cortex.o(i.HAL_SYSTICK_Config)
    i.HAL_TIMEx_BreakCallback                0x080016bc   Section        0  stm32f1xx_hal_tim_ex.o(i.HAL_TIMEx_BreakCallback)
    i.HAL_TIMEx_CommutCallback               0x080016be   Section        0  stm32f1xx_hal_tim_ex.o(i.HAL_TIMEx_CommutCallback)
    i.HAL_TIM_Base_Init                      0x080016c0   Section        0  stm32f1xx_hal_tim.o(i.HAL_TIM_Base_Init)
    i.HAL_TIM_Base_MspInit                   0x0800171c   Section        0  tim.o(i.HAL_TIM_Base_MspInit)
    i.HAL_TIM_Base_Start_IT                  0x08001754   Section        0  stm32f1xx_hal_tim.o(i.HAL_TIM_Base_Start_IT)
    i.HAL_TIM_IC_CaptureCallback             0x080017c0   Section        0  stm32f1xx_hal_tim.o(i.HAL_TIM_IC_CaptureCallback)
    i.HAL_TIM_IRQHandler                     0x080017c2   Section        0  stm32f1xx_hal_tim.o(i.HAL_TIM_IRQHandler)
    i.HAL_TIM_OC_DelayElapsedCallback        0x08001928   Section        0  stm32f1xx_hal_tim.o(i.HAL_TIM_OC_DelayElapsedCallback)
    i.HAL_TIM_PWM_ConfigChannel              0x0800192a   Section        0  stm32f1xx_hal_tim.o(i.HAL_TIM_PWM_ConfigChannel)
    i.HAL_TIM_PWM_Init                       0x080019f0   Section        0  stm32f1xx_hal_tim.o(i.HAL_TIM_PWM_Init)
    i.HAL_TIM_PWM_MspInit                    0x08001a4c   Section        0  tim.o(i.HAL_TIM_PWM_MspInit)
    i.HAL_TIM_PWM_PulseFinishedCallback      0x08001ac0   Section        0  stm32f1xx_hal_tim.o(i.HAL_TIM_PWM_PulseFinishedCallback)
    i.HAL_TIM_PWM_Start                      0x08001ac4   Section        0  stm32f1xx_hal_tim.o(i.HAL_TIM_PWM_Start)
    i.HAL_TIM_PeriodElapsedCallback          0x08001b78   Section        0  tim.o(i.HAL_TIM_PeriodElapsedCallback)
    i.HAL_TIM_TriggerCallback                0x08001bac   Section        0  stm32f1xx_hal_tim.o(i.HAL_TIM_TriggerCallback)
    i.HAL_UART_Init                          0x08001bae   Section        0  stm32f1xx_hal_uart.o(i.HAL_UART_Init)
    i.HAL_UART_MspInit                       0x08001c10   Section        0  usart_1.o(i.HAL_UART_MspInit)
    i.Hal_Delay_init                         0x08001ce8   Section        0  delay.o(i.Hal_Delay_init)
    i.Hal_Delay_ms                           0x08001cee   Section        0  delay.o(i.Hal_Delay_ms)
    i.Hal_Delay_us                           0x08001d08   Section        0  delay.o(i.Hal_Delay_us)
    i.Hal_Led_Init                           0x08001d3c   Section        0  led.o(i.Hal_Led_Init)
    i.Hal_SendData                           0x08001d84   Section        0  usart_1.o(i.Hal_SendData)
    i.Hal_SendString                         0x08001d98   Section        0  usart_1.o(i.Hal_SendString)
    i.Hal_TIM2_Init                          0x08001db8   Section        0  tim.o(i.Hal_TIM2_Init)
    i.Hal_TIM3_Pwm_Init                      0x08001de0   Section        0  tim.o(i.Hal_TIM3_Pwm_Init)
    i.Hal_USART1_UART_Init                   0x08001e34   Section        0  usart_1.o(i.Hal_USART1_UART_Init)
    i.Hal_USART2_UART_Init                   0x08001e78   Section        0  usart_1.o(i.Hal_USART2_UART_Init)
    i.Hal_Usart1_Printf                      0x08001ebc   Section        0  usart_1.o(i.Hal_Usart1_Printf)
    i.Hal_Usart2_Printf                      0x08001f08   Section        0  usart_1.o(i.Hal_Usart2_Printf)
    i.HardFault_Handler                      0x08001f54   Section        0  stm32f1xx_it.o(i.HardFault_Handler)
    i.Hmi_Send_Float                         0x08001f58   Section        0  hmilcd.o(i.Hmi_Send_Float)
    i.MPU_IIC_Ack                            0x08002210   Section        0  mpuiic.o(i.MPU_IIC_Ack)
    i.MPU_IIC_Init                           0x08002250   Section        0  mpuiic.o(i.MPU_IIC_Init)
    i.MPU_IIC_NAck                           0x08002298   Section        0  mpuiic.o(i.MPU_IIC_NAck)
    i.MPU_IIC_Read_Byte                      0x080022d8   Section        0  mpuiic.o(i.MPU_IIC_Read_Byte)
    i.MPU_IIC_Send_Byte                      0x08002344   Section        0  mpuiic.o(i.MPU_IIC_Send_Byte)
    i.MPU_IIC_Start                          0x0800239c   Section        0  mpuiic.o(i.MPU_IIC_Start)
    i.MPU_IIC_Stop                           0x080023dc   Section        0  mpuiic.o(i.MPU_IIC_Stop)
    i.MPU_IIC_Wait_Ack                       0x08002420   Section        0  mpuiic.o(i.MPU_IIC_Wait_Ack)
    i.MPU_Init                               0x08002478   Section        0  mpu6050.o(i.MPU_Init)
    i.MPU_Read_Byte                          0x08002530   Section        0  mpu6050.o(i.MPU_Read_Byte)
    i.MPU_Set_Accel_Fsr                      0x0800256a   Section        0  mpu6050.o(i.MPU_Set_Accel_Fsr)
    i.MPU_Set_Gyro_Fsr                       0x08002574   Section        0  mpu6050.o(i.MPU_Set_Gyro_Fsr)
    i.MPU_Set_LPF                            0x0800257e   Section        0  mpu6050.o(i.MPU_Set_LPF)
    i.MPU_Set_Rate                           0x080025ae   Section        0  mpu6050.o(i.MPU_Set_Rate)
    i.MPU_Write_Byte                         0x080025dc   Section        0  mpu6050.o(i.MPU_Write_Byte)
    i.MemManage_Handler                      0x08002618   Section        0  stm32f1xx_it.o(i.MemManage_Handler)
    i.NMI_Handler                            0x0800261a   Section        0  stm32f1xx_it.o(i.NMI_Handler)
    i.PIDParament_Init                       0x0800261c   Section        0  pid.o(i.PIDParament_Init)
    i.PendSV_Handler                         0x0800264c   Section        0  stm32f1xx_it.o(i.PendSV_Handler)
    i.SVC_Handler                            0x0800264e   Section        0  stm32f1xx_it.o(i.SVC_Handler)
    i.SysTick_Handler                        0x08002650   Section        0  stm32f1xx_it.o(i.SysTick_Handler)
    i.SystemClock_Config                     0x08002654   Section        0  sys.o(i.SystemClock_Config)
    i.SystemInit                             0x080026ac   Section        0  system_stm32f1xx.o(i.SystemInit)
    i.TIM2_IRQHandler                        0x080026b0   Section        0  tim.o(i.TIM2_IRQHandler)
    i.TIM_Base_SetConfig                     0x080026bc   Section        0  stm32f1xx_hal_tim.o(i.TIM_Base_SetConfig)
    i.TIM_CCxChannelCmd                      0x08002748   Section        0  stm32f1xx_hal_tim.o(i.TIM_CCxChannelCmd)
    i.TIM_OC1_SetConfig                      0x08002764   Section        0  stm32f1xx_hal_tim.o(i.TIM_OC1_SetConfig)
    TIM_OC1_SetConfig                        0x08002765   Thumb Code    88  stm32f1xx_hal_tim.o(i.TIM_OC1_SetConfig)
    i.TIM_OC2_SetConfig                      0x080027c4   Section        0  stm32f1xx_hal_tim.o(i.TIM_OC2_SetConfig)
    i.TIM_OC3_SetConfig                      0x08002830   Section        0  stm32f1xx_hal_tim.o(i.TIM_OC3_SetConfig)
    TIM_OC3_SetConfig                        0x08002831   Thumb Code    96  stm32f1xx_hal_tim.o(i.TIM_OC3_SetConfig)
    i.TIM_OC4_SetConfig                      0x08002898   Section        0  stm32f1xx_hal_tim.o(i.TIM_OC4_SetConfig)
    TIM_OC4_SetConfig                        0x08002899   Thumb Code    70  stm32f1xx_hal_tim.o(i.TIM_OC4_SetConfig)
    i.Tim_PwmOutPut                          0x080028e8   Section        0  tim.o(i.Tim_PwmOutPut)
    i.UART_SetConfig                         0x080028f4   Section        0  stm32f1xx_hal_uart.o(i.UART_SetConfig)
    UART_SetConfig                           0x080028f5   Thumb Code   178  stm32f1xx_hal_uart.o(i.UART_SetConfig)
    i.USART1_IRQHandler                      0x080029ac   Section        0  usart_1.o(i.USART1_IRQHandler)
    i.USART2_IRQHandler                      0x08002a24   Section        0  usart_1.o(i.USART2_IRQHandler)
    i.USER_UART_RxCpltCallback               0x08002a9c   Section        0  usart_1.o(i.USER_UART_RxCpltCallback)
    i.UsageFault_Handler                     0x08002b68   Section        0  stm32f1xx_it.o(i.UsageFault_Handler)
    i.__0sprintf                             0x08002b6c   Section        0  printfa.o(i.__0sprintf)
    i.__0vsnprintf                           0x08002b94   Section        0  printfa.o(i.__0vsnprintf)
    i.__NVIC_SetPriority                     0x08002bc0   Section        0  stm32f1xx_hal_cortex.o(i.__NVIC_SetPriority)
    __NVIC_SetPriority                       0x08002bc1   Thumb Code    32  stm32f1xx_hal_cortex.o(i.__NVIC_SetPriority)
    i.__read_errno                           0x08002be0   Section        0  errno.o(i.__read_errno)
    i.__scatterload_copy                     0x08002bec   Section       14  handlers.o(i.__scatterload_copy)
    i.__scatterload_null                     0x08002bfa   Section        2  handlers.o(i.__scatterload_null)
    i.__scatterload_zeroinit                 0x08002bfc   Section       14  handlers.o(i.__scatterload_zeroinit)
    i.__set_errno                            0x08002c0c   Section        0  errno.o(i.__set_errno)
    i._fp_digits                             0x08002c18   Section        0  printfa.o(i._fp_digits)
    _fp_digits                               0x08002c19   Thumb Code   366  printfa.o(i._fp_digits)
    i._is_digit                              0x08002d9c   Section        0  scanf_fp.o(i._is_digit)
    i._printf_core                           0x08002dac   Section        0  printfa.o(i._printf_core)
    _printf_core                             0x08002dad   Thumb Code  1744  printfa.o(i._printf_core)
    i._printf_post_padding                   0x08003488   Section        0  printfa.o(i._printf_post_padding)
    _printf_post_padding                     0x08003489   Thumb Code    36  printfa.o(i._printf_post_padding)
    i._printf_pre_padding                    0x080034ac   Section        0  printfa.o(i._printf_pre_padding)
    _printf_pre_padding                      0x080034ad   Thumb Code    46  printfa.o(i._printf_pre_padding)
    i._snputc                                0x080034da   Section        0  printfa.o(i._snputc)
    _snputc                                  0x080034db   Thumb Code    22  printfa.o(i._snputc)
    i._sputc                                 0x080034f0   Section        0  printfa.o(i._sputc)
    _sputc                                   0x080034f1   Thumb Code    10  printfa.o(i._sputc)
    i.atof                                   0x080034fa   Section        0  atof.o(i.atof)
    i.main                                   0x08003524   Section        0  main.o(i.main)
    i.pid_calc                               0x08003580   Section        0  pid.o(i.pid_calc)
    .constdata                               0x080036a0   Section       16  system_stm32f1xx.o(.constdata)
    .constdata                               0x080036b0   Section        8  system_stm32f1xx.o(.constdata)
    .constdata                               0x080036b8   Section       64  ctype_c.o(.constdata)
    .conststring                             0x080036f8   Section       10  hmilcd.o(.conststring)
    .data                                    0x20000000   Section       12  stm32f1xx_hal.o(.data)
    .data                                    0x2000000c   Section        4  system_stm32f1xx.o(.data)
    .data                                    0x20000010   Section       48  usart_1.o(.data)
    MessagePro_Flag                          0x20000010   Data           1  usart_1.o(.data)
    .data                                    0x20000040   Section        4  delay.o(.data)
    fac_us                                   0x20000040   Data           4  delay.o(.data)
    .data                                    0x20000044   Section        8  hmilcd.o(.data)
    .data                                    0x2000004c   Section        2  pid.o(.data)
    .data                                    0x20000050   Section        4  errno.o(.data)
    _errno                                   0x20000050   Data           4  errno.o(.data)
    .bss                                     0x20000054   Section     2176  usart_1.o(.bss)
    .bss                                     0x200008d4   Section     1024  usart_1.o(.bss)
    .bss                                     0x20000cd4   Section     1024  usart_1.o(.bss)
    .bss                                     0x200010d4   Section     1024  usart_1.o(.bss)
    .bss                                     0x200014d4   Section     1024  usart_1.o(.bss)
    .bss                                     0x200018d4   Section       64  usart_1.o(.bss)
    .bss                                     0x20001914   Section      144  tim.o(.bss)
    .bss                                     0x200019a4   Section       50  hmilcd.o(.bss)
    .bss                                     0x200019d8   Section       44  pid.o(.bss)
    STACK                                    0x20001a08   Section     1024  startup_stm32f103xe.o(STACK)

    Global Symbols

    Symbol Name                              Value     Ov Type        Size  Object(Section)

    BuildAttributes$$THM_ISAv4$P$D$K$B$S$PE$A:L22UL41UL21$X:L11$S22US41US21$IEEE1$IW$USESV6$~STKCKD$USESV7$~SHL$OTIME$ROPI$IEEEX$EBA8$MICROLIB$REQ8$PRES8$EABIv2 0x00000000   Number         0  anon$$obj.o ABSOLUTE
    __ARM_use_no_argv                        0x00000000   Number         0  main.o ABSOLUTE
    _printf_a                                0x00000000   Number         0  stubs.o ABSOLUTE
    _printf_c                                0x00000000   Number         0  stubs.o ABSOLUTE
    _printf_charcount                        0x00000000   Number         0  stubs.o ABSOLUTE
    _printf_d                                0x00000000   Number         0  stubs.o ABSOLUTE
    _printf_e                                0x00000000   Number         0  stubs.o ABSOLUTE
    _printf_f                                0x00000000   Number         0  stubs.o ABSOLUTE
    _printf_flags                            0x00000000   Number         0  stubs.o ABSOLUTE
    _printf_fp_dec                           0x00000000   Number         0  stubs.o ABSOLUTE
    _printf_fp_hex                           0x00000000   Number         0  stubs.o ABSOLUTE
    _printf_g                                0x00000000   Number         0  stubs.o ABSOLUTE
    _printf_i                                0x00000000   Number         0  stubs.o ABSOLUTE
    _printf_int_dec                          0x00000000   Number         0  stubs.o ABSOLUTE
    _printf_l                                0x00000000   Number         0  stubs.o ABSOLUTE
    _printf_lc                               0x00000000   Number         0  stubs.o ABSOLUTE
    _printf_ll                               0x00000000   Number         0  stubs.o ABSOLUTE
    _printf_lld                              0x00000000   Number         0  stubs.o ABSOLUTE
    _printf_lli                              0x00000000   Number         0  stubs.o ABSOLUTE
    _printf_llo                              0x00000000   Number         0  stubs.o ABSOLUTE
    _printf_llu                              0x00000000   Number         0  stubs.o ABSOLUTE
    _printf_llx                              0x00000000   Number         0  stubs.o ABSOLUTE
    _printf_longlong_dec                     0x00000000   Number         0  stubs.o ABSOLUTE
    _printf_longlong_hex                     0x00000000   Number         0  stubs.o ABSOLUTE
    _printf_longlong_oct                     0x00000000   Number         0  stubs.o ABSOLUTE
    _printf_ls                               0x00000000   Number         0  stubs.o ABSOLUTE
    _printf_mbtowc                           0x00000000   Number         0  stubs.o ABSOLUTE
    _printf_n                                0x00000000   Number         0  stubs.o ABSOLUTE
    _printf_o                                0x00000000   Number         0  stubs.o ABSOLUTE
    _printf_p                                0x00000000   Number         0  stubs.o ABSOLUTE
    _printf_percent                          0x00000000   Number         0  stubs.o ABSOLUTE
    _printf_pre_padding                      0x00000000   Number         0  stubs.o ABSOLUTE
    _printf_return_value                     0x00000000   Number         0  stubs.o ABSOLUTE
    _printf_s                                0x00000000   Number         0  stubs.o ABSOLUTE
    _printf_sizespec                         0x00000000   Number         0  stubs.o ABSOLUTE
    _printf_str                              0x00000000   Number         0  stubs.o ABSOLUTE
    _printf_truncate_signed                  0x00000000   Number         0  stubs.o ABSOLUTE
    _printf_truncate_unsigned                0x00000000   Number         0  stubs.o ABSOLUTE
    _printf_u                                0x00000000   Number         0  stubs.o ABSOLUTE
    _printf_wc                               0x00000000   Number         0  stubs.o ABSOLUTE
    _printf_wctomb                           0x00000000   Number         0  stubs.o ABSOLUTE
    _printf_widthprec                        0x00000000   Number         0  stubs.o ABSOLUTE
    _printf_x                                0x00000000   Number         0  stubs.o ABSOLUTE
    __cpp_initialize__aeabi_                  - Undefined Weak Reference
    __cxa_finalize                            - Undefined Weak Reference
    __decompress                              - Undefined Weak Reference
    _clock_init                               - Undefined Weak Reference
    _microlib_exit                            - Undefined Weak Reference
    __Vectors_Size                           0x00000130   Number         0  startup_stm32f103xe.o ABSOLUTE
    __Vectors                                0x08000000   Data           4  startup_stm32f103xe.o(RESET)
    __Vectors_End                            0x08000130   Data           0  startup_stm32f103xe.o(RESET)
    __main                                   0x08000131   Thumb Code     0  entry.o(.ARM.Collect$$$$00000000)
    _main_stk                                0x08000131   Thumb Code     0  entry2.o(.ARM.Collect$$$$00000001)
    _main_scatterload                        0x08000135   Thumb Code     0  entry5.o(.ARM.Collect$$$$00000004)
    __main_after_scatterload                 0x08000139   Thumb Code     0  entry5.o(.ARM.Collect$$$$00000004)
    _main_clock                              0x08000139   Thumb Code     0  entry7b.o(.ARM.Collect$$$$00000008)
    _main_cpp_init                           0x08000139   Thumb Code     0  entry8b.o(.ARM.Collect$$$$0000000A)
    _main_init                               0x08000139   Thumb Code     0  entry9a.o(.ARM.Collect$$$$0000000B)
    __rt_final_cpp                           0x08000141   Thumb Code     0  entry10a.o(.ARM.Collect$$$$0000000D)
    __rt_final_exit                          0x08000141   Thumb Code     0  entry11a.o(.ARM.Collect$$$$0000000F)
    Reset_Handler                            0x08000145   Thumb Code     8  startup_stm32f103xe.o(.text)
    ADC1_2_IRQHandler                        0x0800015f   Thumb Code     0  startup_stm32f103xe.o(.text)
    ADC3_IRQHandler                          0x0800015f   Thumb Code     0  startup_stm32f103xe.o(.text)
    CAN1_RX1_IRQHandler                      0x0800015f   Thumb Code     0  startup_stm32f103xe.o(.text)
    CAN1_SCE_IRQHandler                      0x0800015f   Thumb Code     0  startup_stm32f103xe.o(.text)
    DMA1_Channel1_IRQHandler                 0x0800015f   Thumb Code     0  startup_stm32f103xe.o(.text)
    DMA1_Channel2_IRQHandler                 0x0800015f   Thumb Code     0  startup_stm32f103xe.o(.text)
    DMA1_Channel3_IRQHandler                 0x0800015f   Thumb Code     0  startup_stm32f103xe.o(.text)
    DMA1_Channel4_IRQHandler                 0x0800015f   Thumb Code     0  startup_stm32f103xe.o(.text)
    DMA1_Channel5_IRQHandler                 0x0800015f   Thumb Code     0  startup_stm32f103xe.o(.text)
    DMA1_Channel6_IRQHandler                 0x0800015f   Thumb Code     0  startup_stm32f103xe.o(.text)
    DMA1_Channel7_IRQHandler                 0x0800015f   Thumb Code     0  startup_stm32f103xe.o(.text)
    DMA2_Channel1_IRQHandler                 0x0800015f   Thumb Code     0  startup_stm32f103xe.o(.text)
    DMA2_Channel2_IRQHandler                 0x0800015f   Thumb Code     0  startup_stm32f103xe.o(.text)
    DMA2_Channel3_IRQHandler                 0x0800015f   Thumb Code     0  startup_stm32f103xe.o(.text)
    DMA2_Channel4_5_IRQHandler               0x0800015f   Thumb Code     0  startup_stm32f103xe.o(.text)
    EXTI0_IRQHandler                         0x0800015f   Thumb Code     0  startup_stm32f103xe.o(.text)
    EXTI15_10_IRQHandler                     0x0800015f   Thumb Code     0  startup_stm32f103xe.o(.text)
    EXTI1_IRQHandler                         0x0800015f   Thumb Code     0  startup_stm32f103xe.o(.text)
    EXTI2_IRQHandler                         0x0800015f   Thumb Code     0  startup_stm32f103xe.o(.text)
    EXTI3_IRQHandler                         0x0800015f   Thumb Code     0  startup_stm32f103xe.o(.text)
    EXTI4_IRQHandler                         0x0800015f   Thumb Code     0  startup_stm32f103xe.o(.text)
    EXTI9_5_IRQHandler                       0x0800015f   Thumb Code     0  startup_stm32f103xe.o(.text)
    FLASH_IRQHandler                         0x0800015f   Thumb Code     0  startup_stm32f103xe.o(.text)
    FSMC_IRQHandler                          0x0800015f   Thumb Code     0  startup_stm32f103xe.o(.text)
    I2C1_ER_IRQHandler                       0x0800015f   Thumb Code     0  startup_stm32f103xe.o(.text)
    I2C1_EV_IRQHandler                       0x0800015f   Thumb Code     0  startup_stm32f103xe.o(.text)
    I2C2_ER_IRQHandler                       0x0800015f   Thumb Code     0  startup_stm32f103xe.o(.text)
    I2C2_EV_IRQHandler                       0x0800015f   Thumb Code     0  startup_stm32f103xe.o(.text)
    PVD_IRQHandler                           0x0800015f   Thumb Code     0  startup_stm32f103xe.o(.text)
    RCC_IRQHandler                           0x0800015f   Thumb Code     0  startup_stm32f103xe.o(.text)
    RTC_Alarm_IRQHandler                     0x0800015f   Thumb Code     0  startup_stm32f103xe.o(.text)
    RTC_IRQHandler                           0x0800015f   Thumb Code     0  startup_stm32f103xe.o(.text)
    SDIO_IRQHandler                          0x0800015f   Thumb Code     0  startup_stm32f103xe.o(.text)
    SPI1_IRQHandler                          0x0800015f   Thumb Code     0  startup_stm32f103xe.o(.text)
    SPI2_IRQHandler                          0x0800015f   Thumb Code     0  startup_stm32f103xe.o(.text)
    SPI3_IRQHandler                          0x0800015f   Thumb Code     0  startup_stm32f103xe.o(.text)
    TAMPER_IRQHandler                        0x0800015f   Thumb Code     0  startup_stm32f103xe.o(.text)
    TIM1_BRK_IRQHandler                      0x0800015f   Thumb Code     0  startup_stm32f103xe.o(.text)
    TIM1_CC_IRQHandler                       0x0800015f   Thumb Code     0  startup_stm32f103xe.o(.text)
    TIM1_TRG_COM_IRQHandler                  0x0800015f   Thumb Code     0  startup_stm32f103xe.o(.text)
    TIM1_UP_IRQHandler                       0x0800015f   Thumb Code     0  startup_stm32f103xe.o(.text)
    TIM3_IRQHandler                          0x0800015f   Thumb Code     0  startup_stm32f103xe.o(.text)
    TIM4_IRQHandler                          0x0800015f   Thumb Code     0  startup_stm32f103xe.o(.text)
    TIM5_IRQHandler                          0x0800015f   Thumb Code     0  startup_stm32f103xe.o(.text)
    TIM6_IRQHandler                          0x0800015f   Thumb Code     0  startup_stm32f103xe.o(.text)
    TIM7_IRQHandler                          0x0800015f   Thumb Code     0  startup_stm32f103xe.o(.text)
    TIM8_BRK_IRQHandler                      0x0800015f   Thumb Code     0  startup_stm32f103xe.o(.text)
    TIM8_CC_IRQHandler                       0x0800015f   Thumb Code     0  startup_stm32f103xe.o(.text)
    TIM8_TRG_COM_IRQHandler                  0x0800015f   Thumb Code     0  startup_stm32f103xe.o(.text)
    TIM8_UP_IRQHandler                       0x0800015f   Thumb Code     0  startup_stm32f103xe.o(.text)
    UART4_IRQHandler                         0x0800015f   Thumb Code     0  startup_stm32f103xe.o(.text)
    UART5_IRQHandler                         0x0800015f   Thumb Code     0  startup_stm32f103xe.o(.text)
    USART3_IRQHandler                        0x0800015f   Thumb Code     0  startup_stm32f103xe.o(.text)
    USBWakeUp_IRQHandler                     0x0800015f   Thumb Code     0  startup_stm32f103xe.o(.text)
    USB_HP_CAN1_TX_IRQHandler                0x0800015f   Thumb Code     0  startup_stm32f103xe.o(.text)
    USB_LP_CAN1_RX0_IRQHandler               0x0800015f   Thumb Code     0  startup_stm32f103xe.o(.text)
    WWDG_IRQHandler                          0x0800015f   Thumb Code     0  startup_stm32f103xe.o(.text)
    __aeabi_llsr                             0x08000169   Thumb Code    32  llushr.o(.text)
    _ll_ushift_r                             0x08000169   Thumb Code     0  llushr.o(.text)
    __aeabi_memcpy                           0x08000189   Thumb Code    36  memcpya.o(.text)
    __aeabi_memcpy4                          0x08000189   Thumb Code     0  memcpya.o(.text)
    __aeabi_memcpy8                          0x08000189   Thumb Code     0  memcpya.o(.text)
    __aeabi_memset                           0x080001ad   Thumb Code    14  memseta.o(.text)
    __aeabi_memset4                          0x080001ad   Thumb Code     0  memseta.o(.text)
    __aeabi_memset8                          0x080001ad   Thumb Code     0  memseta.o(.text)
    __aeabi_memclr                           0x080001bb   Thumb Code     4  memseta.o(.text)
    __aeabi_memclr4                          0x080001bb   Thumb Code     0  memseta.o(.text)
    __aeabi_memclr8                          0x080001bb   Thumb Code     0  memseta.o(.text)
    _memset$wrapper                          0x080001bf   Thumb Code    18  memseta.o(.text)
    strcat                                   0x080001d1   Thumb Code    24  strcat.o(.text)
    strstr                                   0x080001e9   Thumb Code    36  strstr.o(.text)
    strncpy                                  0x0800020d   Thumb Code    24  strncpy.o(.text)
    strlen                                   0x08000225   Thumb Code    14  strlen.o(.text)
    strcpy                                   0x08000233   Thumb Code    18  strcpy.o(.text)
    __aeabi_fadd                             0x08000245   Thumb Code   164  fadd.o(.text)
    __aeabi_fsub                             0x080002e9   Thumb Code     6  fadd.o(.text)
    __aeabi_frsub                            0x080002ef   Thumb Code     6  fadd.o(.text)
    __aeabi_fmul                             0x080002f5   Thumb Code   100  fmul.o(.text)
    __ARM_scalbnf                            0x08000359   Thumb Code    24  fscalb.o(.text)
    scalbnf                                  0x08000359   Thumb Code     0  fscalb.o(.text)
    __aeabi_dadd                             0x08000371   Thumb Code   322  dadd.o(.text)
    __aeabi_dsub                             0x080004b3   Thumb Code     6  dadd.o(.text)
    __aeabi_drsub                            0x080004b9   Thumb Code     6  dadd.o(.text)
    __aeabi_dmul                             0x080004bf   Thumb Code   228  dmul.o(.text)
    __aeabi_ddiv                             0x080005a3   Thumb Code   222  ddiv.o(.text)
    __aeabi_f2iz                             0x08000681   Thumb Code    50  ffixi.o(.text)
    __aeabi_f2d                              0x080006b3   Thumb Code    38  f2d.o(.text)
    __aeabi_d2f                              0x080006d9   Thumb Code    56  d2f.o(.text)
    __aeabi_uidiv                            0x08000711   Thumb Code     0  uidiv.o(.text)
    __aeabi_uidivmod                         0x08000711   Thumb Code    44  uidiv.o(.text)
    __aeabi_uldivmod                         0x0800073d   Thumb Code    98  uldiv.o(.text)
    __aeabi_llsl                             0x0800079f   Thumb Code    30  llshl.o(.text)
    _ll_shift_l                              0x0800079f   Thumb Code     0  llshl.o(.text)
    __aeabi_lasr                             0x080007bd   Thumb Code    36  llsshr.o(.text)
    _ll_sshift_r                             0x080007bd   Thumb Code     0  llsshr.o(.text)
    __strtod_int                             0x08000817   Thumb Code    90  strtod.o(.text)
    __I$use$fp                               0x0800087d   Thumb Code     0  iusefp.o(.text)
    _float_round                             0x0800087d   Thumb Code    18  fepilogue.o(.text)
    _float_epilogue                          0x0800088f   Thumb Code    92  fepilogue.o(.text)
    _double_round                            0x080008eb   Thumb Code    30  depilogue.o(.text)
    _double_epilogue                         0x08000909   Thumb Code   156  depilogue.o(.text)
    __aeabi_d2ulz                            0x080009a5   Thumb Code    48  dfixul.o(.text)
    __aeabi_cdrcmple                         0x080009d5   Thumb Code    48  cdrcmple.o(.text)
    __scatterload                            0x08000a05   Thumb Code    28  init.o(.text)
    __scatterload_rt2                        0x08000a05   Thumb Code     0  init.o(.text)
    isspace                                  0x08000a29   Thumb Code    10  isspace_c.o(.text)
    _scanf_real                              0x08000b5d   Thumb Code     0  scanf_fp.o(.text)
    _scanf_really_real                       0x08000b5d   Thumb Code   556  scanf_fp.o(.text)
    _sgetc                                   0x08000d95   Thumb Code    30  _sgetc.o(.text)
    _sbackspace                              0x08000db3   Thumb Code    34  _sgetc.o(.text)
    __ctype_lookup                           0x08000dd5   Thumb Code    34  ctype_c.o(.text)
    __aeabi_ul2d                             0x08000dfd   Thumb Code    24  dfltul.o(.text)
    BusFault_Handler                         0x08000e15   Thumb Code     2  stm32f1xx_it.o(i.BusFault_Handler)
    ConvertFloat_Str                         0x08000e19   Thumb Code    26  hmilcd.o(i.ConvertFloat_Str)
    DebugMon_Handler                         0x08000e3d   Thumb Code     2  stm32f1xx_it.o(i.DebugMon_Handler)
    Error_Handler                            0x08000e3f   Thumb Code     2  sys.o(i.Error_Handler)
    HAL_GPIO_Init                            0x08000e41   Thumb Code   462  stm32f1xx_hal_gpio.o(i.HAL_GPIO_Init)
    HAL_GPIO_WritePin                        0x08001039   Thumb Code    10  stm32f1xx_hal_gpio.o(i.HAL_GPIO_WritePin)
    HAL_GetTick                              0x08001045   Thumb Code     6  stm32f1xx_hal.o(i.HAL_GetTick)
    HAL_IncTick                              0x08001051   Thumb Code    12  stm32f1xx_hal.o(i.HAL_IncTick)
    HAL_Init                                 0x08001061   Thumb Code    32  stm32f1xx_hal.o(i.HAL_Init)
    HAL_InitTick                             0x08001085   Thumb Code    54  stm32f1xx_hal.o(i.HAL_InitTick)
    HAL_MspInit                              0x080010c5   Thumb Code    54  stm32f1xx_hal_msp.o(i.HAL_MspInit)
    HAL_NVIC_EnableIRQ                       0x08001105   Thumb Code    26  stm32f1xx_hal_cortex.o(i.HAL_NVIC_EnableIRQ)
    HAL_NVIC_SetPriority                     0x08001121   Thumb Code    60  stm32f1xx_hal_cortex.o(i.HAL_NVIC_SetPriority)
    HAL_NVIC_SetPriorityGrouping             0x08001161   Thumb Code    26  stm32f1xx_hal_cortex.o(i.HAL_NVIC_SetPriorityGrouping)
    HAL_RCC_ClockConfig                      0x08001185   Thumb Code   280  stm32f1xx_hal_rcc.o(i.HAL_RCC_ClockConfig)
    HAL_RCC_GetPCLK1Freq                     0x080012b1   Thumb Code    20  stm32f1xx_hal_rcc.o(i.HAL_RCC_GetPCLK1Freq)
    HAL_RCC_GetPCLK2Freq                     0x080012d1   Thumb Code    20  stm32f1xx_hal_rcc.o(i.HAL_RCC_GetPCLK2Freq)
    HAL_RCC_GetSysClockFreq                  0x080012f1   Thumb Code    74  stm32f1xx_hal_rcc.o(i.HAL_RCC_GetSysClockFreq)
    HAL_RCC_OscConfig                        0x0800135d   Thumb Code   778  stm32f1xx_hal_rcc.o(i.HAL_RCC_OscConfig)
    HAL_SYSTICK_CLKSourceConfig              0x0800167d   Thumb Code    24  stm32f1xx_hal_cortex.o(i.HAL_SYSTICK_CLKSourceConfig)
    HAL_SYSTICK_Config                       0x08001695   Thumb Code    40  stm32f1xx_hal_cortex.o(i.HAL_SYSTICK_Config)
    HAL_TIMEx_BreakCallback                  0x080016bd   Thumb Code     2  stm32f1xx_hal_tim_ex.o(i.HAL_TIMEx_BreakCallback)
    HAL_TIMEx_CommutCallback                 0x080016bf   Thumb Code     2  stm32f1xx_hal_tim_ex.o(i.HAL_TIMEx_CommutCallback)
    HAL_TIM_Base_Init                        0x080016c1   Thumb Code    90  stm32f1xx_hal_tim.o(i.HAL_TIM_Base_Init)
    HAL_TIM_Base_MspInit                     0x0800171d   Thumb Code    50  tim.o(i.HAL_TIM_Base_MspInit)
    HAL_TIM_Base_Start_IT                    0x08001755   Thumb Code    88  stm32f1xx_hal_tim.o(i.HAL_TIM_Base_Start_IT)
    HAL_TIM_IC_CaptureCallback               0x080017c1   Thumb Code     2  stm32f1xx_hal_tim.o(i.HAL_TIM_IC_CaptureCallback)
    HAL_TIM_IRQHandler                       0x080017c3   Thumb Code   358  stm32f1xx_hal_tim.o(i.HAL_TIM_IRQHandler)
    HAL_TIM_OC_DelayElapsedCallback          0x08001929   Thumb Code     2  stm32f1xx_hal_tim.o(i.HAL_TIM_OC_DelayElapsedCallback)
    HAL_TIM_PWM_ConfigChannel                0x0800192b   Thumb Code   198  stm32f1xx_hal_tim.o(i.HAL_TIM_PWM_ConfigChannel)
    HAL_TIM_PWM_Init                         0x080019f1   Thumb Code    90  stm32f1xx_hal_tim.o(i.HAL_TIM_PWM_Init)
    HAL_TIM_PWM_MspInit                      0x08001a4d   Thumb Code    98  tim.o(i.HAL_TIM_PWM_MspInit)
    HAL_TIM_PWM_PulseFinishedCallback        0x08001ac1   Thumb Code     2  stm32f1xx_hal_tim.o(i.HAL_TIM_PWM_PulseFinishedCallback)
    HAL_TIM_PWM_Start                        0x08001ac5   Thumb Code   160  stm32f1xx_hal_tim.o(i.HAL_TIM_PWM_Start)
    HAL_TIM_PeriodElapsedCallback            0x08001b79   Thumb Code    42  tim.o(i.HAL_TIM_PeriodElapsedCallback)
    HAL_TIM_TriggerCallback                  0x08001bad   Thumb Code     2  stm32f1xx_hal_tim.o(i.HAL_TIM_TriggerCallback)
    HAL_UART_Init                            0x08001baf   Thumb Code    98  stm32f1xx_hal_uart.o(i.HAL_UART_Init)
    HAL_UART_MspInit                         0x08001c11   Thumb Code   198  usart_1.o(i.HAL_UART_MspInit)
    Hal_Delay_init                           0x08001ce9   Thumb Code     6  delay.o(i.Hal_Delay_init)
    Hal_Delay_ms                             0x08001cef   Thumb Code    26  delay.o(i.Hal_Delay_ms)
    Hal_Delay_us                             0x08001d09   Thumb Code    48  delay.o(i.Hal_Delay_us)
    Hal_Led_Init                             0x08001d3d   Thumb Code    62  led.o(i.Hal_Led_Init)
    Hal_SendData                             0x08001d85   Thumb Code    20  usart_1.o(i.Hal_SendData)
    Hal_SendString                           0x08001d99   Thumb Code    30  usart_1.o(i.Hal_SendString)
    Hal_TIM2_Init                            0x08001db9   Thumb Code    36  tim.o(i.Hal_TIM2_Init)
    Hal_TIM3_Pwm_Init                        0x08001de1   Thumb Code    74  tim.o(i.Hal_TIM3_Pwm_Init)
    Hal_USART1_UART_Init                     0x08001e35   Thumb Code    58  usart_1.o(i.Hal_USART1_UART_Init)
    Hal_USART2_UART_Init                     0x08001e79   Thumb Code    58  usart_1.o(i.Hal_USART2_UART_Init)
    Hal_Usart1_Printf                        0x08001ebd   Thumb Code    72  usart_1.o(i.Hal_Usart1_Printf)
    Hal_Usart2_Printf                        0x08001f09   Thumb Code    72  usart_1.o(i.Hal_Usart2_Printf)
    HardFault_Handler                        0x08001f55   Thumb Code     2  stm32f1xx_it.o(i.HardFault_Handler)
    Hmi_Send_Float                           0x08001f59   Thumb Code   672  hmilcd.o(i.Hmi_Send_Float)
    MPU_IIC_Ack                              0x08002211   Thumb Code    56  mpuiic.o(i.MPU_IIC_Ack)
    MPU_IIC_Init                             0x08002251   Thumb Code    60  mpuiic.o(i.MPU_IIC_Init)
    MPU_IIC_NAck                             0x08002299   Thumb Code    56  mpuiic.o(i.MPU_IIC_NAck)
    MPU_IIC_Read_Byte                        0x080022d9   Thumb Code   100  mpuiic.o(i.MPU_IIC_Read_Byte)
    MPU_IIC_Send_Byte                        0x08002345   Thumb Code    80  mpuiic.o(i.MPU_IIC_Send_Byte)
    MPU_IIC_Start                            0x0800239d   Thumb Code    56  mpuiic.o(i.MPU_IIC_Start)
    MPU_IIC_Stop                             0x080023dd   Thumb Code    58  mpuiic.o(i.MPU_IIC_Stop)
    MPU_IIC_Wait_Ack                         0x08002421   Thumb Code    78  mpuiic.o(i.MPU_IIC_Wait_Ack)
    MPU_Init                                 0x08002479   Thumb Code   172  mpu6050.o(i.MPU_Init)
    MPU_Read_Byte                            0x08002531   Thumb Code    58  mpu6050.o(i.MPU_Read_Byte)
    MPU_Set_Accel_Fsr                        0x0800256b   Thumb Code    10  mpu6050.o(i.MPU_Set_Accel_Fsr)
    MPU_Set_Gyro_Fsr                         0x08002575   Thumb Code    10  mpu6050.o(i.MPU_Set_Gyro_Fsr)
    MPU_Set_LPF                              0x0800257f   Thumb Code    48  mpu6050.o(i.MPU_Set_LPF)
    MPU_Set_Rate                             0x080025af   Thumb Code    46  mpu6050.o(i.MPU_Set_Rate)
    MPU_Write_Byte                           0x080025dd   Thumb Code    60  mpu6050.o(i.MPU_Write_Byte)
    MemManage_Handler                        0x08002619   Thumb Code     2  stm32f1xx_it.o(i.MemManage_Handler)
    NMI_Handler                              0x0800261b   Thumb Code     2  stm32f1xx_it.o(i.NMI_Handler)
    PIDParament_Init                         0x0800261d   Thumb Code    30  pid.o(i.PIDParament_Init)
    PendSV_Handler                           0x0800264d   Thumb Code     2  stm32f1xx_it.o(i.PendSV_Handler)
    SVC_Handler                              0x0800264f   Thumb Code     2  stm32f1xx_it.o(i.SVC_Handler)
    SysTick_Handler                          0x08002651   Thumb Code     4  stm32f1xx_it.o(i.SysTick_Handler)
    SystemClock_Config                       0x08002655   Thumb Code    88  sys.o(i.SystemClock_Config)
    SystemInit                               0x080026ad   Thumb Code     2  system_stm32f1xx.o(i.SystemInit)
    TIM2_IRQHandler                          0x080026b1   Thumb Code     6  tim.o(i.TIM2_IRQHandler)
    TIM_Base_SetConfig                       0x080026bd   Thumb Code   120  stm32f1xx_hal_tim.o(i.TIM_Base_SetConfig)
    TIM_CCxChannelCmd                        0x08002749   Thumb Code    26  stm32f1xx_hal_tim.o(i.TIM_CCxChannelCmd)
    TIM_OC2_SetConfig                        0x080027c5   Thumb Code    98  stm32f1xx_hal_tim.o(i.TIM_OC2_SetConfig)
    Tim_PwmOutPut                            0x080028e9   Thumb Code    12  tim.o(i.Tim_PwmOutPut)
    USART1_IRQHandler                        0x080029ad   Thumb Code   108  usart_1.o(i.USART1_IRQHandler)
    USART2_IRQHandler                        0x08002a25   Thumb Code   108  usart_1.o(i.USART2_IRQHandler)
    USER_UART_RxCpltCallback                 0x08002a9d   Thumb Code   166  usart_1.o(i.USER_UART_RxCpltCallback)
    UsageFault_Handler                       0x08002b69   Thumb Code     2  stm32f1xx_it.o(i.UsageFault_Handler)
    __0sprintf                               0x08002b6d   Thumb Code    34  printfa.o(i.__0sprintf)
    __1sprintf                               0x08002b6d   Thumb Code     0  printfa.o(i.__0sprintf)
    __2sprintf                               0x08002b6d   Thumb Code     0  printfa.o(i.__0sprintf)
    __c89sprintf                             0x08002b6d   Thumb Code     0  printfa.o(i.__0sprintf)
    sprintf                                  0x08002b6d   Thumb Code     0  printfa.o(i.__0sprintf)
    __0vsnprintf                             0x08002b95   Thumb Code    40  printfa.o(i.__0vsnprintf)
    __1vsnprintf                             0x08002b95   Thumb Code     0  printfa.o(i.__0vsnprintf)
    __2vsnprintf                             0x08002b95   Thumb Code     0  printfa.o(i.__0vsnprintf)
    __c89vsnprintf                           0x08002b95   Thumb Code     0  printfa.o(i.__0vsnprintf)
    vsnprintf                                0x08002b95   Thumb Code     0  printfa.o(i.__0vsnprintf)
    __read_errno                             0x08002be1   Thumb Code     6  errno.o(i.__read_errno)
    __scatterload_copy                       0x08002bed   Thumb Code    14  handlers.o(i.__scatterload_copy)
    __scatterload_null                       0x08002bfb   Thumb Code     2  handlers.o(i.__scatterload_null)
    __scatterload_zeroinit                   0x08002bfd   Thumb Code    14  handlers.o(i.__scatterload_zeroinit)
    __set_errno                              0x08002c0d   Thumb Code     6  errno.o(i.__set_errno)
    _is_digit                                0x08002d9d   Thumb Code    14  scanf_fp.o(i._is_digit)
    atof                                     0x080034fb   Thumb Code    42  atof.o(i.atof)
    main                                     0x08003525   Thumb Code    80  main.o(i.main)
    pid_calc                                 0x08003581   Thumb Code   268  pid.o(i.pid_calc)
    AHBPrescTable                            0x080036a0   Data          16  system_stm32f1xx.o(.constdata)
    APBPrescTable                            0x080036b0   Data           8  system_stm32f1xx.o(.constdata)
    __ctype_categories                       0x080036b8   Data          64  ctype_c.o(.constdata)
    Region$$Table$$Base                      0x08003704   Number         0  anon$$obj.o(Region$$Table)
    Region$$Table$$Limit                     0x08003724   Number         0  anon$$obj.o(Region$$Table)
    uwTickFreq                               0x20000000   Data           1  stm32f1xx_hal.o(.data)
    uwTickPrio                               0x20000004   Data           4  stm32f1xx_hal.o(.data)
    uwTick                                   0x20000008   Data           4  stm32f1xx_hal.o(.data)
    SystemCoreClock                          0x2000000c   Data           4  system_stm32f1xx.o(.data)
    Usart                                    0x20000014   Data          44  usart_1.o(.data)
    Str1                                     0x20000044   Data           4  hmilcd.o(.data)
    Str2                                     0x20000048   Data           4  hmilcd.o(.data)
    pidcalc_10ms                             0x2000004c   Data           2  pid.o(.data)
    Usart1_Message_Buff                      0x20000054   Data        1024  usart_1.o(.bss)
    Usart2_Message_Buff                      0x20000454   Data        1024  usart_1.o(.bss)
    huart1                                   0x20000854   Data          64  usart_1.o(.bss)
    huart2                                   0x20000894   Data          64  usart_1.o(.bss)
    Usart1_Rx_Buff                           0x200008d4   Data        1024  usart_1.o(.bss)
    Usart1_Tx_Buff                           0x20000cd4   Data        1024  usart_1.o(.bss)
    Usart2_Rx_Buff                           0x200010d4   Data        1024  usart_1.o(.bss)
    Usart2_Tx_Buff                           0x200014d4   Data        1024  usart_1.o(.bss)
    huart3                                   0x200018d4   Data          64  usart_1.o(.bss)
    htim3                                    0x20001914   Data          72  tim.o(.bss)
    htim2                                    0x2000195c   Data          72  tim.o(.bss)
    Text                                     0x200019a4   Data          50  hmilcd.o(.bss)
    pid                                      0x200019d8   Data          44  pid.o(.bss)
    __initial_sp                             0x20001e08   Data           0  startup_stm32f103xe.o(STACK)



==============================================================================

Memory Map of the image

  Image Entry point : 0x08000131

  Load Region LR_IROM1 (Base: 0x08000000, Size: 0x00003778, Max: 0x00010000, ABSOLUTE)

    Execution Region ER_IROM1 (Exec base: 0x08000000, Load base: 0x08000000, Size: 0x00003724, Max: 0x00010000, ABSOLUTE)

    Exec Addr    Load Addr    Size         Type   Attr      Idx    E Section Name        Object

    0x08000000   0x08000000   0x00000130   Data   RO            3    RESET               startup_stm32f103xe.o
    0x08000130   0x08000130   0x00000000   Code   RO         4347  * .ARM.Collect$$$$00000000  mc_w.l(entry.o)
    0x08000130   0x08000130   0x00000004   Code   RO         4698    .ARM.Collect$$$$00000001  mc_w.l(entry2.o)
    0x08000134   0x08000134   0x00000004   Code   RO         4701    .ARM.Collect$$$$00000004  mc_w.l(entry5.o)
    0x08000138   0x08000138   0x00000000   Code   RO         4703    .ARM.Collect$$$$00000008  mc_w.l(entry7b.o)
    0x08000138   0x08000138   0x00000000   Code   RO         4705    .ARM.Collect$$$$0000000A  mc_w.l(entry8b.o)
    0x08000138   0x08000138   0x00000008   Code   RO         4706    .ARM.Collect$$$$0000000B  mc_w.l(entry9a.o)
    0x08000140   0x08000140   0x00000000   Code   RO         4708    .ARM.Collect$$$$0000000D  mc_w.l(entry10a.o)
    0x08000140   0x08000140   0x00000000   Code   RO         4710    .ARM.Collect$$$$0000000F  mc_w.l(entry11a.o)
    0x08000140   0x08000140   0x00000004   Code   RO         4699    .ARM.Collect$$$$00002712  mc_w.l(entry2.o)
    0x08000144   0x08000144   0x00000024   Code   RO            4    .text               startup_stm32f103xe.o
    0x08000168   0x08000168   0x00000020   Code   RO         4352    .text               mc_w.l(llushr.o)
    0x08000188   0x08000188   0x00000024   Code   RO         4354    .text               mc_w.l(memcpya.o)
    0x080001ac   0x080001ac   0x00000024   Code   RO         4356    .text               mc_w.l(memseta.o)
    0x080001d0   0x080001d0   0x00000018   Code   RO         4358    .text               mc_w.l(strcat.o)
    0x080001e8   0x080001e8   0x00000024   Code   RO         4360    .text               mc_w.l(strstr.o)
    0x0800020c   0x0800020c   0x00000018   Code   RO         4362    .text               mc_w.l(strncpy.o)
    0x08000224   0x08000224   0x0000000e   Code   RO         4364    .text               mc_w.l(strlen.o)
    0x08000232   0x08000232   0x00000012   Code   RO         4368    .text               mc_w.l(strcpy.o)
    0x08000244   0x08000244   0x000000b0   Code   RO         4633    .text               mf_w.l(fadd.o)
    0x080002f4   0x080002f4   0x00000064   Code   RO         4635    .text               mf_w.l(fmul.o)
    0x08000358   0x08000358   0x00000018   Code   RO         4639    .text               mf_w.l(fscalb.o)
    0x08000370   0x08000370   0x0000014e   Code   RO         4641    .text               mf_w.l(dadd.o)
    0x080004be   0x080004be   0x000000e4   Code   RO         4643    .text               mf_w.l(dmul.o)
    0x080005a2   0x080005a2   0x000000de   Code   RO         4645    .text               mf_w.l(ddiv.o)
    0x08000680   0x08000680   0x00000032   Code   RO         4653    .text               mf_w.l(ffixi.o)
    0x080006b2   0x080006b2   0x00000026   Code   RO         4657    .text               mf_w.l(f2d.o)
    0x080006d8   0x080006d8   0x00000038   Code   RO         4659    .text               mf_w.l(d2f.o)
    0x08000710   0x08000710   0x0000002c   Code   RO         4715    .text               mc_w.l(uidiv.o)
    0x0800073c   0x0800073c   0x00000062   Code   RO         4717    .text               mc_w.l(uldiv.o)
    0x0800079e   0x0800079e   0x0000001e   Code   RO         4719    .text               mc_w.l(llshl.o)
    0x080007bc   0x080007bc   0x00000024   Code   RO         4721    .text               mc_w.l(llsshr.o)
    0x080007e0   0x080007e0   0x0000009c   Code   RO         4730    .text               mc_w.l(strtod.o)
    0x0800087c   0x0800087c   0x00000000   Code   RO         4732    .text               mc_w.l(iusefp.o)
    0x0800087c   0x0800087c   0x0000006e   Code   RO         4733    .text               mf_w.l(fepilogue.o)
    0x080008ea   0x080008ea   0x000000ba   Code   RO         4735    .text               mf_w.l(depilogue.o)
    0x080009a4   0x080009a4   0x00000030   Code   RO         4739    .text               mf_w.l(dfixul.o)
    0x080009d4   0x080009d4   0x00000030   Code   RO         4741    .text               mf_w.l(cdrcmple.o)
    0x08000a04   0x08000a04   0x00000024   Code   RO         4743    .text               mc_w.l(init.o)
    0x08000a28   0x08000a28   0x0000000a   Code   RO         4746    .text               mc_w.l(isspace_c.o)
    0x08000a32   0x08000a32   0x00000002   PAD
    0x08000a34   0x08000a34   0x00000360   Code   RO         4748    .text               mc_w.l(scanf_fp.o)
    0x08000d94   0x08000d94   0x00000040   Code   RO         4752    .text               mc_w.l(_sgetc.o)
    0x08000dd4   0x08000dd4   0x00000028   Code   RO         4759    .text               mc_w.l(ctype_c.o)
    0x08000dfc   0x08000dfc   0x00000018   Code   RO         4762    .text               mf_w.l(dfltul.o)
    0x08000e14   0x08000e14   0x00000002   Code   RO          166    i.BusFault_Handler  stm32f1xx_it.o
    0x08000e16   0x08000e16   0x00000002   PAD
    0x08000e18   0x08000e18   0x00000024   Code   RO         3420    i.ConvertFloat_Str  hmilcd.o
    0x08000e3c   0x08000e3c   0x00000002   Code   RO          167    i.DebugMon_Handler  stm32f1xx_it.o
    0x08000e3e   0x08000e3e   0x00000002   Code   RO          350    i.Error_Handler     sys.o
    0x08000e40   0x08000e40   0x000001f8   Code   RO         1182    i.HAL_GPIO_Init     stm32f1xx_hal_gpio.o
    0x08001038   0x08001038   0x0000000a   Code   RO         1186    i.HAL_GPIO_WritePin  stm32f1xx_hal_gpio.o
    0x08001042   0x08001042   0x00000002   PAD
    0x08001044   0x08001044   0x0000000c   Code   RO          878    i.HAL_GetTick       stm32f1xx_hal.o
    0x08001050   0x08001050   0x00000010   Code   RO          884    i.HAL_IncTick       stm32f1xx_hal.o
    0x08001060   0x08001060   0x00000024   Code   RO          885    i.HAL_Init          stm32f1xx_hal.o
    0x08001084   0x08001084   0x00000040   Code   RO          886    i.HAL_InitTick      stm32f1xx_hal.o
    0x080010c4   0x080010c4   0x00000040   Code   RO          325    i.HAL_MspInit       stm32f1xx_hal_msp.o
    0x08001104   0x08001104   0x0000001a   Code   RO         1342    i.HAL_NVIC_EnableIRQ  stm32f1xx_hal_cortex.o
    0x0800111e   0x0800111e   0x00000002   PAD
    0x08001120   0x08001120   0x00000040   Code   RO         1348    i.HAL_NVIC_SetPriority  stm32f1xx_hal_cortex.o
    0x08001160   0x08001160   0x00000024   Code   RO         1349    i.HAL_NVIC_SetPriorityGrouping  stm32f1xx_hal_cortex.o
    0x08001184   0x08001184   0x0000012c   Code   RO         1042    i.HAL_RCC_ClockConfig  stm32f1xx_hal_rcc.o
    0x080012b0   0x080012b0   0x00000020   Code   RO         1049    i.HAL_RCC_GetPCLK1Freq  stm32f1xx_hal_rcc.o
    0x080012d0   0x080012d0   0x00000020   Code   RO         1050    i.HAL_RCC_GetPCLK2Freq  stm32f1xx_hal_rcc.o
    0x080012f0   0x080012f0   0x0000006c   Code   RO         1051    i.HAL_RCC_GetSysClockFreq  stm32f1xx_hal_rcc.o
    0x0800135c   0x0800135c   0x00000320   Code   RO         1054    i.HAL_RCC_OscConfig  stm32f1xx_hal_rcc.o
    0x0800167c   0x0800167c   0x00000018   Code   RO         1351    i.HAL_SYSTICK_CLKSourceConfig  stm32f1xx_hal_cortex.o
    0x08001694   0x08001694   0x00000028   Code   RO         1353    i.HAL_SYSTICK_Config  stm32f1xx_hal_cortex.o
    0x080016bc   0x080016bc   0x00000002   Code   RO         2548    i.HAL_TIMEx_BreakCallback  stm32f1xx_hal_tim_ex.o
    0x080016be   0x080016be   0x00000002   Code   RO         2549    i.HAL_TIMEx_CommutCallback  stm32f1xx_hal_tim_ex.o
    0x080016c0   0x080016c0   0x0000005a   Code   RO         1844    i.HAL_TIM_Base_Init  stm32f1xx_hal_tim.o
    0x0800171a   0x0800171a   0x00000002   PAD
    0x0800171c   0x0800171c   0x00000038   Code   RO         3286    i.HAL_TIM_Base_MspInit  tim.o
    0x08001754   0x08001754   0x0000006c   Code   RO         1849    i.HAL_TIM_Base_Start_IT  stm32f1xx_hal_tim.o
    0x080017c0   0x080017c0   0x00000002   Code   RO         1878    i.HAL_TIM_IC_CaptureCallback  stm32f1xx_hal_tim.o
    0x080017c2   0x080017c2   0x00000166   Code   RO         1892    i.HAL_TIM_IRQHandler  stm32f1xx_hal_tim.o
    0x08001928   0x08001928   0x00000002   Code   RO         1895    i.HAL_TIM_OC_DelayElapsedCallback  stm32f1xx_hal_tim.o
    0x0800192a   0x0800192a   0x000000c6   Code   RO         1916    i.HAL_TIM_PWM_ConfigChannel  stm32f1xx_hal_tim.o
    0x080019f0   0x080019f0   0x0000005a   Code   RO         1919    i.HAL_TIM_PWM_Init  stm32f1xx_hal_tim.o
    0x08001a4a   0x08001a4a   0x00000002   PAD
    0x08001a4c   0x08001a4c   0x00000074   Code   RO         3287    i.HAL_TIM_PWM_MspInit  tim.o
    0x08001ac0   0x08001ac0   0x00000002   Code   RO         1922    i.HAL_TIM_PWM_PulseFinishedCallback  stm32f1xx_hal_tim.o
    0x08001ac2   0x08001ac2   0x00000002   PAD
    0x08001ac4   0x08001ac4   0x000000b4   Code   RO         1924    i.HAL_TIM_PWM_Start  stm32f1xx_hal_tim.o
    0x08001b78   0x08001b78   0x00000034   Code   RO         3288    i.HAL_TIM_PeriodElapsedCallback  tim.o
    0x08001bac   0x08001bac   0x00000002   Code   RO         1935    i.HAL_TIM_TriggerCallback  stm32f1xx_hal_tim.o
    0x08001bae   0x08001bae   0x00000062   Code   RO         2840    i.HAL_UART_Init     stm32f1xx_hal_uart.o
    0x08001c10   0x08001c10   0x000000d8   Code   RO         3175    i.HAL_UART_MspInit  usart_1.o
    0x08001ce8   0x08001ce8   0x00000006   Code   RO         3379    i.Hal_Delay_init    delay.o
    0x08001cee   0x08001cee   0x0000001a   Code   RO         3380    i.Hal_Delay_ms      delay.o
    0x08001d08   0x08001d08   0x00000034   Code   RO         3381    i.Hal_Delay_us      delay.o
    0x08001d3c   0x08001d3c   0x00000048   Code   RO         3352    i.Hal_Led_Init      led.o
    0x08001d84   0x08001d84   0x00000014   Code   RO         3176    i.Hal_SendData      usart_1.o
    0x08001d98   0x08001d98   0x0000001e   Code   RO         3177    i.Hal_SendString    usart_1.o
    0x08001db6   0x08001db6   0x00000002   PAD
    0x08001db8   0x08001db8   0x00000028   Code   RO         3289    i.Hal_TIM2_Init     tim.o
    0x08001de0   0x08001de0   0x00000054   Code   RO         3290    i.Hal_TIM3_Pwm_Init  tim.o
    0x08001e34   0x08001e34   0x00000044   Code   RO         3178    i.Hal_USART1_UART_Init  usart_1.o
    0x08001e78   0x08001e78   0x00000044   Code   RO         3179    i.Hal_USART2_UART_Init  usart_1.o
    0x08001ebc   0x08001ebc   0x0000004c   Code   RO         3180    i.Hal_Usart1_Printf  usart_1.o
    0x08001f08   0x08001f08   0x0000004c   Code   RO         3181    i.Hal_Usart2_Printf  usart_1.o
    0x08001f54   0x08001f54   0x00000002   Code   RO          168    i.HardFault_Handler  stm32f1xx_it.o
    0x08001f56   0x08001f56   0x00000002   PAD
    0x08001f58   0x08001f58   0x000002b8   Code   RO         3422    i.Hmi_Send_Float    hmilcd.o
    0x08002210   0x08002210   0x00000040   Code   RO         4212    i.MPU_IIC_Ack       mpuiic.o
    0x08002250   0x08002250   0x00000048   Code   RO         4214    i.MPU_IIC_Init      mpuiic.o
    0x08002298   0x08002298   0x00000040   Code   RO         4215    i.MPU_IIC_NAck      mpuiic.o
    0x080022d8   0x080022d8   0x0000006c   Code   RO         4216    i.MPU_IIC_Read_Byte  mpuiic.o
    0x08002344   0x08002344   0x00000058   Code   RO         4217    i.MPU_IIC_Send_Byte  mpuiic.o
    0x0800239c   0x0800239c   0x00000040   Code   RO         4218    i.MPU_IIC_Start     mpuiic.o
    0x080023dc   0x080023dc   0x00000044   Code   RO         4219    i.MPU_IIC_Stop      mpuiic.o
    0x08002420   0x08002420   0x00000058   Code   RO         4220    i.MPU_IIC_Wait_Ack  mpuiic.o
    0x08002478   0x08002478   0x000000b8   Code   RO         4126    i.MPU_Init          mpu6050.o
    0x08002530   0x08002530   0x0000003a   Code   RO         4127    i.MPU_Read_Byte     mpu6050.o
    0x0800256a   0x0800256a   0x0000000a   Code   RO         4129    i.MPU_Set_Accel_Fsr  mpu6050.o
    0x08002574   0x08002574   0x0000000a   Code   RO         4130    i.MPU_Set_Gyro_Fsr  mpu6050.o
    0x0800257e   0x0800257e   0x00000030   Code   RO         4131    i.MPU_Set_LPF       mpu6050.o
    0x080025ae   0x080025ae   0x0000002e   Code   RO         4132    i.MPU_Set_Rate      mpu6050.o
    0x080025dc   0x080025dc   0x0000003c   Code   RO         4133    i.MPU_Write_Byte    mpu6050.o
    0x08002618   0x08002618   0x00000002   Code   RO          169    i.MemManage_Handler  stm32f1xx_it.o
    0x0800261a   0x0800261a   0x00000002   Code   RO          170    i.NMI_Handler       stm32f1xx_it.o
    0x0800261c   0x0800261c   0x00000030   Code   RO         4287    i.PIDParament_Init  pid.o
    0x0800264c   0x0800264c   0x00000002   Code   RO          171    i.PendSV_Handler    stm32f1xx_it.o
    0x0800264e   0x0800264e   0x00000002   Code   RO          172    i.SVC_Handler       stm32f1xx_it.o
    0x08002650   0x08002650   0x00000004   Code   RO          173    i.SysTick_Handler   stm32f1xx_it.o
    0x08002654   0x08002654   0x00000058   Code   RO          353    i.SystemClock_Config  sys.o
    0x080026ac   0x080026ac   0x00000002   Code   RO         3137    i.SystemInit        system_stm32f1xx.o
    0x080026ae   0x080026ae   0x00000002   PAD
    0x080026b0   0x080026b0   0x0000000c   Code   RO         3291    i.TIM2_IRQHandler   tim.o
    0x080026bc   0x080026bc   0x0000008c   Code   RO         1937    i.TIM_Base_SetConfig  stm32f1xx_hal_tim.o
    0x08002748   0x08002748   0x0000001a   Code   RO         1938    i.TIM_CCxChannelCmd  stm32f1xx_hal_tim.o
    0x08002762   0x08002762   0x00000002   PAD
    0x08002764   0x08002764   0x00000060   Code   RO         1950    i.TIM_OC1_SetConfig  stm32f1xx_hal_tim.o
    0x080027c4   0x080027c4   0x0000006c   Code   RO         1951    i.TIM_OC2_SetConfig  stm32f1xx_hal_tim.o
    0x08002830   0x08002830   0x00000068   Code   RO         1952    i.TIM_OC3_SetConfig  stm32f1xx_hal_tim.o
    0x08002898   0x08002898   0x00000050   Code   RO         1953    i.TIM_OC4_SetConfig  stm32f1xx_hal_tim.o
    0x080028e8   0x080028e8   0x0000000c   Code   RO         3292    i.Tim_PwmOutPut     tim.o
    0x080028f4   0x080028f4   0x000000b8   Code   RO         2866    i.UART_SetConfig    stm32f1xx_hal_uart.o
    0x080029ac   0x080029ac   0x00000078   Code   RO         3182    i.USART1_IRQHandler  usart_1.o
    0x08002a24   0x08002a24   0x00000078   Code   RO         3183    i.USART2_IRQHandler  usart_1.o
    0x08002a9c   0x08002a9c   0x000000cc   Code   RO         3184    i.USER_UART_RxCpltCallback  usart_1.o
    0x08002b68   0x08002b68   0x00000002   Code   RO          174    i.UsageFault_Handler  stm32f1xx_it.o
    0x08002b6a   0x08002b6a   0x00000002   PAD
    0x08002b6c   0x08002b6c   0x00000028   Code   RO         4607    i.__0sprintf        mc_w.l(printfa.o)
    0x08002b94   0x08002b94   0x0000002c   Code   RO         4610    i.__0vsnprintf      mc_w.l(printfa.o)
    0x08002bc0   0x08002bc0   0x00000020   Code   RO         1355    i.__NVIC_SetPriority  stm32f1xx_hal_cortex.o
    0x08002be0   0x08002be0   0x0000000c   Code   RO         4724    i.__read_errno      mc_w.l(errno.o)
    0x08002bec   0x08002bec   0x0000000e   Code   RO         4766    i.__scatterload_copy  mc_w.l(handlers.o)
    0x08002bfa   0x08002bfa   0x00000002   Code   RO         4767    i.__scatterload_null  mc_w.l(handlers.o)
    0x08002bfc   0x08002bfc   0x0000000e   Code   RO         4768    i.__scatterload_zeroinit  mc_w.l(handlers.o)
    0x08002c0a   0x08002c0a   0x00000002   PAD
    0x08002c0c   0x08002c0c   0x0000000c   Code   RO         4725    i.__set_errno       mc_w.l(errno.o)
    0x08002c18   0x08002c18   0x00000184   Code   RO         4612    i._fp_digits        mc_w.l(printfa.o)
    0x08002d9c   0x08002d9c   0x0000000e   Code   RO         4750    i._is_digit         mc_w.l(scanf_fp.o)
    0x08002daa   0x08002daa   0x00000002   PAD
    0x08002dac   0x08002dac   0x000006dc   Code   RO         4613    i._printf_core      mc_w.l(printfa.o)
    0x08003488   0x08003488   0x00000024   Code   RO         4614    i._printf_post_padding  mc_w.l(printfa.o)
    0x080034ac   0x080034ac   0x0000002e   Code   RO         4615    i._printf_pre_padding  mc_w.l(printfa.o)
    0x080034da   0x080034da   0x00000016   Code   RO         4616    i._snputc           mc_w.l(printfa.o)
    0x080034f0   0x080034f0   0x0000000a   Code   RO         4617    i._sputc            mc_w.l(printfa.o)
    0x080034fa   0x080034fa   0x0000002a   Code   RO         4344    i.atof              m_ws.l(atof.o)
    0x08003524   0x08003524   0x0000005c   Code   RO           13    i.main              main.o
    0x08003580   0x08003580   0x00000120   Code   RO         4288    i.pid_calc          pid.o
    0x080036a0   0x080036a0   0x00000010   Data   RO         3138    .constdata          system_stm32f1xx.o
    0x080036b0   0x080036b0   0x00000008   Data   RO         3139    .constdata          system_stm32f1xx.o
    0x080036b8   0x080036b8   0x00000040   Data   RO         4760    .constdata          mc_w.l(ctype_c.o)
    0x080036f8   0x080036f8   0x0000000a   Data   RO         3426    .conststring        hmilcd.o
    0x08003702   0x08003702   0x00000002   PAD
    0x08003704   0x08003704   0x00000020   Data   RO         4764    Region$$Table       anon$$obj.o


    Execution Region RW_IRAM1 (Exec base: 0x20000000, Load base: 0x08003724, Size: 0x00001e08, Max: 0x00005000, ABSOLUTE)

    Exec Addr    Load Addr    Size         Type   Attr      Idx    E Section Name        Object

    0x20000000   0x08003724   0x0000000c   Data   RW          892    .data               stm32f1xx_hal.o
    0x2000000c   0x08003730   0x00000004   Data   RW         3140    .data               system_stm32f1xx.o
    0x20000010   0x08003734   0x00000030   Data   RW         3191    .data               usart_1.o
    0x20000040   0x08003764   0x00000004   Data   RW         3382    .data               delay.o
    0x20000044   0x08003768   0x00000008   Data   RW         3427    .data               hmilcd.o
    0x2000004c   0x08003770   0x00000002   Data   RW         4290    .data               pid.o
    0x2000004e   0x08003772   0x00000002   PAD
    0x20000050   0x08003774   0x00000004   Data   RW         4726    .data               mc_w.l(errno.o)
    0x20000054        -       0x00000880   Zero   RW         3185    .bss                usart_1.o
    0x200008d4        -       0x00000400   Zero   RW         3186    .bss                usart_1.o
    0x20000cd4        -       0x00000400   Zero   RW         3187    .bss                usart_1.o
    0x200010d4        -       0x00000400   Zero   RW         3188    .bss                usart_1.o
    0x200014d4        -       0x00000400   Zero   RW         3189    .bss                usart_1.o
    0x200018d4        -       0x00000040   Zero   RW         3190    .bss                usart_1.o
    0x20001914        -       0x00000090   Zero   RW         3293    .bss                tim.o
    0x200019a4        -       0x00000032   Zero   RW         3425    .bss                hmilcd.o
    0x200019d6   0x08003778   0x00000002   PAD
    0x200019d8        -       0x0000002c   Zero   RW         4289    .bss                pid.o
    0x20001a04   0x08003778   0x00000004   PAD
    0x20001a08        -       0x00000400   Zero   RW            1    STACK               startup_stm32f103xe.o


==============================================================================

Image component sizes


      Code (inc. data)   RO Data    RW Data    ZI Data      Debug   Object Name

        84          4          0          4          0       1739   delay.o
       732         34         10          8         50       2165   hmilcd.o
         0          0          0          0          0       4932   inv_mpu.o
        72         10          0          0          0        815   led.o
        92         12          0          0          0     444935   main.o
       416         12          0          0          0       4362   mpu6050.o
       616         72          0          0          0       5022   mpuiic.o
       336         38          0          2         44       1838   pid.o
        36          8        304          0       1024        808   startup_stm32f103xe.o
       128         24          0         12          0       5941   stm32f1xx_hal.o
       222         14          0          0          0      29585   stm32f1xx_hal_cortex.o
       514         42          0          0          0       2920   stm32f1xx_hal_gpio.o
        64         10          0          0          0        854   stm32f1xx_hal_msp.o
      1272        100          0          0          0       5228   stm32f1xx_hal_rcc.o
      1586         96          0          0          0      12516   stm32f1xx_hal_tim.o
         4          0          0          0          0       1565   stm32f1xx_hal_tim_ex.o
       282          6          0          0          0       1928   stm32f1xx_hal_uart.o
        20          0          0          0          0     483466   stm32f1xx_it.o
        90          0          0          0          0       3173   sys.o
         2          0         24          4          0       1111   system_stm32f1xx.o
       372         54          0          0        144       4353   tim.o
       998        108          0         48       6336       8617   usart_1.o

    ----------------------------------------------------------------------
      7960        644        372         80       7604    1027873   Object Totals
         0          0         32          0          0          0   (incl. Generated)
        22          0          2          2          6          0   (incl. Padding)

    ----------------------------------------------------------------------

      Code (inc. data)   RO Data    RW Data    ZI Data      Debug   Library Member Name

        42          0          0          0          0         84   atof.o
        64          0          0          0          0         84   _sgetc.o
        40          6         64          0          0         68   ctype_c.o
         0          0          0          0          0          0   entry.o
         0          0          0          0          0          0   entry10a.o
         0          0          0          0          0          0   entry11a.o
         8          4          0          0          0          0   entry2.o
         4          0          0          0          0          0   entry5.o
         0          0          0          0          0          0   entry7b.o
         0          0          0          0          0          0   entry8b.o
         8          4          0          0          0          0   entry9a.o
        24         12          0          4          0        136   errno.o
        30          0          0          0          0          0   handlers.o
        36          8          0          0          0         68   init.o
        10          0          0          0          0         68   isspace_c.o
         0          0          0          0          0          0   iusefp.o
        30          0          0          0          0         68   llshl.o
        36          0          0          0          0         68   llsshr.o
        32          0          0          0          0         68   llushr.o
        36          0          0          0          0         68   memcpya.o
        36          0          0          0          0        108   memseta.o
      2342         90          0          0          0        668   printfa.o
       878         12          0          0          0        216   scanf_fp.o
        24          0          0          0          0         68   strcat.o
        18          0          0          0          0         68   strcpy.o
        14          0          0          0          0         68   strlen.o
        24          0          0          0          0         76   strncpy.o
        36          0          0          0          0         80   strstr.o
       156         12          0          0          0        120   strtod.o
        44          0          0          0          0         80   uidiv.o
        98          0          0          0          0         92   uldiv.o
        48          0          0          0          0         68   cdrcmple.o
        56          0          0          0          0         88   d2f.o
       334          0          0          0          0        148   dadd.o
       222          0          0          0          0        100   ddiv.o
       186          0          0          0          0        176   depilogue.o
        48          0          0          0          0         68   dfixul.o
        24          0          0          0          0         76   dfltul.o
       228          0          0          0          0         96   dmul.o
        38          0          0          0          0         68   f2d.o
       176          0          0          0          0        140   fadd.o
       110          0          0          0          0        168   fepilogue.o
        50          0          0          0          0         68   ffixi.o
       100          0          0          0          0         76   fmul.o
        24          0          0          0          0         68   fscalb.o

    ----------------------------------------------------------------------
      5720        148         64          4          0       3832   Library Totals
         6          0          0          0          0          0   (incl. Padding)

    ----------------------------------------------------------------------

      Code (inc. data)   RO Data    RW Data    ZI Data      Debug   Library Name

        42          0          0          0          0         84   m_ws.l
      4028        148         64          4          0       2340   mc_w.l
      1644          0          0          0          0       1408   mf_w.l

    ----------------------------------------------------------------------
      5720        148         64          4          0       3832   Library Totals

    ----------------------------------------------------------------------

==============================================================================


      Code (inc. data)   RO Data    RW Data    ZI Data      Debug   

     13680        792        436         84       7604    1025097   Grand Totals
     13680        792        436         84       7604    1025097   ELF Image Totals
     13680        792        436         84          0          0   ROM Totals

==============================================================================

    Total RO  Size (Code + RO Data)                14116 (  13.79kB)
    Total RW  Size (RW Data + ZI Data)              7688 (   7.51kB)
    Total ROM Size (Code + RO Data + RW Data)      14200 (  13.87kB)

==============================================================================

