Component: ARM Compiler 5.06 update 6 (build 750) Tool: armlink [4d35ed]

==============================================================================

Section Cross References

    startup_stm32f103xe.o(RESET) refers to startup_stm32f103xe.o(STACK) for __initial_sp
    startup_stm32f103xe.o(RESET) refers to startup_stm32f103xe.o(.text) for Reset_Handler
    startup_stm32f103xe.o(RESET) refers to stm32f1xx_it.o(i.NMI_Handler) for NMI_Handler
    startup_stm32f103xe.o(RESET) refers to stm32f1xx_it.o(i.HardFault_Handler) for HardFault_Handler
    startup_stm32f103xe.o(RESET) refers to stm32f1xx_it.o(i.MemManage_Handler) for MemManage_Handler
    startup_stm32f103xe.o(RESET) refers to stm32f1xx_it.o(i.BusFault_Handler) for BusFault_Handler
    startup_stm32f103xe.o(RESET) refers to stm32f1xx_it.o(i.UsageFault_Handler) for UsageFault_Handler
    startup_stm32f103xe.o(RESET) refers to stm32f1xx_it.o(i.SVC_Handler) for SVC_Handler
    startup_stm32f103xe.o(RESET) refers to stm32f1xx_it.o(i.DebugMon_Handler) for DebugMon_Handler
    startup_stm32f103xe.o(RESET) refers to stm32f1xx_it.o(i.PendSV_Handler) for PendSV_Handler
    startup_stm32f103xe.o(RESET) refers to stm32f1xx_it.o(i.SysTick_Handler) for SysTick_Handler
    startup_stm32f103xe.o(RESET) refers to tim.o(i.TIM2_IRQHandler) for TIM2_IRQHandler
    startup_stm32f103xe.o(RESET) refers to usart.o(i.USART1_IRQHandler) for USART1_IRQHandler
    startup_stm32f103xe.o(RESET) refers to usart.o(i.USART2_IRQHandler) for USART2_IRQHandler
    startup_stm32f103xe.o(.text) refers to system_stm32f1xx.o(i.SystemInit) for SystemInit
    startup_stm32f103xe.o(.text) refers to entry.o(.ARM.Collect$$$$00000000) for __main
    main.o(i.main) refers to stm32f1xx_hal.o(i.HAL_Init) for HAL_Init
    main.o(i.main) refers to sys.o(i.SystemClock_Config) for SystemClock_Config
    main.o(i.main) refers to delay.o(i.Hal_Delay_init) for Hal_Delay_init
    main.o(i.main) refers to mpu6050.o(i.MPU_Init) for MPU_Init
    main.o(i.main) refers to inv_mpu.o(i.mpu_dmp_get_data) for mpu_dmp_get_data
    main.o(i.main) refers to f2d.o(.text) for __aeabi_f2d
    main.o(i.main) refers to printfa.o(i.__0sprintf) for __2sprintf
    main.o(i.main) refers to printfa.o(i.__0printf) for __2printf
    main.o(i.main) refers to delay.o(i.Hal_Delay_ms) for Hal_Delay_ms
    main.o(i.main) refers to usart.o(.data) for Usart
    stm32f1xx_it.o(i.SysTick_Handler) refers to stm32f1xx_hal.o(i.HAL_IncTick) for HAL_IncTick
    stm32f1xx_hal_msp.o(i.HAL_MspInit) refers to stm32f1xx_hal_cortex.o(i.HAL_NVIC_SetPriorityGrouping) for HAL_NVIC_SetPriorityGrouping
    sys.o(i.SystemClock_Config) refers to memseta.o(.text) for __aeabi_memclr4
    sys.o(i.SystemClock_Config) refers to stm32f1xx_hal_rcc.o(i.HAL_RCC_OscConfig) for HAL_RCC_OscConfig
    sys.o(i.SystemClock_Config) refers to stm32f1xx_hal_rcc.o(i.HAL_RCC_ClockConfig) for HAL_RCC_ClockConfig
    stm32f1xx_hal_i2c.o(i.HAL_I2C_DeInit) refers to stm32f1xx_hal_i2c.o(i.HAL_I2C_MspDeInit) for HAL_I2C_MspDeInit
    stm32f1xx_hal_i2c.o(i.HAL_I2C_ER_IRQHandler) refers to stm32f1xx_hal_i2c.o(i.I2C_Slave_AF) for I2C_Slave_AF
    stm32f1xx_hal_i2c.o(i.HAL_I2C_ER_IRQHandler) refers to stm32f1xx_hal_i2c.o(i.I2C_ITError) for I2C_ITError
    stm32f1xx_hal_i2c.o(i.HAL_I2C_EV_IRQHandler) refers to stm32f1xx_hal_i2c.o(i.I2C_Master_SB) for I2C_Master_SB
    stm32f1xx_hal_i2c.o(i.HAL_I2C_EV_IRQHandler) refers to stm32f1xx_hal_i2c.o(i.I2C_Master_ADDR) for I2C_Master_ADDR
    stm32f1xx_hal_i2c.o(i.HAL_I2C_EV_IRQHandler) refers to stm32f1xx_hal_i2c.o(i.I2C_MasterTransmit_TXE) for I2C_MasterTransmit_TXE
    stm32f1xx_hal_i2c.o(i.HAL_I2C_EV_IRQHandler) refers to stm32f1xx_hal_i2c.o(i.I2C_MemoryTransmit_TXE_BTF) for I2C_MemoryTransmit_TXE_BTF
    stm32f1xx_hal_i2c.o(i.HAL_I2C_EV_IRQHandler) refers to stm32f1xx_hal_i2c.o(i.I2C_MasterTransmit_BTF) for I2C_MasterTransmit_BTF
    stm32f1xx_hal_i2c.o(i.HAL_I2C_EV_IRQHandler) refers to stm32f1xx_hal_i2c.o(i.I2C_MasterReceive_RXNE) for I2C_MasterReceive_RXNE
    stm32f1xx_hal_i2c.o(i.HAL_I2C_EV_IRQHandler) refers to stm32f1xx_hal_i2c.o(i.I2C_MasterReceive_BTF) for I2C_MasterReceive_BTF
    stm32f1xx_hal_i2c.o(i.HAL_I2C_EV_IRQHandler) refers to stm32f1xx_hal_i2c.o(i.HAL_I2C_AddrCallback) for HAL_I2C_AddrCallback
    stm32f1xx_hal_i2c.o(i.HAL_I2C_EV_IRQHandler) refers to stm32f1xx_hal_i2c.o(i.I2C_Slave_STOPF) for I2C_Slave_STOPF
    stm32f1xx_hal_i2c.o(i.HAL_I2C_EV_IRQHandler) refers to stm32f1xx_hal_i2c.o(i.HAL_I2C_SlaveRxCpltCallback) for HAL_I2C_SlaveRxCpltCallback
    stm32f1xx_hal_i2c.o(i.HAL_I2C_EV_IRQHandler) refers to stm32f1xx_hal_i2c.o(i.HAL_I2C_SlaveTxCpltCallback) for HAL_I2C_SlaveTxCpltCallback
    stm32f1xx_hal_i2c.o(i.HAL_I2C_Init) refers to stm32f1xx_hal_i2c.o(i.HAL_I2C_MspInit) for HAL_I2C_MspInit
    stm32f1xx_hal_i2c.o(i.HAL_I2C_Init) refers to stm32f1xx_hal_rcc.o(i.HAL_RCC_GetPCLK1Freq) for HAL_RCC_GetPCLK1Freq
    stm32f1xx_hal_i2c.o(i.HAL_I2C_IsDeviceReady) refers to stm32f1xx_hal.o(i.HAL_GetTick) for HAL_GetTick
[...]
    Removing hmilcd.o(i.ConvertFloat_Str), (36 bytes).
    Removing hmilcd.o(i.ConvertInt_Str), (62 bytes).
    Removing hmilcd.o(i.Hmi_Send_Float), (696 bytes).
    Removing hmilcd.o(i.Hmi_Send_Int), (696 bytes).
    Removing hmilcd.o(i.Reverse_Str), (40 bytes).
    Removing hmilcd.o(.bss), (50 bytes).
    Removing hmilcd.o(.conststring), (10 bytes).
    Removing hmilcd.o(.data), (8 bytes).
    Removing inv_mpu.o(.rev16_text), (4 bytes).
    Removing inv_mpu.o(.revsh_text), (4 bytes).
    Removing inv_mpu.o(.rrx_text), (6 bytes).
    Removing inv_mpu.o(i.accel_self_test), (128 bytes).
    Removing inv_mpu.o(i.get_accel_prod_shift), (172 bytes).
    Removing inv_mpu.o(i.get_st_biases), (788 bytes).
    Removing inv_mpu.o(i.gyro_self_test), (212 bytes).
    Removing inv_mpu.o(i.inv_orientation_matrix_to_scalar), (34 bytes).
    Removing inv_mpu.o(i.inv_row_2_scale), (72 bytes).
    Removing inv_mpu.o(i.mpu_configure_fifo), (84 bytes).
    Removing inv_mpu.o(i.mpu_dmp_init), (164 bytes).
    Removing inv_mpu.o(i.mpu_get_accel_fsr), (60 bytes).
    Removing inv_mpu.o(i.mpu_get_accel_reg), (72 bytes).
    Removing inv_mpu.o(i.mpu_get_accel_sens), (68 bytes).
    Removing inv_mpu.o(i.mpu_get_compass_fsr), (6 bytes).
    Removing inv_mpu.o(i.mpu_get_compass_reg), (6 bytes).
    Removing inv_mpu.o(i.mpu_get_compass_sample_rate), (8 bytes).
    Removing inv_mpu.o(i.mpu_get_dmp_state), (16 bytes).
    Removing inv_mpu.o(i.mpu_get_fifo_config), (16 bytes).
    Removing inv_mpu.o(i.mpu_get_gyro_fsr), (52 bytes).
    Removing inv_mpu.o(i.mpu_get_gyro_reg), (72 bytes).
    Removing inv_mpu.o(i.mpu_get_gyro_sens), (64 bytes).
    Removing inv_mpu.o(i.mpu_get_int_status), (52 bytes).
    Removing inv_mpu.o(i.mpu_get_lpf), (56 bytes).
    Removing inv_mpu.o(i.mpu_get_power_state), (20 bytes).
    Removing inv_mpu.o(i.mpu_get_sample_rate), (28 bytes).
    Removing inv_mpu.o(i.mpu_get_temperature), (112 bytes).
    Removing inv_mpu.o(i.mpu_init), (392 bytes).
    Removing inv_mpu.o(i.mpu_load_firmware), (160 bytes).
    Removing inv_mpu.o(i.mpu_lp_accel_mode), (184 bytes).
    Removing inv_mpu.o(i.mpu_lp_motion_interrupt), (432 bytes).
    Removing inv_mpu.o(i.mpu_read_fifo), (340 bytes).
    Removing inv_mpu.o(i.mpu_read_mem), (84 bytes).
    Removing inv_mpu.o(i.mpu_read_reg), (56 bytes).
    Removing inv_mpu.o(i.mpu_reg_dump), (92 bytes).
    Removing inv_mpu.o(i.mpu_run_self_test), (240 bytes).
    Removing inv_mpu.o(i.mpu_set_accel_bias), (220 bytes).
    Removing inv_mpu.o(i.mpu_set_accel_fsr), (104 bytes).
    Removing inv_mpu.o(i.mpu_set_bypass), (220 bytes).
    Removing inv_mpu.o(i.mpu_set_compass_sample_rate), (6 bytes).
    Removing inv_mpu.o(i.mpu_set_dmp_state), (120 bytes).
    Removing inv_mpu.o(i.mpu_set_gyro_fsr), (108 bytes).
    Removing inv_mpu.o(i.mpu_set_int_latched), (100 bytes).
    Removing inv_mpu.o(i.mpu_set_int_level), (16 bytes).
    Removing inv_mpu.o(i.mpu_set_lpf), (108 bytes).
    Removing inv_mpu.o(i.mpu_set_sample_rate), (128 bytes).
    Removing inv_mpu.o(i.mpu_set_sensors), (184 bytes).
    Removing inv_mpu.o(i.mpu_write_mem), (84 bytes).
    Removing inv_mpu.o(i.run_self_test), (128 bytes).
    Removing inv_mpu.o(i.set_int_enable), (88 bytes).
    Removing inv_mpu.o(i.setup_compass), (6 bytes).
    Removing inv_mpu.o(.conststring), (77 bytes).
    Removing inv_mpu_dmp_motion_driver.o(.rev16_text), (4 bytes).
    Removing inv_mpu_dmp_motion_driver.o(.revsh_text), (4 bytes).
    Removing inv_mpu_dmp_motion_driver.o(.rrx_text), (6 bytes).
    Removing inv_mpu_dmp_motion_driver.o(i.dmp_enable_6x_lp_quat), (58 bytes).
    Removing inv_mpu_dmp_motion_driver.o(i.dmp_enable_feature), (472 bytes).
    Removing inv_mpu_dmp_motion_driver.o(i.dmp_enable_gyro_cal), (60 bytes).
    Removing inv_mpu_dmp_motion_driver.o(i.dmp_enable_lp_quat), (58 bytes).
    Removing inv_mpu_dmp_motion_driver.o(i.dmp_get_enabled_features), (16 bytes).
    Removing inv_mpu_dmp_motion_driver.o(i.dmp_get_fifo_rate), (16 bytes).
    Removing inv_mpu_dmp_motion_driver.o(i.dmp_get_pedometer_step_count), (48 bytes).
    Removing inv_mpu_dmp_motion_driver.o(i.dmp_get_pedometer_walk_time), (54 bytes).
    Removing inv_mpu_dmp_motion_driver.o(i.dmp_load_motion_driver_firmware), (20 bytes).
    Removing inv_mpu_dmp_motion_driver.o(i.dmp_register_android_orient_cb), (12 bytes).
    Removing inv_mpu_dmp_motion_driver.o(i.dmp_register_tap_cb), (12 bytes).
    Removing inv_mpu_dmp_motion_driver.o(i.dmp_set_accel_bias), (216 bytes).
    Removing inv_mpu_dmp_motion_driver.o(i.dmp_set_fifo_rate), (100 bytes).
    Removing inv_mpu_dmp_motion_driver.o(i.dmp_set_gyro_bias), (204 bytes).
    Removing inv_mpu_dmp_motion_driver.o(i.dmp_set_interrupt_mode), (84 bytes).
    Removing inv_mpu_dmp_motion_driver.o(i.dmp_set_orientation), (268 bytes).
    Removing inv_mpu_dmp_motion_driver.o(i.dmp_set_pedometer_step_count), (38 bytes).
    Removing inv_mpu_dmp_motion_driver.o(i.dmp_set_pedometer_walk_time), (44 bytes).
    Removing inv_mpu_dmp_motion_driver.o(i.dmp_set_shake_reject_thresh), (48 bytes).
    Removing inv_mpu_dmp_motion_driver.o(i.dmp_set_shake_reject_time), (32 bytes).
    Removing inv_mpu_dmp_motion_driver.o(i.dmp_set_shake_reject_timeout), (32 bytes).
    Removing inv_mpu_dmp_motion_driver.o(i.dmp_set_tap_axes), (64 bytes).
    Removing inv_mpu_dmp_motion_driver.o(i.dmp_set_tap_count), (34 bytes).
    Removing inv_mpu_dmp_motion_driver.o(i.dmp_set_tap_thresh), (296 bytes).
    Removing inv_mpu_dmp_motion_driver.o(i.dmp_set_tap_time), (32 bytes).
    Removing inv_mpu_dmp_motion_driver.o(i.dmp_set_tap_time_multi), (32 bytes).
    Removing inv_mpu_dmp_motion_driver.o(.constdata), (3062 bytes).
    Removing mpu6050.o(.rev16_text), (4 bytes).
    Removing mpu6050.o(.revsh_text), (4 bytes).
    Removing mpu6050.o(.rrx_text), (6 bytes).
    Removing mpu6050.o(i.MPU_Get_Accelerometer), (50 bytes).
    Removing mpu6050.o(i.MPU_Get_Gyroscope), (50 bytes).
    Removing mpu6050.o(i.MPU_Get_Temperature), (76 bytes).
    Removing mpuiic.o(.rev16_text), (4 bytes).
    Removing mpuiic.o(.revsh_text), (4 bytes).
    Removing mpuiic.o(.rrx_text), (6 bytes).
    Removing mpuiic.o(i.MPU_IIC_Delay), (6 bytes).
    Removing fdiv.o(.text), (124 bytes).
    Removing ffltui.o(.text), (10 bytes).
    Removing dflti.o(.text), (34 bytes).
    Removing ffixi.o(.text), (50 bytes).
    Removing ffixui.o(.text), (40 bytes).
    Removing cdcmple.o(.text), (48 bytes).

591 unused section(s) (total 55889 bytes) removed from the image.

==============================================================================

Image Symbol Table

    Local Symbols

    Symbol Name                              Value     Ov Type        Size  Object(Section)

    ../Drivers/STM32F1xx_HAL_Driver/Src/stm32f1xx_hal.c 0x00000000   Number         0  stm32f1xx_hal.o ABSOLUTE
    ../Drivers/STM32F1xx_HAL_Driver/Src/stm32f1xx_hal_cortex.c 0x00000000   Number         0  stm32f1xx_hal_cortex.o ABSOLUTE
    ../Drivers/STM32F1xx_HAL_Driver/Src/stm32f1xx_hal_dma.c 0x00000000   Number         0  stm32f1xx_hal_dma.o ABSOLUTE
    ../Drivers/STM32F1xx_HAL_Driver/Src/stm32f1xx_hal_exti.c 0x00000000   Number         0  stm32f1xx_hal_exti.o ABSOLUTE
    ../Drivers/STM32F1xx_HAL_Driver/Src/stm32f1xx_hal_flash.c 0x00000000   Number         0  stm32f1xx_hal_flash.o ABSOLUTE
    ../Drivers/STM32F1xx_HAL_Driver/Src/stm32f1xx_hal_flash_ex.c 0x00000000   Number         0  stm32f1xx_hal_flash_ex.o ABSOLUTE
    ../Drivers/STM32F1xx_HAL_Driver/Src/stm32f1xx_hal_gpio.c 0x00000000   Number         0  stm32f1xx_hal_gpio.o ABSOLUTE
    ../Drivers/STM32F1xx_HAL_Driver/Src/stm32f1xx_hal_gpio_ex.c 0x00000000   Number         0  stm32f1xx_hal_gpio_ex.o ABSOLUTE
    ../Drivers/STM32F1xx_HAL_Driver/Src/stm32f1xx_hal_i2c.c 0x00000000   Number         0  stm32f1xx_hal_i2c.o ABSOLUTE
    ../Drivers/STM32F1xx_HAL_Driver/Src/stm32f1xx_hal_pwr.c 0x00000000   Number         0  stm32f1xx_hal_pwr.o ABSOLUTE
    ../Drivers/STM32F1xx_HAL_Driver/Src/stm32f1xx_hal_rcc.c 0x00000000   Number         0  stm32f1xx_hal_rcc.o ABSOLUTE
    ../Drivers/STM32F1xx_HAL_Driver/Src/stm32f1xx_hal_rcc_ex.c 0x00000000   Number         0  stm32f1xx_hal_rcc_ex.o ABSOLUTE
    ../Drivers/STM32F1xx_HAL_Driver/Src/stm32f1xx_hal_tim.c 0x00000000   Number         0  stm32f1xx_hal_tim.o ABSOLUTE
    ../Drivers/STM32F1xx_HAL_Driver/Src/stm32f1xx_hal_tim_ex.c 0x00000000   Number         0  stm32f1xx_hal_tim_ex.o ABSOLUTE
    ../Drivers/STM32F1xx_HAL_Driver/Src/stm32f1xx_hal_uart.c 0x00000000   Number         0  stm32f1xx_hal_uart.o ABSOLUTE
    ../Src/main.c                            0x00000000   Number         0  main.o ABSOLUTE
    ../Src/stm32f1xx_hal_msp.c               0x00000000   Number         0  stm32f1xx_hal_msp.o ABSOLUTE
    ../Src/stm32f1xx_it.c                    0x00000000   Number         0  stm32f1xx_it.o ABSOLUTE
    ../Src/system_stm32f1xx.c                0x00000000   Number         0  system_stm32f1xx.o ABSOLUTE
    ../Src/tim.c                             0x00000000   Number         0  tim.o ABSOLUTE
    ../Src/usart.c                           0x00000000   Number         0  usart.o ABSOLUTE
    ../clib/microlib/division.c              0x00000000   Number         0  uldiv.o ABSOLUTE
    ../clib/microlib/division.c              0x00000000   Number         0  ldiv.o ABSOLUTE
    ../clib/microlib/division.c              0x00000000   Number         0  uidiv.o ABSOLUTE
    ../clib/microlib/errno.c                 0x00000000   Number         0  errno.o ABSOLUTE
    ../clib/microlib/init/entry.s            0x00000000   Number         0  entry7a.o ABSOLUTE
    ../clib/microlib/init/entry.s            0x00000000   Number         0  entry5.o ABSOLUTE
    ../clib/microlib/init/entry.s            0x00000000   Number         0  entry2.o ABSOLUTE
    ../clib/microlib/init/entry.s            0x00000000   Number         0  entry9b.o ABSOLUTE
    ../clib/microlib/init/entry.s            0x00000000   Number         0  entry9a.o ABSOLUTE
    ../clib/microlib/init/entry.s            0x00000000   Number         0  entry11b.o ABSOLUTE
    ../clib/microlib/init/entry.s            0x00000000   Number         0  entry.o ABSOLUTE
    ../clib/microlib/init/entry.s            0x00000000   Number         0  entry11a.o ABSOLUTE
    ../clib/microlib/init/entry.s            0x00000000   Number         0  entry10b.o ABSOLUTE
    ../clib/microlib/init/entry.s            0x00000000   Number         0  entry10a.o ABSOLUTE
    ../clib/microlib/init/entry.s            0x00000000   Number         0  entry8b.o ABSOLUTE
    ../clib/microlib/init/entry.s            0x00000000   Number         0  entry8a.o ABSOLUTE
    ../clib/microlib/init/entry.s            0x00000000   Number         0  entry7b.o ABSOLUTE
    ../clib/microlib/longlong.c              0x00000000   Number         0  llshl.o ABSOLUTE
    ../clib/microlib/longlong.c              0x00000000   Number         0  llsshr.o ABSOLUTE
    ../clib/microlib/longlong.c              0x00000000   Number         0  llushr.o ABSOLUTE
    ../clib/microlib/printf/printf.c         0x00000000   Number         0  printf8.o ABSOLUTE
    ../clib/microlib/printf/printf.c         0x00000000   Number         0  printfa.o ABSOLUTE
    ../clib/microlib/printf/printf.c         0x00000000   Number         0  printf0.o ABSOLUTE
    ../clib/microlib/printf/printf.c         0x00000000   Number         0  printf1.o ABSOLUTE
    ../clib/microlib/printf/printf.c         0x00000000   Number         0  printf2.o ABSOLUTE
    ../clib/microlib/printf/printf.c         0x00000000   Number         0  printf3.o ABSOLUTE
    ../clib/microlib/printf/printf.c         0x00000000   Number         0  printf4.o ABSOLUTE
    ../clib/microlib/printf/printf.c         0x00000000   Number         0  printf5.o ABSOLUTE
    ../clib/microlib/printf/printf.c         0x00000000   Number         0  printf6.o ABSOLUTE
    ../clib/microlib/printf/printf.c         0x00000000   Number         0  printf7.o ABSOLUTE
    ../clib/microlib/printf/printf.c         0x00000000   Number         0  printfb.o ABSOLUTE
    ../clib/microlib/printf/stubs.s          0x00000000   Number         0  stubs.o ABSOLUTE
    ../clib/microlib/string/memcmp.c         0x00000000   Number         0  memcmp.o ABSOLUTE
    ../clib/microlib/string/memcpy.c         0x00000000   Number         0  memcpya.o ABSOLUTE
    ../clib/microlib/string/memcpy.c         0x00000000   Number         0  memcpyb.o ABSOLUTE
    ../clib/microlib/string/memset.c         0x00000000   Number         0  memseta.o ABSOLUTE
    ../clib/microlib/string/strcat.c         0x00000000   Number         0  strcat.o ABSOLUTE
    ../clib/microlib/string/strcpy.c         0x00000000   Number         0  strcpy.o ABSOLUTE
    ../clib/microlib/string/strlen.c         0x00000000   Number         0  strlen.o ABSOLUTE
    ../clib/microlib/string/strstr.c         0x00000000   Number         0  strstr.o ABSOLUTE
    ../clib/microlib/stubs.s                 0x00000000   Number         0  iusefp.o ABSOLUTE
    ../clib/microlib/stubs.s                 0x00000000   Number         0  useno.o ABSOLUTE
    ../fplib/microlib/d2f.c                  0x00000000   Number         0  d2f.o ABSOLUTE
    ../fplib/microlib/f2d.c                  0x00000000   Number         0  f2d.o ABSOLUTE
    ../fplib/microlib/fpadd.c                0x00000000   Number         0  fadd.o ABSOLUTE
    ../fplib/microlib/fpadd.c                0x00000000   Number         0  dadd.o ABSOLUTE
    ../fplib/microlib/fpdiv.c                0x00000000   Number         0  fdiv.o ABSOLUTE
    ../fplib/microlib/fpdiv.c                0x00000000   Number         0  ddiv.o ABSOLUTE
    ../fplib/microlib/fpepilogue.c           0x00000000   Number         0  depilogue.o ABSOLUTE
    ../fplib/microlib/fpepilogue.c           0x00000000   Number         0  fepilogue.o ABSOLUTE
    ../fplib/microlib/fpfix.c                0x00000000   Number         0  dfixul.o ABSOLUTE
    ../fplib/microlib/fpfix.c                0x00000000   Number         0  ffixui.o ABSOLUTE
    ../fplib/microlib/fpfix.c                0x00000000   Number         0  ffixi.o ABSOLUTE
    ../fplib/microlib/fpflt.c                0x00000000   Number         0  ffltui.o ABSOLUTE
    ../fplib/microlib/fpflt.c                0x00000000   Number         0  fflti.o ABSOLUTE
    ../fplib/microlib/fpflt.c                0x00000000   Number         0  dflti.o ABSOLUTE
    ../fplib/microlib/fpmul.c                0x00000000   Number         0  fmul.o ABSOLUTE
    ../fplib/microlib/fpmul.c                0x00000000   Number         0  dmul.o ABSOLUTE
    ../fplib/microlib/fpscalb.c              0x00000000   Number         0  dscalb.o ABSOLUTE
    ../fplib/microlib/fpscalb.c              0x00000000   Number         0  fscalb.o ABSOLUTE
    ../fplib/microlib/fpsqrt.c               0x00000000   Number         0  dsqrt.o ABSOLUTE
    ../mathlib/asin.c                        0x00000000   Number         0  asin.o ABSOLUTE
    ../mathlib/asin.c                        0x00000000   Number         0  asin_x.o ABSOLUTE
    ../mathlib/atan.c                        0x00000000   Number         0  atan.o ABSOLUTE
    ../mathlib/atan.c                        0x00000000   Number         0  atan_x.o ABSOLUTE
    ../mathlib/atan2.c                       0x00000000   Number         0  atan2_x.o ABSOLUTE
    ../mathlib/atan2.c                       0x00000000   Number         0  atan2.o ABSOLUTE
    ../mathlib/dunder.c                      0x00000000   Number         0  dunder.o ABSOLUTE
    ../mathlib/fpclassify.c                  0x00000000   Number         0  fpclassify.o ABSOLUTE
    ../mathlib/poly.c                        0x00000000   Number         0  poly.o ABSOLUTE
    ../mathlib/qnan.c                        0x00000000   Number         0  qnan.o ABSOLUTE
    ../mathlib/sqrt.c                        0x00000000   Number         0  sqrt_x.o ABSOLUTE
    ../mathlib/sqrt.c                        0x00000000   Number         0  sqrt.o ABSOLUTE
    ..\Drivers\STM32F1xx_HAL_Driver\Src\stm32f1xx_hal.c 0x00000000   Number         0  stm32f1xx_hal.o ABSOLUTE
    ..\Drivers\STM32F1xx_HAL_Driver\Src\stm32f1xx_hal_cortex.c 0x00000000   Number         0  stm32f1xx_hal_cortex.o ABSOLUTE
    ..\Drivers\STM32F1xx_HAL_Driver\Src\stm32f1xx_hal_dma.c 0x00000000   Number         0  stm32f1xx_hal_dma.o ABSOLUTE
    ..\Drivers\STM32F1xx_HAL_Driver\Src\stm32f1xx_hal_exti.c 0x00000000   Number         0  stm32f1xx_hal_exti.o ABSOLUTE
    ..\Drivers\STM32F1xx_HAL_Driver\Src\stm32f1xx_hal_flash.c 0x00000000   Number         0  stm32f1xx_hal_flash.o ABSOLUTE
    ..\Drivers\STM32F1xx_HAL_Driver\Src\stm32f1xx_hal_flash_ex.c 0x00000000   Number         0  stm32f1xx_hal_flash_ex.o ABSOLUTE
    ..\Drivers\STM32F1xx_HAL_Driver\Src\stm32f1xx_hal_gpio.c 0x00000000   Number         0  stm32f1xx_hal_gpio.o ABSOLUTE
    ..\Drivers\STM32F1xx_HAL_Driver\Src\stm32f1xx_hal_gpio_ex.c 0x00000000   Number         0  stm32f1xx_hal_gpio_ex.o ABSOLUTE
    ..\Drivers\STM32F1xx_HAL_Driver\Src\stm32f1xx_hal_i2c.c 0x00000000   Number         0  stm32f1xx_hal_i2c.o ABSOLUTE
    ..\Drivers\STM32F1xx_HAL_Driver\Src\stm32f1xx_hal_pwr.c 0x00000000   Number         0  stm32f1xx_hal_pwr.o ABSOLUTE
    ..\Drivers\STM32F1xx_HAL_Driver\Src\stm32f1xx_hal_rcc.c 0x00000000   Number         0  stm32f1xx_hal_rcc.o ABSOLUTE
    ..\Drivers\STM32F1xx_HAL_Driver\Src\stm32f1xx_hal_rcc_ex.c 0x00000000   Number         0  stm32f1xx_hal_rcc_ex.o ABSOLUTE
    ..\Drivers\STM32F1xx_HAL_Driver\Src\stm32f1xx_hal_tim.c 0x00000000   Number         0  stm32f1xx_hal_tim.o ABSOLUTE
    ..\Drivers\STM32F1xx_HAL_Driver\Src\stm32f1xx_hal_tim_ex.c 0x00000000   Number         0  stm32f1xx_hal_tim_ex.o ABSOLUTE
    ..\Drivers\STM32F1xx_HAL_Driver\Src\stm32f1xx_hal_uart.c 0x00000000   Number         0  stm32f1xx_hal_uart.o ABSOLUTE
    ..\Src\delay.c                           0x00000000   Number         0  delay.o ABSOLUTE
    ..\Src\hmilcd.c                          0x00000000   Number         0  hmilcd.o ABSOLUTE
    ..\Src\inv_mpu.c                         0x00000000   Number         0  inv_mpu.o ABSOLUTE
    ..\Src\inv_mpu_dmp_motion_driver.c       0x00000000   Number         0  inv_mpu_dmp_motion_driver.o ABSOLUTE
    ..\Src\led.c                             0x00000000   Number         0  led.o ABSOLUTE
    ..\Src\main.c                            0x00000000   Number         0  main.o ABSOLUTE
    ..\Src\mpu6050.c                         0x00000000   Number         0  mpu6050.o ABSOLUTE
    ..\Src\mpuiic.c                          0x00000000   Number         0  mpuiic.o ABSOLUTE
    ..\Src\stm32f1xx_hal_msp.c               0x00000000   Number         0  stm32f1xx_hal_msp.o ABSOLUTE
    ..\Src\stm32f1xx_it.c                    0x00000000   Number         0  stm32f1xx_it.o ABSOLUTE
    ..\Src\sys.c                             0x00000000   Number         0  sys.o ABSOLUTE
    ..\Src\system_stm32f1xx.c                0x00000000   Number         0  system_stm32f1xx.o ABSOLUTE
    ..\Src\tim.c                             0x00000000   Number         0  tim.o ABSOLUTE
    ..\Src\usart.c                           0x00000000   Number         0  usart.o ABSOLUTE
    ..\\Src\\delay.c                         0x00000000   Number         0  delay.o ABSOLUTE
    ..\\Src\\hmilcd.c                        0x00000000   Number         0  hmilcd.o ABSOLUTE
    ..\\Src\\inv_mpu.c                       0x00000000   Number         0  inv_mpu.o ABSOLUTE
    ..\\Src\\inv_mpu_dmp_motion_driver.c     0x00000000   Number         0  inv_mpu_dmp_motion_driver.o ABSOLUTE
    ..\\Src\\led.c                           0x00000000   Number         0  led.o ABSOLUTE
    ..\\Src\\mpu6050.c                       0x00000000   Number         0  mpu6050.o ABSOLUTE
    ..\\Src\\mpuiic.c                        0x00000000   Number         0  mpuiic.o ABSOLUTE
    ..\\Src\\sys.c                           0x00000000   Number         0  sys.o ABSOLUTE
    cdcmple.s                                0x00000000   Number         0  cdcmple.o ABSOLUTE
    cdrcmple.s                               0x00000000   Number         0  cdrcmple.o ABSOLUTE
    dc.s                                     0x00000000   Number         0  dc.o ABSOLUTE
    handlers.s                               0x00000000   Number         0  handlers.o ABSOLUTE
    init.s                                   0x00000000   Number         0  init.o ABSOLUTE
    startup_stm32f103xe.s                    0x00000000   Number         0  startup_stm32f103xe.o ABSOLUTE
    RESET                                    0x08000000   Section      304  startup_stm32f103xe.o(RESET)
    .ARM.Collect$$$$00000000                 0x08000130   Section        0  entry.o(.ARM.Collect$$$$00000000)
    .ARM.Collect$$$$00000001                 0x08000130   Section        4  entry2.o(.ARM.Collect$$$$00000001)
    .ARM.Collect$$$$00000004                 0x08000134   Section        4  entry5.o(.ARM.Collect$$$$00000004)
    .ARM.Collect$$$$00000008                 0x08000138   Section        0  entry7b.o(.ARM.Collect$$$$00000008)
    .ARM.Collect$$$$0000000A                 0x08000138   Section        0  entry8b.o(.ARM.Collect$$$$0000000A)
    .ARM.Collect$$$$0000000B                 0x08000138   Section        8  entry9a.o(.ARM.Collect$$$$0000000B)
    .ARM.Collect$$$$0000000D                 0x08000140   Section        0  entry10a.o(.ARM.Collect$$$$0000000D)
    .ARM.Collect$$$$0000000F                 0x08000140   Section        0  entry11a.o(.ARM.Collect$$$$0000000F)
    .ARM.Collect$$$$00002712                 0x08000140   Section        4  entry2.o(.ARM.Collect$$$$00002712)
    __lit__00000000                          0x08000140   Data           4  entry2.o(.ARM.Collect$$$$00002712)
    .text                                    0x08000144   Section       36  startup_stm32f103xe.o(.text)
    .text                                    0x08000168   Section        0  llushr.o(.text)
    .text                                    0x08000188   Section        0  memseta.o(.text)
    .text                                    0x080001ac   Section        0  strstr.o(.text)
    .text                                    0x080001d0   Section        0  strlen.o(.text)
    .text                                    0x080001de   Section        0  fadd.o(.text)
    .text                                    0x0800028e   Section        0  fmul.o(.text)
    .text                                    0x080002f2   Section        0  fscalb.o(.text)
    .text                                    0x0800030a   Section        0  dadd.o(.text)
    .text                                    0x08000458   Section        0  dmul.o(.text)
    .text                                    0x0800053c   Section        0  ddiv.o(.text)
    .text                                    0x0800061a   Section        0  fflti.o(.text)
    .text                                    0x0800062c   Section        0  f2d.o(.text)
    .text                                    0x08000652   Section        0  d2f.o(.text)
    .text                                    0x0800068a   Section        0  uidiv.o(.text)
    .text                                    0x080006b6   Section        0  uldiv.o(.text)
    .text                                    0x08000718   Section        0  llshl.o(.text)
    .text                                    0x08000736   Section        0  llsshr.o(.text)
    .text                                    0x0800075a   Section        0  fepilogue.o(.text)
    .text                                    0x0800075a   Section        0  iusefp.o(.text)
    .text                                    0x080007c8   Section        0  depilogue.o(.text)
    .text                                    0x08000882   Section        0  dscalb.o(.text)
    .text                                    0x080008b0   Section        0  dfixul.o(.text)
    .text                                    0x080008e0   Section       48  cdrcmple.o(.text)
    .text                                    0x08000910   Section       36  init.o(.text)
    .text                                    0x08000934   Section        0  dsqrt.o(.text)
    i.BusFault_Handler                       0x080009d6   Section        0  stm32f1xx_it.o(i.BusFault_Handler)
    i.DebugMon_Handler                       0x080009d8   Section        0  stm32f1xx_it.o(i.DebugMon_Handler)
    i.Error_Handler                          0x080009da   Section        0  sys.o(i.Error_Handler)
    i.HAL_GPIO_Init                          0x080009dc   Section        0  stm32f1xx_hal_gpio.o(i.HAL_GPIO_Init)
    i.HAL_GetTick                            0x08000bd4   Section        0  stm32f1xx_hal.o(i.HAL_GetTick)
    i.HAL_IncTick                            0x08000be0   Section        0  stm32f1xx_hal.o(i.HAL_IncTick)
    i.HAL_Init                               0x08000bf0   Section        0  stm32f1xx_hal.o(i.HAL_Init)
    i.HAL_InitTick                           0x08000c14   Section        0  stm32f1xx_hal.o(i.HAL_InitTick)
    i.HAL_MspInit                            0x08000c54   Section        0  stm32f1xx_hal_msp.o(i.HAL_MspInit)
    i.HAL_NVIC_EnableIRQ                     0x08000c94   Section        0  stm32f1xx_hal_cortex.o(i.HAL_NVIC_EnableIRQ)
    i.HAL_NVIC_SetPriority                   0x08000cb0   Section        0  stm32f1xx_hal_cortex.o(i.HAL_NVIC_SetPriority)
    i.HAL_NVIC_SetPriorityGrouping           0x08000cf0   Section        0  stm32f1xx_hal_cortex.o(i.HAL_NVIC_SetPriorityGrouping)
    i.HAL_RCC_ClockConfig                    0x08000d14   Section        0  stm32f1xx_hal_rcc.o(i.HAL_RCC_ClockConfig)
    i.HAL_RCC_GetPCLK1Freq                   0x08000e40   Section        0  stm32f1xx_hal_rcc.o(i.HAL_RCC_GetPCLK1Freq)
    i.HAL_RCC_GetPCLK2Freq                   0x08000e60   Section        0  stm32f1xx_hal_rcc.o(i.HAL_RCC_GetPCLK2Freq)
    i.HAL_RCC_GetSysClockFreq                0x08000e80   Section        0  stm32f1xx_hal_rcc.o(i.HAL_RCC_GetSysClockFreq)
    i.HAL_RCC_OscConfig                      0x08000eec   Section        0  stm32f1xx_hal_rcc.o(i.HAL_RCC_OscConfig)
    i.HAL_SYSTICK_CLKSourceConfig            0x0800120c   Section        0  stm32f1xx_hal_cortex.o(i.HAL_SYSTICK_CLKSourceConfig)
    i.HAL_SYSTICK_Config                     0x08001224   Section        0  stm32f1xx_hal_cortex.o(i.HAL_SYSTICK_Config)
    i.HAL_TIMEx_BreakCallback                0x0800124c   Section        0  stm32f1xx_hal_tim_ex.o(i.HAL_TIMEx_BreakCallback)
    i.HAL_TIMEx_CommutCallback               0x0800124e   Section        0  stm32f1xx_hal_tim_ex.o(i.HAL_TIMEx_CommutCallback)
    i.HAL_TIM_IC_CaptureCallback             0x08001250   Section        0  stm32f1xx_hal_tim.o(i.HAL_TIM_IC_CaptureCallback)
    i.HAL_TIM_IRQHandler                     0x08001252   Section        0  stm32f1xx_hal_tim.o(i.HAL_TIM_IRQHandler)
    i.HAL_TIM_OC_DelayElapsedCallback        0x080013b8   Section        0  stm32f1xx_hal_tim.o(i.HAL_TIM_OC_DelayElapsedCallback)
    i.HAL_TIM_PWM_PulseFinishedCallback      0x080013ba   Section        0  stm32f1xx_hal_tim.o(i.HAL_TIM_PWM_PulseFinishedCallback)
    i.HAL_TIM_PeriodElapsedCallback          0x080013bc   Section        0  tim.o(i.HAL_TIM_PeriodElapsedCallback)
    i.HAL_TIM_TriggerCallback                0x080013e0   Section        0  stm32f1xx_hal_tim.o(i.HAL_TIM_TriggerCallback)
    i.HAL_UART_Init                          0x080013e2   Section        0  stm32f1xx_hal_uart.o(i.HAL_UART_Init)
    i.HAL_UART_MspInit                       0x08001444   Section        0  usart.o(i.HAL_UART_MspInit)
    i.Hal_Delay_init                         0x0800151c   Section        0  delay.o(i.Hal_Delay_init)
    i.Hal_Delay_ms                           0x08001522   Section        0  delay.o(i.Hal_Delay_ms)
    i.Hal_Delay_us                           0x0800153c   Section        0  delay.o(i.Hal_Delay_us)
    i.Hal_SendData                           0x08001570   Section        0  usart.o(i.Hal_SendData)
    i.Hal_SendString                         0x08001584   Section        0  usart.o(i.Hal_SendString)
    i.Hal_USART1_UART_Init                   0x080015a4   Section        0  usart.o(i.Hal_USART1_UART_Init)
    i.Hal_USART2_UART_Init                   0x080015e8   Section        0  usart.o(i.Hal_USART2_UART_Init)
    i.Hal_Usart1_Printf                      0x0800162c   Section        0  usart.o(i.Hal_Usart1_Printf)
    i.Hal_Usart2_Printf                      0x08001678   Section        0  usart.o(i.Hal_Usart2_Printf)
    i.HardFault_Handler                      0x080016c4   Section        0  stm32f1xx_it.o(i.HardFault_Handler)
    i.MPU_IIC_Ack                            0x080016c8   Section        0  mpuiic.o(i.MPU_IIC_Ack)
    i.MPU_IIC_Init                           0x08001708   Section        0  mpuiic.o(i.MPU_IIC_Init)
    i.MPU_IIC_NAck                           0x08001750   Section        0  mpuiic.o(i.MPU_IIC_NAck)
    i.MPU_IIC_Read_Byte                      0x08001790   Section        0  mpuiic.o(i.MPU_IIC_Read_Byte)
    i.MPU_IIC_Send_Byte                      0x080017fc   Section        0  mpuiic.o(i.MPU_IIC_Send_Byte)
    i.MPU_IIC_Start                          0x08001854   Section        0  mpuiic.o(i.MPU_IIC_Start)
    i.MPU_IIC_Stop                           0x08001894   Section        0  mpuiic.o(i.MPU_IIC_Stop)
    i.MPU_IIC_Wait_Ack                       0x080018d8   Section        0  mpuiic.o(i.MPU_IIC_Wait_Ack)
    i.MPU_Init                               0x08001930   Section        0  mpu6050.o(i.MPU_Init)
    i.MPU_Read_Byte                          0x080019e8   Section        0  mpu6050.o(i.MPU_Read_Byte)
    i.MPU_Read_Len                           0x08001a24   Section        0  mpu6050.o(i.MPU_Read_Len)
    i.MPU_Set_Accel_Fsr                      0x08001a90   Section        0  mpu6050.o(i.MPU_Set_Accel_Fsr)
    i.MPU_Set_Gyro_Fsr                       0x08001a9a   Section        0  mpu6050.o(i.MPU_Set_Gyro_Fsr)
    i.MPU_Set_LPF                            0x08001aa4   Section        0  mpu6050.o(i.MPU_Set_LPF)
    i.MPU_Set_Rate                           0x08001ad4   Section        0  mpu6050.o(i.MPU_Set_Rate)
    i.MPU_Write_Byte                         0x08001b02   Section        0  mpu6050.o(i.MPU_Write_Byte)
    i.MPU_Write_Len                          0x08001b3e   Section        0  mpu6050.o(i.MPU_Write_Len)
    i.MemManage_Handler                      0x08001b90   Section        0  stm32f1xx_it.o(i.MemManage_Handler)
    i.NMI_Handler                            0x08001b92   Section        0  stm32f1xx_it.o(i.NMI_Handler)
    i.PendSV_Handler                         0x08001b94   Section        0  stm32f1xx_it.o(i.PendSV_Handler)
    i.SVC_Handler                            0x08001b96   Section        0  stm32f1xx_it.o(i.SVC_Handler)
    i.SysTick_Handler                        0x08001b98   Section        0  stm32f1xx_it.o(i.SysTick_Handler)
    i.SystemClock_Config                     0x08001b9c   Section        0  sys.o(i.SystemClock_Config)
    i.SystemInit                             0x08001bf4   Section        0  system_stm32f1xx.o(i.SystemInit)
    i.TIM2_IRQHandler                        0x08001bf8   Section        0  tim.o(i.TIM2_IRQHandler)
    i.UART_SetConfig                         0x08001c04   Section        0  stm32f1xx_hal_uart.o(i.UART_SetConfig)
    UART_SetConfig                           0x08001c05   Thumb Code   178  stm32f1xx_hal_uart.o(i.UART_SetConfig)
    i.USART1_IRQHandler                      0x08001cbc   Section        0  usart.o(i.USART1_IRQHandler)
    i.USART2_IRQHandler                      0x08001d34   Section        0  usart.o(i.USART2_IRQHandler)
    i.USER_UART_RxCpltCallback               0x08001dac   Section        0  usart.o(i.USER_UART_RxCpltCallback)
    i.UsageFault_Handler                     0x08001e50   Section        0  stm32f1xx_it.o(i.UsageFault_Handler)
    i.__0printf                              0x08001e54   Section        0  printfa.o(i.__0printf)
    i.__0sprintf                             0x08001e74   Section        0  printfa.o(i.__0sprintf)
    i.__0vsnprintf                           0x08001e9c   Section        0  printfa.o(i.__0vsnprintf)
    i.__ARM_fpclassify                       0x08001ec8   Section        0  fpclassify.o(i.__ARM_fpclassify)
    i.__NVIC_SetPriority                     0x08001ef0   Section        0  stm32f1xx_hal_cortex.o(i.__NVIC_SetPriority)
    __NVIC_SetPriority                       0x08001ef1   Thumb Code    32  stm32f1xx_hal_cortex.o(i.__NVIC_SetPriority)
    i.__kernel_poly                          0x08001f10   Section        0  poly.o(i.__kernel_poly)
    i.__mathlib_dbl_infnan                   0x08001fba   Section        0  dunder.o(i.__mathlib_dbl_infnan)
    i.__mathlib_dbl_infnan2                  0x08001fc0   Section        0  dunder.o(i.__mathlib_dbl_infnan2)
    i.__mathlib_dbl_invalid                  0x08001fc4   Section        0  dunder.o(i.__mathlib_dbl_invalid)
    i.__mathlib_dbl_underflow                0x08001fd0   Section        0  dunder.o(i.__mathlib_dbl_underflow)
    i.__scatterload_copy                     0x08001fe0   Section       14  handlers.o(i.__scatterload_copy)
    i.__scatterload_null                     0x08001fee   Section        2  handlers.o(i.__scatterload_null)
    i.__scatterload_zeroinit                 0x08001ff0   Section       14  handlers.o(i.__scatterload_zeroinit)
    i.__set_errno                            0x08002000   Section        0  errno.o(i.__set_errno)
    i._fp_digits                             0x0800200c   Section        0  printfa.o(i._fp_digits)
    _fp_digits                               0x0800200d   Thumb Code   366  printfa.o(i._fp_digits)
    i._printf_core                           0x08002190   Section        0  printfa.o(i._printf_core)
    _printf_core                             0x08002191   Thumb Code  1744  printfa.o(i._printf_core)
    i._printf_post_padding                   0x0800286c   Section        0  printfa.o(i._printf_post_padding)
    _printf_post_padding                     0x0800286d   Thumb Code    36  printfa.o(i._printf_post_padding)
    i._printf_pre_padding                    0x08002890   Section        0  printfa.o(i._printf_pre_padding)
    _printf_pre_padding                      0x08002891   Thumb Code    46  printfa.o(i._printf_pre_padding)
    i._snputc                                0x080028be   Section        0  printfa.o(i._snputc)
    _snputc                                  0x080028bf   Thumb Code    22  printfa.o(i._snputc)
    i._sputc                                 0x080028d4   Section        0  printfa.o(i._sputc)
    _sputc                                   0x080028d5   Thumb Code    10  printfa.o(i._sputc)
    i.asin                                   0x080028e0   Section        0  asin.o(i.asin)
    i.atan                                   0x08002b50   Section        0  atan.o(i.atan)
    i.atan2                                  0x08002d70   Section        0  atan2.o(i.atan2)
    i.dmp_read_fifo                          0x08002ef0   Section        0  inv_mpu_dmp_motion_driver.o(i.dmp_read_fifo)
    i.fputc                                  0x08003034   Section        0  usart.o(i.fputc)
    i.main                                   0x08003048   Section        0  main.o(i.main)
    i.mget_ms                                0x080030a4   Section        0  inv_mpu.o(i.mget_ms)
    i.mpu_dmp_get_data                       0x080030a8   Section        0  inv_mpu.o(i.mpu_dmp_get_data)
    i.mpu_read_fifo_stream                   0x08003244   Section        0  inv_mpu.o(i.mpu_read_fifo_stream)
    i.mpu_reset_fifo                         0x080032d4   Section        0  inv_mpu.o(i.mpu_reset_fifo)
    i.sqrt                                   0x08003434   Section        0  sqrt.o(i.sqrt)
    .constdata                               0x08003480   Section       16  system_stm32f1xx.o(.constdata)
    .constdata                               0x08003490   Section        8  system_stm32f1xx.o(.constdata)
    .constdata                               0x08003498   Section       27  inv_mpu.o(.constdata)
    .constdata                               0x080034b4   Section       12  inv_mpu.o(.constdata)
    .constdata                               0x080034c0   Section       40  inv_mpu.o(.constdata)
    .constdata                               0x080034e8   Section       80  asin.o(.constdata)
    pS                                       0x080034e8   Data          48  asin.o(.constdata)
    qS                                       0x08003518   Data          32  asin.o(.constdata)
    .constdata                               0x08003538   Section      152  atan.o(.constdata)
    atanhi                                   0x08003538   Data          32  atan.o(.constdata)
    atanlo                                   0x08003558   Data          32  atan.o(.constdata)
    aTodd                                    0x08003578   Data          40  atan.o(.constdata)
    aTeven                                   0x080035a0   Data          48  atan.o(.constdata)
    .constdata                               0x080035d0   Section        8  qnan.o(.constdata)
    .data                                    0x20000000   Section       12  stm32f1xx_hal.o(.data)
    .data                                    0x2000000c   Section        4  system_stm32f1xx.o(.data)
    .data                                    0x20000010   Section       48  usart.o(.data)
    MessagePro_Flag                          0x20000010   Data           1  usart.o(.data)
    .data                                    0x20000040   Section        4  usart.o(.data)
    .data                                    0x20000044   Section        4  delay.o(.data)
    fac_us                                   0x20000044   Data           4  delay.o(.data)
    .data                                    0x20000048   Section       53  inv_mpu.o(.data)
    st                                       0x20000048   Data          44  inv_mpu.o(.data)
    gyro_orientation                         0x20000074   Data           9  inv_mpu.o(.data)
    .data                                    0x20000080   Section        4  errno.o(.data)
    _errno                                   0x20000080   Data           4  errno.o(.data)
    .bss                                     0x20000084   Section     2176  usart.o(.bss)
    .bss                                     0x20000904   Section     1024  usart.o(.bss)
    .bss                                     0x20000d04   Section     1024  usart.o(.bss)
    .bss                                     0x20001104   Section     1024  usart.o(.bss)
    .bss                                     0x20001504   Section     1024  usart.o(.bss)
    .bss                                     0x20001904   Section      144  tim.o(.bss)
    .bss                                     0x20001994   Section       16  inv_mpu_dmp_motion_driver.o(.bss)
    dmp                                      0x20001994   Data          16  inv_mpu_dmp_motion_driver.o(.bss)
    STACK                                    0x200019a8   Section     1024  startup_stm32f103xe.o(STACK)

    Global Symbols

    Symbol Name                              Value     Ov Type        Size  Object(Section)

    BuildAttributes$$THM_ISAv4$P$D$K$B$S$PE$A:L22UL41UL21$X:L11$S22US41US21$IEEE1$IW$USESV6$~STKCKD$USESV7$~SHL$OTIME$ROPI$IEEEX$EBA8$MICROLIB$REQ8$PRES8$EABIv2 0x00000000   Number         0  anon$$obj.o ABSOLUTE
    __ARM_use_no_argv                        0x00000000   Number         0  main.o ABSOLUTE
    __use_no_errno                           0x00000000   Number         0  useno.o ABSOLUTE
    __use_no_exception_handling              0x00000000   Number         0  useno.o ABSOLUTE
    __use_no_fp                              0x00000000   Number         0  useno.o ABSOLUTE
    __use_no_heap                            0x00000000   Number         0  useno.o ABSOLUTE
    __use_no_heap_region                     0x00000000   Number         0  useno.o ABSOLUTE
    __use_no_semihosting                     0x00000000   Number         0  useno.o ABSOLUTE
    __use_no_semihosting_swi                 0x00000000   Number         0  useno.o ABSOLUTE
    __use_no_signal_handling                 0x00000000   Number         0  useno.o ABSOLUTE
    _printf_a                                0x00000000   Number         0  stubs.o ABSOLUTE
    _printf_c                                0x00000000   Number         0  stubs.o ABSOLUTE
    _printf_charcount                        0x00000000   Number         0  stubs.o ABSOLUTE
    _printf_d                                0x00000000   Number         0  stubs.o ABSOLUTE
    _printf_e                                0x00000000   Number         0  stubs.o ABSOLUTE
    _printf_f                                0x00000000   Number         0  stubs.o ABSOLUTE
    _printf_flags                            0x00000000   Number         0  stubs.o ABSOLUTE
    _printf_fp_dec                           0x00000000   Number         0  stubs.o ABSOLUTE
    _printf_fp_hex                           0x00000000   Number         0  stubs.o ABSOLUTE
    _printf_g                                0x00000000   Number         0  stubs.o ABSOLUTE
    _printf_i                                0x00000000   Number         0  stubs.o ABSOLUTE
    _printf_int_dec                          0x00000000   Number         0  stubs.o ABSOLUTE
    _printf_l                                0x00000000   Number         0  stubs.o ABSOLUTE
    _printf_lc                               0x00000000   Number         0  stubs.o ABSOLUTE
    _printf_ll                               0x00000000   Number         0  stubs.o ABSOLUTE
    _printf_lld                              0x00000000   Number         0  stubs.o ABSOLUTE
    _printf_lli                              0x00000000   Number         0  stubs.o ABSOLUTE
    _printf_llo                              0x00000000   Number         0  stubs.o ABSOLUTE
    _printf_llu                              0x00000000   Number         0  stubs.o ABSOLUTE
    _printf_llx                              0x00000000   Number         0  stubs.o ABSOLUTE
    _printf_longlong_dec                     0x00000000   Number         0  stubs.o ABSOLUTE
    _printf_longlong_hex                     0x00000000   Number         0  stubs.o ABSOLUTE
    _printf_longlong_oct                     0x00000000   Number         0  stubs.o ABSOLUTE
    _printf_ls                               0x00000000   Number         0  stubs.o ABSOLUTE
    _printf_mbtowc                           0x00000000   Number         0  stubs.o ABSOLUTE
    _printf_n                                0x00000000   Number         0  stubs.o ABSOLUTE
    _printf_o                                0x00000000   Number         0  stubs.o ABSOLUTE
    _printf_p                                0x00000000   Number         0  stubs.o ABSOLUTE
    _printf_percent                          0x00000000   Number         0  stubs.o ABSOLUTE
    _printf_pre_padding                      0x00000000   Number         0  stubs.o ABSOLUTE
    _printf_return_value                     0x00000000   Number         0  stubs.o ABSOLUTE
    _printf_s                                0x00000000   Number         0  stubs.o ABSOLUTE
    _printf_sizespec                         0x00000000   Number         0  stubs.o ABSOLUTE
    _printf_str                              0x00000000   Number         0  stubs.o ABSOLUTE
    _printf_truncate_signed                  0x00000000   Number         0  stubs.o ABSOLUTE
    _printf_truncate_unsigned                0x00000000   Number         0  stubs.o ABSOLUTE
    _printf_u                                0x00000000   Number         0  stubs.o ABSOLUTE
    _printf_wc                               0x00000000   Number         0  stubs.o ABSOLUTE
    _printf_wctomb                           0x00000000   Number         0  stubs.o ABSOLUTE
    _printf_widthprec                        0x00000000   Number         0  stubs.o ABSOLUTE
    _printf_x                                0x00000000   Number         0  stubs.o ABSOLUTE
    __cpp_initialize__aeabi_                  - Undefined Weak Reference
    __cxa_finalize                            - Undefined Weak Reference
    __decompress                              - Undefined Weak Reference
    _clock_init                               - Undefined Weak Reference
    _microlib_exit                            - Undefined Weak Reference
    __Vectors_Size                           0x00000130   Number         0  startup_stm32f103xe.o ABSOLUTE
    __Vectors                                0x08000000   Data           4  startup_stm32f103xe.o(RESET)
    __Vectors_End                            0x08000130   Data           0  startup_stm32f103xe.o(RESET)
    __main                                   0x08000131   Thumb Code     0  entry.o(.ARM.Collect$$$$00000000)
    _main_stk                                0x08000131   Thumb Code     0  entry2.o(.ARM.Collect$$$$00000001)
    _main_scatterload                        0x08000135   Thumb Code     0  entry5.o(.ARM.Collect$$$$00000004)
    __main_after_scatterload                 0x08000139   Thumb Code     0  entry5.o(.ARM.Collect$$$$00000004)
    _main_clock                              0x08000139   Thumb Code     0  entry7b.o(.ARM.Collect$$$$00000008)
    _main_cpp_init                           0x08000139   Thumb Code     0  entry8b.o(.ARM.Collect$$$$0000000A)
    _main_init                               0x08000139   Thumb Code     0  entry9a.o(.ARM.Collect$$$$0000000B)
    __rt_final_cpp                           0x08000141   Thumb Code     0  entry10a.o(.ARM.Collect$$$$0000000D)
    __rt_final_exit                          0x08000141   Thumb Code     0  entry11a.o(.ARM.Collect$$$$0000000F)
    Reset_Handler                            0x08000145   Thumb Code     8  startup_stm32f103xe.o(.text)
    ADC1_2_IRQHandler                        0x0800015f   Thumb Code     0  startup_stm32f103xe.o(.text)
    ADC3_IRQHandler                          0x0800015f   Thumb Code     0  startup_stm32f103xe.o(.text)
    CAN1_RX1_IRQHandler                      0x0800015f   Thumb Code     0  startup_stm32f103xe.o(.text)
    CAN1_SCE_IRQHandler                      0x0800015f   Thumb Code     0  startup_stm32f103xe.o(.text)
    DMA1_Channel1_IRQHandler                 0x0800015f   Thumb Code     0  startup_stm32f103xe.o(.text)
    DMA1_Channel2_IRQHandler                 0x0800015f   Thumb Code     0  startup_stm32f103xe.o(.text)
    DMA1_Channel3_IRQHandler                 0x0800015f   Thumb Code     0  startup_stm32f103xe.o(.text)
    DMA1_Channel4_IRQHandler                 0x0800015f   Thumb Code     0  startup_stm32f103xe.o(.text)
    DMA1_Channel5_IRQHandler                 0x0800015f   Thumb Code     0  startup_stm32f103xe.o(.text)
    DMA1_Channel6_IRQHandler                 0x0800015f   Thumb Code     0  startup_stm32f103xe.o(.text)
    DMA1_Channel7_IRQHandler                 0x0800015f   Thumb Code     0  startup_stm32f103xe.o(.text)
    DMA2_Channel1_IRQHandler                 0x0800015f   Thumb Code     0  startup_stm32f103xe.o(.text)
    DMA2_Channel2_IRQHandler                 0x0800015f   Thumb Code     0  startup_stm32f103xe.o(.text)
    DMA2_Channel3_IRQHandler                 0x0800015f   Thumb Code     0  startup_stm32f103xe.o(.text)
    DMA2_Channel4_5_IRQHandler               0x0800015f   Thumb Code     0  startup_stm32f103xe.o(.text)
    EXTI0_IRQHandler                         0x0800015f   Thumb Code     0  startup_stm32f103xe.o(.text)
    EXTI15_10_IRQHandler                     0x0800015f   Thumb Code     0  startup_stm32f103xe.o(.text)
    EXTI1_IRQHandler                         0x0800015f   Thumb Code     0  startup_stm32f103xe.o(.text)
    EXTI2_IRQHandler                         0x0800015f   Thumb Code     0  startup_stm32f103xe.o(.text)
    EXTI3_IRQHandler                         0x0800015f   Thumb Code     0  startup_stm32f103xe.o(.text)
    EXTI4_IRQHandler                         0x0800015f   Thumb Code     0  startup_stm32f103xe.o(.text)
    EXTI9_5_IRQHandler                       0x0800015f   Thumb Code     0  startup_stm32f103xe.o(.text)
    FLASH_IRQHandler                         0x0800015f   Thumb Code     0  startup_stm32f103xe.o(.text)
    FSMC_IRQHandler                          0x0800015f   Thumb Code     0  startup_stm32f103xe.o(.text)
    I2C1_ER_IRQHandler                       0x0800015f   Thumb Code     0  startup_stm32f103xe.o(.text)
    I2C1_EV_IRQHandler                       0x0800015f   Thumb Code     0  startup_stm32f103xe.o(.text)
    I2C2_ER_IRQHandler                       0x0800015f   Thumb Code     0  startup_stm32f103xe.o(.text)
    I2C2_EV_IRQHandler                       0x0800015f   Thumb Code     0  startup_stm32f103xe.o(.text)
    PVD_IRQHandler                           0x0800015f   Thumb Code     0  startup_stm32f103xe.o(.text)
    RCC_IRQHandler                           0x0800015f   Thumb Code     0  startup_stm32f103xe.o(.text)
    RTC_Alarm_IRQHandler                     0x0800015f   Thumb Code     0  startup_stm32f103xe.o(.text)
    RTC_IRQHandler                           0x0800015f   Thumb Code     0  startup_stm32f103xe.o(.text)
    SDIO_IRQHandler                          0x0800015f   Thumb Code     0  startup_stm32f103xe.o(.text)
    SPI1_IRQHandler                          0x0800015f   Thumb Code     0  startup_stm32f103xe.o(.text)
    SPI2_IRQHandler                          0x0800015f   Thumb Code     0  startup_stm32f103xe.o(.text)
    SPI3_IRQHandler                          0x0800015f   Thumb Code     0  startup_stm32f103xe.o(.text)
    TAMPER_IRQHandler                        0x0800015f   Thumb Code     0  startup_stm32f103xe.o(.text)
    TIM1_BRK_IRQHandler                      0x0800015f   Thumb Code     0  startup_stm32f103xe.o(.text)
    TIM1_CC_IRQHandler                       0x0800015f   Thumb Code     0  startup_stm32f103xe.o(.text)
    TIM1_TRG_COM_IRQHandler                  0x0800015f   Thumb Code     0  startup_stm32f103xe.o(.text)
    TIM1_UP_IRQHandler                       0x0800015f   Thumb Code     0  startup_stm32f103xe.o(.text)
    TIM3_IRQHandler                          0x0800015f   Thumb Code     0  startup_stm32f103xe.o(.text)
    TIM4_IRQHandler                          0x0800015f   Thumb Code     0  startup_stm32f103xe.o(.text)
    TIM5_IRQHandler                          0x0800015f   Thumb Code     0  startup_stm32f103xe.o(.text)
    TIM6_IRQHandler                          0x0800015f   Thumb Code     0  startup_stm32f103xe.o(.text)
    TIM7_IRQHandler                          0x0800015f   Thumb Code     0  startup_stm32f103xe.o(.text)
    TIM8_BRK_IRQHandler                      0x0800015f   Thumb Code     0  startup_stm32f103xe.o(.text)
    TIM8_CC_IRQHandler                       0x0800015f   Thumb Code     0  startup_stm32f103xe.o(.text)
    TIM8_TRG_COM_IRQHandler                  0x0800015f   Thumb Code     0  startup_stm32f103xe.o(.text)
    TIM8_UP_IRQHandler                       0x0800015f   Thumb Code     0  startup_stm32f103xe.o(.text)
    UART4_IRQHandler                         0x0800015f   Thumb Code     0  startup_stm32f103xe.o(.text)
    UART5_IRQHandler                         0x0800015f   Thumb Code     0  startup_stm32f103xe.o(.text)
    USART3_IRQHandler                        0x0800015f   Thumb Code     0  startup_stm32f103xe.o(.text)
    USBWakeUp_IRQHandler                     0x0800015f   Thumb Code     0  startup_stm32f103xe.o(.text)
    USB_HP_CAN1_TX_IRQHandler                0x0800015f   Thumb Code     0  startup_stm32f103xe.o(.text)
    USB_LP_CAN1_RX0_IRQHandler               0x0800015f   Thumb Code     0  startup_stm32f103xe.o(.text)
    WWDG_IRQHandler                          0x0800015f   Thumb Code     0  startup_stm32f103xe.o(.text)
    __aeabi_llsr                             0x08000169   Thumb Code    32  llushr.o(.text)
    _ll_ushift_r                             0x08000169   Thumb Code     0  llushr.o(.text)
    __aeabi_memset                           0x08000189   Thumb Code    14  memseta.o(.text)
    __aeabi_memset4                          0x08000189   Thumb Code     0  memseta.o(.text)
    __aeabi_memset8                          0x08000189   Thumb Code     0  memseta.o(.text)
    __aeabi_memclr                           0x08000197   Thumb Code     4  memseta.o(.text)
    __aeabi_memclr4                          0x08000197   Thumb Code     0  memseta.o(.text)
    __aeabi_memclr8                          0x08000197   Thumb Code     0  memseta.o(.text)
    _memset$wrapper                          0x0800019b   Thumb Code    18  memseta.o(.text)
    strstr                                   0x080001ad   Thumb Code    36  strstr.o(.text)
    strlen                                   0x080001d1   Thumb Code    14  strlen.o(.text)
    __aeabi_fadd                             0x080001df   Thumb Code   164  fadd.o(.text)
    __aeabi_fsub                             0x08000283   Thumb Code     6  fadd.o(.text)
    __aeabi_frsub                            0x08000289   Thumb Code     6  fadd.o(.text)
    __aeabi_fmul                             0x0800028f   Thumb Code   100  fmul.o(.text)
    __ARM_scalbnf                            0x080002f3   Thumb Code    24  fscalb.o(.text)
    scalbnf                                  0x080002f3   Thumb Code     0  fscalb.o(.text)
    __aeabi_dadd                             0x0800030b   Thumb Code   322  dadd.o(.text)
    __aeabi_dsub                             0x0800044d   Thumb Code     6  dadd.o(.text)
    __aeabi_drsub                            0x08000453   Thumb Code     6  dadd.o(.text)
    __aeabi_dmul                             0x08000459   Thumb Code   228  dmul.o(.text)
    __aeabi_ddiv                             0x0800053d   Thumb Code   222  ddiv.o(.text)
    __aeabi_i2f                              0x0800061b   Thumb Code    18  fflti.o(.text)
    __aeabi_f2d                              0x0800062d   Thumb Code    38  f2d.o(.text)
    __aeabi_d2f                              0x08000653   Thumb Code    56  d2f.o(.text)
    __aeabi_uidiv                            0x0800068b   Thumb Code     0  uidiv.o(.text)
    __aeabi_uidivmod                         0x0800068b   Thumb Code    44  uidiv.o(.text)
    __aeabi_uldivmod                         0x080006b7   Thumb Code    98  uldiv.o(.text)
    __aeabi_llsl                             0x08000719   Thumb Code    30  llshl.o(.text)
    _ll_shift_l                              0x08000719   Thumb Code     0  llshl.o(.text)
    __aeabi_lasr                             0x08000737   Thumb Code    36  llsshr.o(.text)
    _ll_sshift_r                             0x08000737   Thumb Code     0  llsshr.o(.text)
    __I$use$fp                               0x0800075b   Thumb Code     0  iusefp.o(.text)
    _float_round                             0x0800075b   Thumb Code    18  fepilogue.o(.text)
    _float_epilogue                          0x0800076d   Thumb Code    92  fepilogue.o(.text)
    _double_round                            0x080007c9   Thumb Code    30  depilogue.o(.text)
    _double_epilogue                         0x080007e7   Thumb Code   156  depilogue.o(.text)
    __ARM_scalbn                             0x08000883   Thumb Code    46  dscalb.o(.text)
    scalbn                                   0x08000883   Thumb Code     0  dscalb.o(.text)
    __aeabi_d2ulz                            0x080008b1   Thumb Code    48  dfixul.o(.text)
    __aeabi_cdrcmple                         0x080008e1   Thumb Code    48  cdrcmple.o(.text)
    __scatterload                            0x08000911   Thumb Code    28  init.o(.text)
    __scatterload_rt2                        0x08000911   Thumb Code     0  init.o(.text)
    _dsqrt                                   0x08000935   Thumb Code   162  dsqrt.o(.text)
    BusFault_Handler                         0x080009d7   Thumb Code     2  stm32f1xx_it.o(i.BusFault_Handler)
    DebugMon_Handler                         0x080009d9   Thumb Code     2  stm32f1xx_it.o(i.DebugMon_Handler)
    Error_Handler                            0x080009db   Thumb Code     2  sys.o(i.Error_Handler)
    HAL_GPIO_Init                            0x080009dd   Thumb Code   462  stm32f1xx_hal_gpio.o(i.HAL_GPIO_Init)
    HAL_GetTick                              0x08000bd5   Thumb Code     6  stm32f1xx_hal.o(i.HAL_GetTick)
    HAL_IncTick                              0x08000be1   Thumb Code    12  stm32f1xx_hal.o(i.HAL_IncTick)
    HAL_Init                                 0x08000bf1   Thumb Code    32  stm32f1xx_hal.o(i.HAL_Init)
    HAL_InitTick                             0x08000c15   Thumb Code    54  stm32f1xx_hal.o(i.HAL_InitTick)
    HAL_MspInit                              0x08000c55   Thumb Code    54  stm32f1xx_hal_msp.o(i.HAL_MspInit)
    HAL_NVIC_EnableIRQ                       0x08000c95   Thumb Code    26  stm32f1xx_hal_cortex.o(i.HAL_NVIC_EnableIRQ)
    HAL_NVIC_SetPriority                     0x08000cb1   Thumb Code    60  stm32f1xx_hal_cortex.o(i.HAL_NVIC_SetPriority)
    HAL_NVIC_SetPriorityGrouping             0x08000cf1   Thumb Code    26  stm32f1xx_hal_cortex.o(i.HAL_NVIC_SetPriorityGrouping)
    HAL_RCC_ClockConfig                      0x08000d15   Thumb Code   280  stm32f1xx_hal_rcc.o(i.HAL_RCC_ClockConfig)
    HAL_RCC_GetPCLK1Freq                     0x08000e41   Thumb Code    20  stm32f1xx_hal_rcc.o(i.HAL_RCC_GetPCLK1Freq)
    HAL_RCC_GetPCLK2Freq                     0x08000e61   Thumb Code    20  stm32f1xx_hal_rcc.o(i.HAL_RCC_GetPCLK2Freq)
    HAL_RCC_GetSysClockFreq                  0x08000e81   Thumb Code    74  stm32f1xx_hal_rcc.o(i.HAL_RCC_GetSysClockFreq)
    HAL_RCC_OscConfig                        0x08000eed   Thumb Code   778  stm32f1xx_hal_rcc.o(i.HAL_RCC_OscConfig)
    HAL_SYSTICK_CLKSourceConfig              0x0800120d   Thumb Code    24  stm32f1xx_hal_cortex.o(i.HAL_SYSTICK_CLKSourceConfig)
    HAL_SYSTICK_Config                       0x08001225   Thumb Code    40  stm32f1xx_hal_cortex.o(i.HAL_SYSTICK_Config)
    HAL_TIMEx_BreakCallback                  0x0800124d   Thumb Code     2  stm32f1xx_hal_tim_ex.o(i.HAL_TIMEx_BreakCallback)
    HAL_TIMEx_CommutCallback                 0x0800124f   Thumb Code     2  stm32f1xx_hal_tim_ex.o(i.HAL_TIMEx_CommutCallback)
    HAL_TIM_IC_CaptureCallback               0x08001251   Thumb Code     2  stm32f1xx_hal_tim.o(i.HAL_TIM_IC_CaptureCallback)
    HAL_TIM_IRQHandler                       0x08001253   Thumb Code   358  stm32f1xx_hal_tim.o(i.HAL_TIM_IRQHandler)
    HAL_TIM_OC_DelayElapsedCallback          0x080013b9   Thumb Code     2  stm32f1xx_hal_tim.o(i.HAL_TIM_OC_DelayElapsedCallback)
    HAL_TIM_PWM_PulseFinishedCallback        0x080013bb   Thumb Code     2  stm32f1xx_hal_tim.o(i.HAL_TIM_PWM_PulseFinishedCallback)
    HAL_TIM_PeriodElapsedCallback            0x080013bd   Thumb Code    30  tim.o(i.HAL_TIM_PeriodElapsedCallback)
    HAL_TIM_TriggerCallback                  0x080013e1   Thumb Code     2  stm32f1xx_hal_tim.o(i.HAL_TIM_TriggerCallback)
    HAL_UART_Init                            0x080013e3   Thumb Code    98  stm32f1xx_hal_uart.o(i.HAL_UART_Init)
    HAL_UART_MspInit                         0x08001445   Thumb Code   198  usart.o(i.HAL_UART_MspInit)
    Hal_Delay_init                           0x0800151d   Thumb Code     6  delay.o(i.Hal_Delay_init)
    Hal_Delay_ms                             0x08001523   Thumb Code    26  delay.o(i.Hal_Delay_ms)
    Hal_Delay_us                             0x0800153d   Thumb Code    48  delay.o(i.Hal_Delay_us)
    Hal_SendData                             0x08001571   Thumb Code    20  usart.o(i.Hal_SendData)
    Hal_SendString                           0x08001585   Thumb Code    30  usart.o(i.Hal_SendString)
    Hal_USART1_UART_Init                     0x080015a5   Thumb Code    58  usart.o(i.Hal_USART1_UART_Init)
    Hal_USART2_UART_Init                     0x080015e9   Thumb Code    58  usart.o(i.Hal_USART2_UART_Init)
    Hal_Usart1_Printf                        0x0800162d   Thumb Code    72  usart.o(i.Hal_Usart1_Printf)
    Hal_Usart2_Printf                        0x08001679   Thumb Code    72  usart.o(i.Hal_Usart2_Printf)
    HardFault_Handler                        0x080016c5   Thumb Code     2  stm32f1xx_it.o(i.HardFault_Handler)
    MPU_IIC_Ack                              0x080016c9   Thumb Code    56  mpuiic.o(i.MPU_IIC_Ack)
    MPU_IIC_Init                             0x08001709   Thumb Code    60  mpuiic.o(i.MPU_IIC_Init)
    MPU_IIC_NAck                             0x08001751   Thumb Code    56  mpuiic.o(i.MPU_IIC_NAck)
    MPU_IIC_Read_Byte                        0x08001791   Thumb Code   100  mpuiic.o(i.MPU_IIC_Read_Byte)
    MPU_IIC_Send_Byte                        0x080017fd   Thumb Code    80  mpuiic.o(i.MPU_IIC_Send_Byte)
    MPU_IIC_Start                            0x08001855   Thumb Code    56  mpuiic.o(i.MPU_IIC_Start)
    MPU_IIC_Stop                             0x08001895   Thumb Code    58  mpuiic.o(i.MPU_IIC_Stop)
    MPU_IIC_Wait_Ack                         0x080018d9   Thumb Code    78  mpuiic.o(i.MPU_IIC_Wait_Ack)
    MPU_Init                                 0x08001931   Thumb Code   172  mpu6050.o(i.MPU_Init)
    MPU_Read_Byte                            0x080019e9   Thumb Code    58  mpu6050.o(i.MPU_Read_Byte)
    MPU_Read_Len                             0x08001a25   Thumb Code   108  mpu6050.o(i.MPU_Read_Len)
    MPU_Set_Accel_Fsr                        0x08001a91   Thumb Code    10  mpu6050.o(i.MPU_Set_Accel_Fsr)
    MPU_Set_Gyro_Fsr                         0x08001a9b   Thumb Code    10  mpu6050.o(i.MPU_Set_Gyro_Fsr)
    MPU_Set_LPF                              0x08001aa5   Thumb Code    48  mpu6050.o(i.MPU_Set_LPF)
    MPU_Set_Rate                             0x08001ad5   Thumb Code    46  mpu6050.o(i.MPU_Set_Rate)
    MPU_Write_Byte                           0x08001b03   Thumb Code    60  mpu6050.o(i.MPU_Write_Byte)
    MPU_Write_Len                            0x08001b3f   Thumb Code    82  mpu6050.o(i.MPU_Write_Len)
    MemManage_Handler                        0x08001b91   Thumb Code     2  stm32f1xx_it.o(i.MemManage_Handler)
    NMI_Handler                              0x08001b93   Thumb Code     2  stm32f1xx_it.o(i.NMI_Handler)
    PendSV_Handler                           0x08001b95   Thumb Code     2  stm32f1xx_it.o(i.PendSV_Handler)
    SVC_Handler                              0x08001b97   Thumb Code     2  stm32f1xx_it.o(i.SVC_Handler)
    SysTick_Handler                          0x08001b99   Thumb Code     4  stm32f1xx_it.o(i.SysTick_Handler)
    SystemClock_Config                       0x08001b9d   Thumb Code    88  sys.o(i.SystemClock_Config)
    SystemInit                               0x08001bf5   Thumb Code     2  system_stm32f1xx.o(i.SystemInit)
    TIM2_IRQHandler                          0x08001bf9   Thumb Code     6  tim.o(i.TIM2_IRQHandler)
    USART1_IRQHandler                        0x08001cbd   Thumb Code   108  usart.o(i.USART1_IRQHandler)
    USART2_IRQHandler                        0x08001d35   Thumb Code   108  usart.o(i.USART2_IRQHandler)
    USER_UART_RxCpltCallback                 0x08001dad   Thumb Code   122  usart.o(i.USER_UART_RxCpltCallback)
    UsageFault_Handler                       0x08001e51   Thumb Code     2  stm32f1xx_it.o(i.UsageFault_Handler)
    __0printf                                0x08001e55   Thumb Code    22  printfa.o(i.__0printf)
    __1printf                                0x08001e55   Thumb Code     0  printfa.o(i.__0printf)
    __2printf                                0x08001e55   Thumb Code     0  printfa.o(i.__0printf)
    __c89printf                              0x08001e55   Thumb Code     0  printfa.o(i.__0printf)
    printf                                   0x08001e55   Thumb Code     0  printfa.o(i.__0printf)
    __0sprintf                               0x08001e75   Thumb Code    34  printfa.o(i.__0sprintf)
    __1sprintf                               0x08001e75   Thumb Code     0  printfa.o(i.__0sprintf)
    __2sprintf                               0x08001e75   Thumb Code     0  printfa.o(i.__0sprintf)
    __c89sprintf                             0x08001e75   Thumb Code     0  printfa.o(i.__0sprintf)
    sprintf                                  0x08001e75   Thumb Code     0  printfa.o(i.__0sprintf)
    __0vsnprintf                             0x08001e9d   Thumb Code    40  printfa.o(i.__0vsnprintf)
    __1vsnprintf                             0x08001e9d   Thumb Code     0  printfa.o(i.__0vsnprintf)
    __2vsnprintf                             0x08001e9d   Thumb Code     0  printfa.o(i.__0vsnprintf)
    __c89vsnprintf                           0x08001e9d   Thumb Code     0  printfa.o(i.__0vsnprintf)
    vsnprintf                                0x08001e9d   Thumb Code     0  printfa.o(i.__0vsnprintf)
    __ARM_fpclassify                         0x08001ec9   Thumb Code    40  fpclassify.o(i.__ARM_fpclassify)
    __kernel_poly                            0x08001f11   Thumb Code   170  poly.o(i.__kernel_poly)
    __mathlib_dbl_infnan                     0x08001fbb   Thumb Code     6  dunder.o(i.__mathlib_dbl_infnan)
    __mathlib_dbl_infnan2                    0x08001fc1   Thumb Code     4  dunder.o(i.__mathlib_dbl_infnan2)
    __mathlib_dbl_invalid                    0x08001fc5   Thumb Code    12  dunder.o(i.__mathlib_dbl_invalid)
    __mathlib_dbl_underflow                  0x08001fd1   Thumb Code    10  dunder.o(i.__mathlib_dbl_underflow)
    __scatterload_copy                       0x08001fe1   Thumb Code    14  handlers.o(i.__scatterload_copy)
    __scatterload_null                       0x08001fef   Thumb Code     2  handlers.o(i.__scatterload_null)
    __scatterload_zeroinit                   0x08001ff1   Thumb Code    14  handlers.o(i.__scatterload_zeroinit)
    __set_errno                              0x08002001   Thumb Code     6  errno.o(i.__set_errno)
    asin                                     0x080028e1   Thumb Code   572  asin.o(i.asin)
    atan                                     0x08002b51   Thumb Code   474  atan.o(i.atan)
    atan2                                    0x08002d71   Thumb Code   346  atan2.o(i.atan2)
    dmp_read_fifo                            0x08002ef1   Thumb Code   320  inv_mpu_dmp_motion_driver.o(i.dmp_read_fifo)
    fputc                                    0x08003035   Thumb Code    16  usart.o(i.fputc)
    main                                     0x08003049   Thumb Code    72  main.o(i.main)
    mget_ms                                  0x080030a5   Thumb Code     2  inv_mpu.o(i.mget_ms)
    mpu_dmp_get_data                         0x080030a9   Thumb Code   408  inv_mpu.o(i.mpu_dmp_get_data)
    mpu_read_fifo_stream                     0x08003245   Thumb Code   140  inv_mpu.o(i.mpu_read_fifo_stream)
    mpu_reset_fifo                           0x080032d5   Thumb Code   346  inv_mpu.o(i.mpu_reset_fifo)
    sqrt                                     0x08003435   Thumb Code    76  sqrt.o(i.sqrt)
    AHBPrescTable                            0x08003480   Data          16  system_stm32f1xx.o(.constdata)
    APBPrescTable                            0x08003490   Data           8  system_stm32f1xx.o(.constdata)
    reg                                      0x08003498   Data          27  inv_mpu.o(.constdata)
    hw                                       0x080034b4   Data          12  inv_mpu.o(.constdata)
    test                                     0x080034c0   Data          40  inv_mpu.o(.constdata)
    __mathlib_zero                           0x080035d0   Data           8  qnan.o(.constdata)
    Region$$Table$$Base                      0x080035d8   Number         0  anon$$obj.o(Region$$Table)
    Region$$Table$$Limit                     0x080035f8   Number         0  anon$$obj.o(Region$$Table)
    uwTickFreq                               0x20000000   Data           1  stm32f1xx_hal.o(.data)
    uwTickPrio                               0x20000004   Data           4  stm32f1xx_hal.o(.data)
    uwTick                                   0x20000008   Data           4  stm32f1xx_hal.o(.data)
    SystemCoreClock                          0x2000000c   Data           4  system_stm32f1xx.o(.data)
    Usart                                    0x20000014   Data          44  usart.o(.data)
    __stdout                                 0x20000040   Data           4  usart.o(.data)
    Usart1_Message_Buff                      0x20000084   Data        1024  usart.o(.bss)
    Usart2_Message_Buff                      0x20000484   Data        1024  usart.o(.bss)
    huart1                                   0x20000884   Data          64  usart.o(.bss)
    huart2                                   0x200008c4   Data          64  usart.o(.bss)
    Usart1_Rx_Buff                           0x20000904   Data        1024  usart.o(.bss)
    Usart1_Tx_Buff                           0x20000d04   Data        1024  usart.o(.bss)
    Usart2_Rx_Buff                           0x20001104   Data        1024  usart.o(.bss)
    Usart2_Tx_Buff                           0x20001504   Data        1024  usart.o(.bss)
    htim3                                    0x20001904   Data          72  tim.o(.bss)
    htim2                                    0x2000194c   Data          72  tim.o(.bss)
    __initial_sp                             0x20001da8   Data           0  startup_stm32f103xe.o(STACK)



==============================================================================

Memory Map of the image

  Image Entry point : 0x08000131

  Load Region LR_IROM1 (Base: 0x08000000, Size: 0x0000367c, Max: 0x00010000, ABSOLUTE)

    Execution Region ER_IROM1 (Exec base: 0x08000000, Load base: 0x08000000, Size: 0x000035f8, Max: 0x00010000, ABSOLUTE)

    Exec Addr    Load Addr    Size         Type   Attr      Idx    E Section Name        Object

    0x08000000   0x08000000   0x00000130   Data   RO            3    RESET               startup_stm32f103xe.o
    0x08000130   0x08000130   0x00000000   Code   RO         4108  * .ARM.Collect$$$$00000000  mc_w.l(entry.o)
    0x08000130   0x08000130   0x00000004   Code   RO         4457    .ARM.Collect$$$$00000001  mc_w.l(entry2.o)
    0x08000134   0x08000134   0x00000004   Code   RO         4460    .ARM.Collect$$$$00000004  mc_w.l(entry5.o)
    0x08000138   0x08000138   0x00000000   Code   RO         4462    .ARM.Collect$$$$00000008  mc_w.l(entry7b.o)
    0x08000138   0x08000138   0x00000000   Code   RO         4464    .ARM.Collect$$$$0000000A  mc_w.l(entry8b.o)
    0x08000138   0x08000138   0x00000008   Code   RO         4465    .ARM.Collect$$$$0000000B  mc_w.l(entry9a.o)
    0x08000140   0x08000140   0x00000000   Code   RO         4467    .ARM.Collect$$$$0000000D  mc_w.l(entry10a.o)
    0x08000140   0x08000140   0x00000000   Code   RO         4469    .ARM.Collect$$$$0000000F  mc_w.l(entry11a.o)
    0x08000140   0x08000140   0x00000004   Code   RO         4458    .ARM.Collect$$$$00002712  mc_w.l(entry2.o)
    0x08000144   0x08000144   0x00000024   Code   RO            4    .text               startup_stm32f103xe.o
    0x08000168   0x08000168   0x00000020   Code   RO         4113    .text               mc_w.l(llushr.o)
    0x08000188   0x08000188   0x00000024   Code   RO         4117    .text               mc_w.l(memseta.o)
    0x080001ac   0x080001ac   0x00000024   Code   RO         4121    .text               mc_w.l(strstr.o)
    0x080001d0   0x080001d0   0x0000000e   Code   RO         4123    .text               mc_w.l(strlen.o)
    0x080001de   0x080001de   0x000000b0   Code   RO         4392    .text               mf_w.l(fadd.o)
    0x0800028e   0x0800028e   0x00000064   Code   RO         4394    .text               mf_w.l(fmul.o)
    0x080002f2   0x080002f2   0x00000018   Code   RO         4398    .text               mf_w.l(fscalb.o)
    0x0800030a   0x0800030a   0x0000014e   Code   RO         4400    .text               mf_w.l(dadd.o)
    0x08000458   0x08000458   0x000000e4   Code   RO         4402    .text               mf_w.l(dmul.o)
    0x0800053c   0x0800053c   0x000000de   Code   RO         4404    .text               mf_w.l(ddiv.o)
    0x0800061a   0x0800061a   0x00000012   Code   RO         4406    .text               mf_w.l(fflti.o)
    0x0800062c   0x0800062c   0x00000026   Code   RO         4416    .text               mf_w.l(f2d.o)
    0x08000652   0x08000652   0x00000038   Code   RO         4418    .text               mf_w.l(d2f.o)
    0x0800068a   0x0800068a   0x0000002c   Code   RO         4471    .text               mc_w.l(uidiv.o)
    0x080006b6   0x080006b6   0x00000062   Code   RO         4473    .text               mc_w.l(uldiv.o)
    0x08000718   0x08000718   0x0000001e   Code   RO         4475    .text               mc_w.l(llshl.o)
    0x08000736   0x08000736   0x00000024   Code   RO         4477    .text               mc_w.l(llsshr.o)
    0x0800075a   0x0800075a   0x00000000   Code   RO         4486    .text               mc_w.l(iusefp.o)
    0x0800075a   0x0800075a   0x0000006e   Code   RO         4487    .text               mf_w.l(fepilogue.o)
    0x080007c8   0x080007c8   0x000000ba   Code   RO         4489    .text               mf_w.l(depilogue.o)
    0x08000882   0x08000882   0x0000002e   Code   RO         4491    .text               mf_w.l(dscalb.o)
    0x080008b0   0x080008b0   0x00000030   Code   RO         4493    .text               mf_w.l(dfixul.o)
    0x080008e0   0x080008e0   0x00000030   Code   RO         4495    .text               mf_w.l(cdrcmple.o)
    0x08000910   0x08000910   0x00000024   Code   RO         4497    .text               mc_w.l(init.o)
    0x08000934   0x08000934   0x000000a2   Code   RO         4499    .text               mf_w.l(dsqrt.o)
    0x080009d6   0x080009d6   0x00000002   Code   RO          165    i.BusFault_Handler  stm32f1xx_it.o
    0x080009d8   0x080009d8   0x00000002   Code   RO          166    i.DebugMon_Handler  stm32f1xx_it.o
    0x080009da   0x080009da   0x00000002   Code   RO          268    i.Error_Handler     sys.o
    0x080009dc   0x080009dc   0x000001f8   Code   RO         1097    i.HAL_GPIO_Init     stm32f1xx_hal_gpio.o
    0x08000bd4   0x08000bd4   0x0000000c   Code   RO          793    i.HAL_GetTick       stm32f1xx_hal.o
    0x08000be0   0x08000be0   0x00000010   Code   RO          799    i.HAL_IncTick       stm32f1xx_hal.o
    0x08000bf0   0x08000bf0   0x00000024   Code   RO          800    i.HAL_Init          stm32f1xx_hal.o
    0x08000c14   0x08000c14   0x00000040   Code   RO          801    i.HAL_InitTick      stm32f1xx_hal.o
    0x08000c54   0x08000c54   0x00000040   Code   RO          243    i.HAL_MspInit       stm32f1xx_hal_msp.o
    0x08000c94   0x08000c94   0x0000001a   Code   RO         1257    i.HAL_NVIC_EnableIRQ  stm32f1xx_hal_cortex.o
    0x08000cae   0x08000cae   0x00000002   PAD
    0x08000cb0   0x08000cb0   0x00000040   Code   RO         1263    i.HAL_NVIC_SetPriority  stm32f1xx_hal_cortex.o
    0x08000cf0   0x08000cf0   0x00000024   Code   RO         1264    i.HAL_NVIC_SetPriorityGrouping  stm32f1xx_hal_cortex.o
    0x08000d14   0x08000d14   0x0000012c   Code   RO          957    i.HAL_RCC_ClockConfig  stm32f1xx_hal_rcc.o
    0x08000e40   0x08000e40   0x00000020   Code   RO          964    i.HAL_RCC_GetPCLK1Freq  stm32f1xx_hal_rcc.o
    0x08000e60   0x08000e60   0x00000020   Code   RO          965    i.HAL_RCC_GetPCLK2Freq  stm32f1xx_hal_rcc.o
    0x08000e80   0x08000e80   0x0000006c   Code   RO          966    i.HAL_RCC_GetSysClockFreq  stm32f1xx_hal_rcc.o
    0x08000eec   0x08000eec   0x00000320   Code   RO          969    i.HAL_RCC_OscConfig  stm32f1xx_hal_rcc.o
    0x0800120c   0x0800120c   0x00000018   Code   RO         1266    i.HAL_SYSTICK_CLKSourceConfig  stm32f1xx_hal_cortex.o
    0x08001224   0x08001224   0x00000028   Code   RO         1268    i.HAL_SYSTICK_Config  stm32f1xx_hal_cortex.o
    0x0800124c   0x0800124c   0x00000002   Code   RO         2463    i.HAL_TIMEx_BreakCallback  stm32f1xx_hal_tim_ex.o
    0x0800124e   0x0800124e   0x00000002   Code   RO         2464    i.HAL_TIMEx_CommutCallback  stm32f1xx_hal_tim_ex.o
    0x08001250   0x08001250   0x00000002   Code   RO         1793    i.HAL_TIM_IC_CaptureCallback  stm32f1xx_hal_tim.o
    0x08001252   0x08001252   0x00000166   Code   RO         1807    i.HAL_TIM_IRQHandler  stm32f1xx_hal_tim.o
    0x080013b8   0x080013b8   0x00000002   Code   RO         1810    i.HAL_TIM_OC_DelayElapsedCallback  stm32f1xx_hal_tim.o
    0x080013ba   0x080013ba   0x00000002   Code   RO         1837    i.HAL_TIM_PWM_PulseFinishedCallback  stm32f1xx_hal_tim.o
    0x080013bc   0x080013bc   0x00000024   Code   RO         3216    i.HAL_TIM_PeriodElapsedCallback  tim.o
    0x080013e0   0x080013e0   0x00000002   Code   RO         1850    i.HAL_TIM_TriggerCallback  stm32f1xx_hal_tim.o
    0x080013e2   0x080013e2   0x00000062   Code   RO         2755    i.HAL_UART_Init     stm32f1xx_hal_uart.o
    0x08001444   0x08001444   0x000000d8   Code   RO         3090    i.HAL_UART_MspInit  usart.o
    0x0800151c   0x0800151c   0x00000006   Code   RO         3304    i.Hal_Delay_init    delay.o
    0x08001522   0x08001522   0x0000001a   Code   RO         3305    i.Hal_Delay_ms      delay.o
    0x0800153c   0x0800153c   0x00000034   Code   RO         3306    i.Hal_Delay_us      delay.o
    0x08001570   0x08001570   0x00000014   Code   RO         3091    i.Hal_SendData      usart.o
    0x08001584   0x08001584   0x0000001e   Code   RO         3092    i.Hal_SendString    usart.o
    0x080015a2   0x080015a2   0x00000002   PAD
    0x080015a4   0x080015a4   0x00000044   Code   RO         3093    i.Hal_USART1_UART_Init  usart.o
    0x080015e8   0x080015e8   0x00000044   Code   RO         3094    i.Hal_USART2_UART_Init  usart.o
    0x0800162c   0x0800162c   0x0000004c   Code   RO         3095    i.Hal_Usart1_Printf  usart.o
    0x08001678   0x08001678   0x0000004c   Code   RO         3096    i.Hal_Usart2_Printf  usart.o
    0x080016c4   0x080016c4   0x00000002   Code   RO          167    i.HardFault_Handler  stm32f1xx_it.o
    0x080016c6   0x080016c6   0x00000002   PAD
    0x080016c8   0x080016c8   0x00000040   Code   RO         4021    i.MPU_IIC_Ack       mpuiic.o
    0x08001708   0x08001708   0x00000048   Code   RO         4023    i.MPU_IIC_Init      mpuiic.o
    0x08001750   0x08001750   0x00000040   Code   RO         4024    i.MPU_IIC_NAck      mpuiic.o
    0x08001790   0x08001790   0x0000006c   Code   RO         4025    i.MPU_IIC_Read_Byte  mpuiic.o
    0x080017fc   0x080017fc   0x00000058   Code   RO         4026    i.MPU_IIC_Send_Byte  mpuiic.o
    0x08001854   0x08001854   0x00000040   Code   RO         4027    i.MPU_IIC_Start     mpuiic.o
    0x08001894   0x08001894   0x00000044   Code   RO         4028    i.MPU_IIC_Stop      mpuiic.o
    0x080018d8   0x080018d8   0x00000058   Code   RO         4029    i.MPU_IIC_Wait_Ack  mpuiic.o
    0x08001930   0x08001930   0x000000b8   Code   RO         3935    i.MPU_Init          mpu6050.o
    0x080019e8   0x080019e8   0x0000003a   Code   RO         3936    i.MPU_Read_Byte     mpu6050.o
    0x08001a22   0x08001a22   0x00000002   PAD
    0x08001a24   0x08001a24   0x0000006c   Code   RO         3937    i.MPU_Read_Len      mpu6050.o
    0x08001a90   0x08001a90   0x0000000a   Code   RO         3938    i.MPU_Set_Accel_Fsr  mpu6050.o
    0x08001a9a   0x08001a9a   0x0000000a   Code   RO         3939    i.MPU_Set_Gyro_Fsr  mpu6050.o
    0x08001aa4   0x08001aa4   0x00000030   Code   RO         3940    i.MPU_Set_LPF       mpu6050.o
    0x08001ad4   0x08001ad4   0x0000002e   Code   RO         3941    i.MPU_Set_Rate      mpu6050.o
    0x08001b02   0x08001b02   0x0000003c   Code   RO         3942    i.MPU_Write_Byte    mpu6050.o
    0x08001b3e   0x08001b3e   0x00000052   Code   RO         3943    i.MPU_Write_Len     mpu6050.o
    0x08001b90   0x08001b90   0x00000002   Code   RO          168    i.MemManage_Handler  stm32f1xx_it.o
    0x08001b92   0x08001b92   0x00000002   Code   RO          169    i.NMI_Handler       stm32f1xx_it.o
    0x08001b94   0x08001b94   0x00000002   Code   RO          170    i.PendSV_Handler    stm32f1xx_it.o
    0x08001b96   0x08001b96   0x00000002   Code   RO          171    i.SVC_Handler       stm32f1xx_it.o
    0x08001b98   0x08001b98   0x00000004   Code   RO          172    i.SysTick_Handler   stm32f1xx_it.o
    0x08001b9c   0x08001b9c   0x00000058   Code   RO          271    i.SystemClock_Config  sys.o
    0x08001bf4   0x08001bf4   0x00000002   Code   RO         3052    i.SystemInit        system_stm32f1xx.o
    0x08001bf6   0x08001bf6   0x00000002   PAD
    0x08001bf8   0x08001bf8   0x0000000c   Code   RO         3219    i.TIM2_IRQHandler   tim.o
    0x08001c04   0x08001c04   0x000000b8   Code   RO         2781    i.UART_SetConfig    stm32f1xx_hal_uart.o
    0x08001cbc   0x08001cbc   0x00000078   Code   RO         3097    i.USART1_IRQHandler  usart.o
    0x08001d34   0x08001d34   0x00000078   Code   RO         3098    i.USART2_IRQHandler  usart.o
    0x08001dac   0x08001dac   0x000000a4   Code   RO         3099    i.USER_UART_RxCpltCallback  usart.o
    0x08001e50   0x08001e50   0x00000002   Code   RO          173    i.UsageFault_Handler  stm32f1xx_it.o
    0x08001e52   0x08001e52   0x00000002   PAD
    0x08001e54   0x08001e54   0x00000020   Code   RO         4364    i.__0printf         mc_w.l(printfa.o)
    0x08001e74   0x08001e74   0x00000028   Code   RO         4366    i.__0sprintf        mc_w.l(printfa.o)
    0x08001e9c   0x08001e9c   0x0000002c   Code   RO         4369    i.__0vsnprintf      mc_w.l(printfa.o)
    0x08001ec8   0x08001ec8   0x00000028   Code   RO         4444    i.__ARM_fpclassify  m_ws.l(fpclassify.o)
    0x08001ef0   0x08001ef0   0x00000020   Code   RO         1270    i.__NVIC_SetPriority  stm32f1xx_hal_cortex.o
    0x08001f10   0x08001f10   0x000000aa   Code   RO         4446    i.__kernel_poly     m_ws.l(poly.o)
    0x08001fba   0x08001fba   0x00000006   Code   RO         4431    i.__mathlib_dbl_infnan  m_ws.l(dunder.o)
    0x08001fc0   0x08001fc0   0x00000004   Code   RO         4432    i.__mathlib_dbl_infnan2  m_ws.l(dunder.o)
    0x08001fc4   0x08001fc4   0x0000000c   Code   RO         4433    i.__mathlib_dbl_invalid  m_ws.l(dunder.o)
    0x08001fd0   0x08001fd0   0x00000010   Code   RO         4436    i.__mathlib_dbl_underflow  m_ws.l(dunder.o)
    0x08001fe0   0x08001fe0   0x0000000e   Code   RO         4505    i.__scatterload_copy  mc_w.l(handlers.o)
    0x08001fee   0x08001fee   0x00000002   Code   RO         4506    i.__scatterload_null  mc_w.l(handlers.o)
    0x08001ff0   0x08001ff0   0x0000000e   Code   RO         4507    i.__scatterload_zeroinit  mc_w.l(handlers.o)
    0x08001ffe   0x08001ffe   0x00000002   PAD
    0x08002000   0x08002000   0x0000000c   Code   RO         4481    i.__set_errno       mc_w.l(errno.o)
    0x0800200c   0x0800200c   0x00000184   Code   RO         4371    i._fp_digits        mc_w.l(printfa.o)
    0x08002190   0x08002190   0x000006dc   Code   RO         4372    i._printf_core      mc_w.l(printfa.o)
    0x0800286c   0x0800286c   0x00000024   Code   RO         4373    i._printf_post_padding  mc_w.l(printfa.o)
    0x08002890   0x08002890   0x0000002e   Code   RO         4374    i._printf_pre_padding  mc_w.l(printfa.o)
    0x080028be   0x080028be   0x00000016   Code   RO         4375    i._snputc           mc_w.l(printfa.o)
    0x080028d4   0x080028d4   0x0000000a   Code   RO         4376    i._sputc            mc_w.l(printfa.o)
    0x080028de   0x080028de   0x00000002   PAD
    0x080028e0   0x080028e0   0x00000270   Code   RO         4091    i.asin              m_ws.l(asin.o)
    0x08002b50   0x08002b50   0x00000220   Code   RO         4421    i.atan              m_ws.l(atan.o)
    0x08002d70   0x08002d70   0x00000180   Code   RO         4101    i.atan2             m_ws.l(atan2.o)
    0x08002ef0   0x08002ef0   0x00000144   Code   RO         3752    i.dmp_read_fifo     inv_mpu_dmp_motion_driver.o
    0x08003034   0x08003034   0x00000014   Code   RO         3101    i.fputc             usart.o
    0x08003048   0x08003048   0x0000005c   Code   RO           13    i.main              main.o
    0x080030a4   0x080030a4   0x00000002   Code   RO         3404    i.mget_ms           inv_mpu.o
    0x080030a6   0x080030a6   0x00000002   PAD
    0x080030a8   0x080030a8   0x0000019c   Code   RO         3406    i.mpu_dmp_get_data  inv_mpu.o
    0x08003244   0x08003244   0x00000090   Code   RO         3429    i.mpu_read_fifo_stream  inv_mpu.o
    0x080032d4   0x080032d4   0x00000160   Code   RO         3433    i.mpu_reset_fifo    inv_mpu.o
    0x08003434   0x08003434   0x0000004c   Code   RO         4450    i.sqrt              m_ws.l(sqrt.o)
    0x08003480   0x08003480   0x00000010   Data   RO         3053    .constdata          system_stm32f1xx.o
    0x08003490   0x08003490   0x00000008   Data   RO         3054    .constdata          system_stm32f1xx.o
    0x08003498   0x08003498   0x0000001b   Data   RO         3450    .constdata          inv_mpu.o
    0x080034b3   0x080034b3   0x00000001   PAD
    0x080034b4   0x080034b4   0x0000000c   Data   RO         3451    .constdata          inv_mpu.o
    0x080034c0   0x080034c0   0x00000028   Data   RO         3452    .constdata          inv_mpu.o
    0x080034e8   0x080034e8   0x00000050   Data   RO         4092    .constdata          m_ws.l(asin.o)
    0x08003538   0x08003538   0x00000098   Data   RO         4422    .constdata          m_ws.l(atan.o)
    0x080035d0   0x080035d0   0x00000008   Data   RO         4448    .constdata          m_ws.l(qnan.o)
    0x080035d8   0x080035d8   0x00000020   Data   RO         4503    Region$$Table       anon$$obj.o


    Execution Region RW_IRAM1 (Exec base: 0x20000000, Load base: 0x080035f8, Size: 0x00001da8, Max: 0x00005000, ABSOLUTE)

    Exec Addr    Load Addr    Size         Type   Attr      Idx    E Section Name        Object

    0x20000000   0x080035f8   0x0000000c   Data   RW          807    .data               stm32f1xx_hal.o
    0x2000000c   0x08003604   0x00000004   Data   RW         3055    .data               system_stm32f1xx.o
    0x20000010   0x08003608   0x00000030   Data   RW         3108    .data               usart.o
    0x20000040   0x08003638   0x00000004   Data   RW         3109    .data               usart.o
    0x20000044   0x0800363c   0x00000004   Data   RW         3307    .data               delay.o
    0x20000048   0x08003640   0x00000035   Data   RW         3454    .data               inv_mpu.o
    0x2000007d   0x08003675   0x00000003   PAD
    0x20000080   0x08003678   0x00000004   Data   RW         4482    .data               mc_w.l(errno.o)
    0x20000084        -       0x00000880   Zero   RW         3102    .bss                usart.o
    0x20000904        -       0x00000400   Zero   RW         3103    .bss                usart.o
    0x20000d04        -       0x00000400   Zero   RW         3104    .bss                usart.o
    0x20001104        -       0x00000400   Zero   RW         3105    .bss                usart.o
    0x20001504        -       0x00000400   Zero   RW         3106    .bss                usart.o
    0x20001904        -       0x00000090   Zero   RW         3221    .bss                tim.o
    0x20001994        -       0x00000010   Zero   RW         3770    .bss                inv_mpu_dmp_motion_driver.o
    0x200019a4   0x0800367c   0x00000004   PAD
    0x200019a8        -       0x00000400   Zero   RW            1    STACK               startup_stm32f103xe.o


==============================================================================

Image component sizes


      Code (inc. data)   RO Data    RW Data    ZI Data      Debug   Object Name

        84          4          0          4          0       1755   delay.o
       910         14         79         53          0       7920   inv_mpu.o
       324          4          0          0         16       7495   inv_mpu_dmp_motion_driver.o
        92         20          0          0          0     486627   main.o
       606         12          0          0          0       5981   mpu6050.o
       616         72          0          0          0       5058   mpuiic.o
        36          8        304          0       1024        812   startup_stm32f103xe.o
       128         24          0         12          0       5969   stm32f1xx_hal.o
       222         14          0          0          0      29613   stm32f1xx_hal_cortex.o
       504         42          0          0          0       2296   stm32f1xx_hal_gpio.o
        64         10          0          0          0        862   stm32f1xx_hal_msp.o
      1272        100          0          0          0       5252   stm32f1xx_hal_rcc.o
       366          0          0          0          0       4472   stm32f1xx_hal_tim.o
         4          0          0          0          0       1577   stm32f1xx_hal_tim_ex.o
       282          6          0          0          0       1940   stm32f1xx_hal_uart.o
        20          0          0          0          0       3878   stm32f1xx_it.o
        90          0          0          0          0       1309   sys.o
         2          0         24          4          0       1123   system_stm32f1xx.o
        48         12          0          0        144       1428   tim.o
       978        116          0         52       6272      10245   usart.o

    ----------------------------------------------------------------------
      6662        458        440        128       7460     585612   Object Totals
         0          0         32          0          0          0   (incl. Generated)
        14          0          1          3          4          0   (incl. Padding)

    ----------------------------------------------------------------------

      Code (inc. data)   RO Data    RW Data    ZI Data      Debug   Library Member Name

       624         52         80          0          0        168   asin.o
       544         70        152          0          0        124   atan.o
       384         38          0          0          0        144   atan2.o
        38          6          0          0          0        272   dunder.o
        40          0          0          0          0         68   fpclassify.o
       170          0          0          0          0         96   poly.o
         0          0          8          0          0          0   qnan.o
        76          0          0          0          0         84   sqrt.o
         0          0          0          0          0          0   entry.o
         0          0          0          0          0          0   entry10a.o
         0          0          0          0          0          0   entry11a.o
         8          4          0          0          0          0   entry2.o
         4          0          0          0          0          0   entry5.o
         0          0          0          0          0          0   entry7b.o
         0          0          0          0          0          0   entry8b.o
         8          4          0          0          0          0   entry9a.o
        12          6          0          4          0         68   errno.o
        30          0          0          0          0          0   handlers.o
        36          8          0          0          0         68   init.o
         0          0          0          0          0          0   iusefp.o
        30          0          0          0          0         68   llshl.o
        36          0          0          0          0         68   llsshr.o
        32          0          0          0          0         68   llushr.o
        36          0          0          0          0        108   memseta.o
      2374        100          0          0          0        752   printfa.o
        14          0          0          0          0         68   strlen.o
        36          0          0          0          0         80   strstr.o
        44          0          0          0          0         80   uidiv.o
        98          0          0          0          0         92   uldiv.o
        48          0          0          0          0         68   cdrcmple.o
        56          0          0          0          0         88   d2f.o
       334          0          0          0          0        148   dadd.o
       222          0          0          0          0        100   ddiv.o
       186          0          0          0          0        176   depilogue.o
        48          0          0          0          0         68   dfixul.o
       228          0          0          0          0         96   dmul.o
        46          0          0          0          0         80   dscalb.o
       162          0          0          0          0        100   dsqrt.o
        38          0          0          0          0         68   f2d.o
       176          0          0          0          0        140   fadd.o
       110          0          0          0          0        168   fepilogue.o
        18          0          0          0          0         68   fflti.o
       100          0          0          0          0         76   fmul.o
        24          0          0          0          0         68   fscalb.o

    ----------------------------------------------------------------------
      6474        288        240          4          0       3988   Library Totals
         4          0          0          0          0          0   (incl. Padding)

    ----------------------------------------------------------------------

      Code (inc. data)   RO Data    RW Data    ZI Data      Debug   Library Name

      1876        166        240          0          0        956   m_ws.l
      2798        122          0          4          0       1520   mc_w.l
      1796          0          0          0          0       1512   mf_w.l

    ----------------------------------------------------------------------
      6474        288        240          4          0       3988   Library Totals

    ----------------------------------------------------------------------

==============================================================================


      Code (inc. data)   RO Data    RW Data    ZI Data      Debug   

     13136        746        680        132       7460     583720   Grand Totals
     13136        746        680        132       7460     583720   ELF Image Totals
     13136        746        680        132          0          0   ROM Totals

==============================================================================

    Total RO  Size (Code + RO Data)                13816 (  13.49kB)
    Total RW  Size (RW Data + ZI Data)              7592 (   7.41kB)
    Total ROM Size (Code + RO Data + RW Data)      13948 (  13.62kB)

==============================================================================

